Archive member included to satisfy reference by file (symbol)

c:/embitz/1.11/share/em_armgcc/bin/../lib/gcc/arm-none-eabi/5.4.1/armv7e-m/fpu\libgcc.a(_arm_addsubdf3.o)
                              obj\debug\libs\nnxt\src\nnxt_misc.o (__aeabi_dsub)
c:/embitz/1.11/share/em_armgcc/bin/../lib/gcc/arm-none-eabi/5.4.1/armv7e-m/fpu\libgcc.a(_arm_muldivdf3.o)
                              obj\debug\libs\nnxt\src\nnxt_misc.o (__aeabi_dmul)
c:/embitz/1.11/share/em_armgcc/bin/../lib/gcc/arm-none-eabi/5.4.1/armv7e-m/fpu\libgcc.a(_arm_fixdfsi.o)
                              obj\debug\libs\nnxt\src\nnxt_misc.o (__aeabi_d2iz)
c:/embitz/1.11/share/em_armgcc/bin/../lib/gcc/arm-none-eabi/5.4.1/../../../../arm-none-eabi/lib/armv7e-m/fpu\libg_n.a(lib_a-exit.o)
                              c:/embitz/1.11/share/em_armgcc/bin/../lib/gcc/arm-none-eabi/5.4.1/../../../../arm-none-eabi/lib/armv7e-m/fpu/crt0.o (exit)
c:/embitz/1.11/share/em_armgcc/bin/../lib/gcc/arm-none-eabi/5.4.1/../../../../arm-none-eabi/lib/armv7e-m/fpu\libg_n.a(lib_a-impure.o)
                              c:/embitz/1.11/share/em_armgcc/bin/../lib/gcc/arm-none-eabi/5.4.1/../../../../arm-none-eabi/lib/armv7e-m/fpu\libg_n.a(lib_a-exit.o) (_global_impure_ptr)
c:/embitz/1.11/share/em_armgcc/bin/../lib/gcc/arm-none-eabi/5.4.1/../../../../arm-none-eabi/lib/armv7e-m/fpu\libg_n.a(lib_a-init.o)
                              c:/embitz/1.11/share/em_armgcc/bin/../lib/gcc/arm-none-eabi/5.4.1/../../../../arm-none-eabi/lib/armv7e-m/fpu/crt0.o (__libc_init_array)
c:/embitz/1.11/share/em_armgcc/bin/../lib/gcc/arm-none-eabi/5.4.1/../../../../arm-none-eabi/lib/armv7e-m/fpu\libg_n.a(lib_a-memcpy-stub.o)
                              obj\debug\libs\freertos\source\queue.o (memcpy)
c:/embitz/1.11/share/em_armgcc/bin/../lib/gcc/arm-none-eabi/5.4.1/../../../../arm-none-eabi/lib/armv7e-m/fpu\libg_n.a(lib_a-memset.o)
                              c:/embitz/1.11/share/em_armgcc/bin/../lib/gcc/arm-none-eabi/5.4.1/../../../../arm-none-eabi/lib/armv7e-m/fpu/crt0.o (memset)
c:/embitz/1.11/share/em_armgcc/bin/../lib/gcc/arm-none-eabi/5.4.1/../../../../arm-none-eabi/lib/armv7e-m/fpu\libg_n.a(lib_a-printf.o)
                              obj\debug\main.o (printf)
c:/embitz/1.11/share/em_armgcc/bin/../lib/gcc/arm-none-eabi/5.4.1/../../../../arm-none-eabi/lib/armv7e-m/fpu\libg_n.a(lib_a-sprintf.o)
                              obj\debug\libs\nnxt\src\nnxt_misc.o (sprintf)
c:/embitz/1.11/share/em_armgcc/bin/../lib/gcc/arm-none-eabi/5.4.1/../../../../arm-none-eabi/lib/armv7e-m/fpu\libg_n.a(lib_a-findfp.o)
                              c:/embitz/1.11/share/em_armgcc/bin/../lib/gcc/arm-none-eabi/5.4.1/../../../../arm-none-eabi/lib/armv7e-m/fpu\libg_n.a(lib_a-printf.o) (__sinit)
c:/embitz/1.11/share/em_armgcc/bin/../lib/gcc/arm-none-eabi/5.4.1/../../../../arm-none-eabi/lib/armv7e-m/fpu\libg_n.a(lib_a-fwalk.o)
                              c:/embitz/1.11/share/em_armgcc/bin/../lib/gcc/arm-none-eabi/5.4.1/../../../../arm-none-eabi/lib/armv7e-m/fpu\libg_n.a(lib_a-findfp.o) (_fwalk)
c:/embitz/1.11/share/em_armgcc/bin/../lib/gcc/arm-none-eabi/5.4.1/../../../../arm-none-eabi/lib/armv7e-m/fpu\libg_n.a(lib_a-nano-mallocr.o)
                              c:/embitz/1.11/share/em_armgcc/bin/../lib/gcc/arm-none-eabi/5.4.1/../../../../arm-none-eabi/lib/armv7e-m/fpu\libg_n.a(lib_a-findfp.o) (_malloc_r)
c:/embitz/1.11/share/em_armgcc/bin/../lib/gcc/arm-none-eabi/5.4.1/../../../../arm-none-eabi/lib/armv7e-m/fpu\libg_n.a(lib_a-nano-svfprintf.o)
                              c:/embitz/1.11/share/em_armgcc/bin/../lib/gcc/arm-none-eabi/5.4.1/../../../../arm-none-eabi/lib/armv7e-m/fpu\libg_n.a(lib_a-sprintf.o) (_svfprintf_r)
c:/embitz/1.11/share/em_armgcc/bin/../lib/gcc/arm-none-eabi/5.4.1/../../../../arm-none-eabi/lib/armv7e-m/fpu\libg_n.a(lib_a-nano-vfprintf.o)
                              c:/embitz/1.11/share/em_armgcc/bin/../lib/gcc/arm-none-eabi/5.4.1/../../../../arm-none-eabi/lib/armv7e-m/fpu\libg_n.a(lib_a-printf.o) (_vfprintf_r)
c:/embitz/1.11/share/em_armgcc/bin/../lib/gcc/arm-none-eabi/5.4.1/../../../../arm-none-eabi/lib/armv7e-m/fpu\libg_n.a(lib_a-nano-vfprintf_i.o)
                              c:/embitz/1.11/share/em_armgcc/bin/../lib/gcc/arm-none-eabi/5.4.1/../../../../arm-none-eabi/lib/armv7e-m/fpu\libg_n.a(lib_a-nano-svfprintf.o) (_printf_i)
c:/embitz/1.11/share/em_armgcc/bin/../lib/gcc/arm-none-eabi/5.4.1/../../../../arm-none-eabi/lib/armv7e-m/fpu\libg_n.a(lib_a-sbrkr.o)
                              c:/embitz/1.11/share/em_armgcc/bin/../lib/gcc/arm-none-eabi/5.4.1/../../../../arm-none-eabi/lib/armv7e-m/fpu\libg_n.a(lib_a-nano-mallocr.o) (_sbrk_r)
c:/embitz/1.11/share/em_armgcc/bin/../lib/gcc/arm-none-eabi/5.4.1/../../../../arm-none-eabi/lib/armv7e-m/fpu\libg_n.a(lib_a-stdio.o)
                              c:/embitz/1.11/share/em_armgcc/bin/../lib/gcc/arm-none-eabi/5.4.1/../../../../arm-none-eabi/lib/armv7e-m/fpu\libg_n.a(lib_a-findfp.o) (__sread)
[...]
Memory Configuration

Name             Origin             Length             Attributes
ROM              0x08000000         0x00100000         xr
RAM              0x20000000         0x00020000         xrw
CCRAM            0x10000000         0x00010000         xrw
*default*        0x00000000         0xffffffff

Linker script and memory map

LOAD c:/embitz/1.11/share/em_armgcc/bin/../lib/gcc/arm-none-eabi/5.4.1/armv7e-m/fpu/crti.o
LOAD c:/embitz/1.11/share/em_armgcc/bin/../lib/gcc/arm-none-eabi/5.4.1/armv7e-m/fpu/crtbegin.o
LOAD c:/embitz/1.11/share/em_armgcc/bin/../lib/gcc/arm-none-eabi/5.4.1/../../../../arm-none-eabi/lib/armv7e-m/fpu/crt0.o
                0x00000000                __HEAP_SIZE = 0x0
                0x00000100                __STACK_SIZE = 0x100

.text           0x08000000     0x8818
 *(.isr_vector)
 .isr_vector    0x08000000      0x188 obj\debug\libs\stm32 board\src\startup_stm32f4xx.o
                0x08000000                __isr_vector
 *(.text*)
 .text          0x08000188       0x5c c:/embitz/1.11/share/em_armgcc/bin/../lib/gcc/arm-none-eabi/5.4.1/armv7e-m/fpu/crtbegin.o
 .text.st7735_Init
                0x080001e4      0x288 obj\debug\libs\display\src\st7735.o
                0x080001e4                st7735_Init
 .text.st7735_DisplayOn
                0x0800046c       0x40 obj\debug\libs\display\src\st7735.o
                0x0800046c                st7735_DisplayOn
 .text.st7735_DisplayOff
                0x080004ac       0x40 obj\debug\libs\display\src\st7735.o
                0x080004ac                st7735_DisplayOff
 .text.st7735_SetCursor
                0x080004ec       0x80 obj\debug\libs\display\src\st7735.o
                0x080004ec                st7735_SetCursor
 .text.st7735_WritePixel
                0x0800056c       0x70 obj\debug\libs\display\src\st7735.o
                0x0800056c                st7735_WritePixel
 .text.st7735_WriteReg
                0x080005dc       0x2c obj\debug\libs\display\src\st7735.o
                0x080005dc                st7735_WriteReg
 .text.st7735_SetDisplayWindow
                0x08000608       0xfc obj\debug\libs\display\src\st7735.o
                0x08000608                st7735_SetDisplayWindow
 .text.st7735_DrawHLine
                0x08000704       0x68 obj\debug\libs\display\src\st7735.o
                0x08000704                st7735_DrawHLine
 .text.st7735_DrawVLine
                0x0800076c       0x6c obj\debug\libs\display\src\st7735.o
                0x0800076c                st7735_DrawVLine
 .text.st7735_GetLcdPixelWidth
                0x080007d8       0x18 obj\debug\libs\display\src\st7735.o
                0x080007d8                st7735_GetLcdPixelWidth
 .text.st7735_GetLcdPixelHeight
                0x080007f0       0x18 obj\debug\libs\display\src\st7735.o
                0x080007f0                st7735_GetLcdPixelHeight
 .text.st7735_DrawBitmap
                0x08000808       0xd4 obj\debug\libs\display\src\st7735.o
                0x08000808                st7735_DrawBitmap
 .text.st7735_Rotate
                0x080008dc       0xa0 obj\debug\libs\display\src\st7735.o
                0x080008dc                st7735_Rotate
 .text.st7735_Invert
                0x0800097c       0x24 obj\debug\libs\display\src\st7735.o
                0x0800097c                st7735_Invert
 .text.NNXT_LCD_INIT
                0x080009a0       0x5c obj\debug\libs\display\src\stm32_adafruit_lcd.o
                0x080009a0                NNXT_LCD_INIT
 .text.NNXT_LCD_GetXSize
                0x080009fc       0x18 obj\debug\libs\display\src\stm32_adafruit_lcd.o
                0x080009fc                NNXT_LCD_GetXSize
 .text.NNXT_LCD_GetYSize
                0x08000a14       0x18 obj\debug\libs\display\src\stm32_adafruit_lcd.o
                0x08000a14                NNXT_LCD_GetYSize
 .text.NNXT_LCD_SetFrontColor
                0x08000a2c       0x20 obj\debug\libs\display\src\stm32_adafruit_lcd.o
                0x08000a2c                NNXT_LCD_SetFrontColor
 .text.NNXT_LCD_SetFont
                0x08000a4c       0x20 obj\debug\libs\display\src\stm32_adafruit_lcd.o
                0x08000a4c                NNXT_LCD_SetFont
 .text.NNXT_LCD_Clear
                0x08000a6c       0x50 obj\debug\libs\display\src\stm32_adafruit_lcd.o
                0x08000a6c                NNXT_LCD_Clear
 .text.NNXT_LCD_DisplayChar
                0x08000abc       0x54 obj\debug\libs\display\src\stm32_adafruit_lcd.o
                0x08000abc                NNXT_LCD_DisplayChar
 .text.NNXT_LCD_DisplayStringAt
                0x08000b10      0x114 obj\debug\libs\display\src\stm32_adafruit_lcd.o
                0x08000b10                NNXT_LCD_DisplayStringAt
 .text.NNXT_LCD_DrawPixel
                0x08000c24       0x38 obj\debug\libs\display\src\stm32_adafruit_lcd.o
                0x08000c24                NNXT_LCD_DrawPixel
 .text.NNXT_LCD_DrawHLine
                0x08000c5c       0x74 obj\debug\libs\display\src\stm32_adafruit_lcd.o
                0x08000c5c                NNXT_LCD_DrawHLine
 .text.NNXT_LCD_DrawBitmap
                0x08000cd0       0xbc obj\debug\libs\display\src\stm32_adafruit_lcd.o
                0x08000cd0                NNXT_LCD_DrawBitmap
 .text.NNXT_LCD_FillRect
                0x08000d8c       0x50 obj\debug\libs\display\src\stm32_adafruit_lcd.o
                0x08000d8c                NNXT_LCD_FillRect
 .text.DrawChar
                0x08000ddc      0x1e4 obj\debug\libs\display\src\stm32_adafruit_lcd.o
 .text.SetDisplayWindow
                0x08000fc0       0x44 obj\debug\libs\display\src\stm32_adafruit_lcd.o
 .text.NNXT_LCD_Rotate
                0x08001004       0x24 obj\debug\libs\display\src\stm32_adafruit_lcd.o
                0x08001004                NNXT_LCD_Rotate
 .text.NNXT_LCD_CalcColor
                0x08001028       0x4c obj\debug\libs\display\src\stm32_adafruit_lcd.o
                0x08001028                NNXT_LCD_CalcColor
 .text.vListInsertEnd
                0x08001074       0x48 obj\debug\libs\freertos\source\list.o
                0x08001074                vListInsertEnd
 .text.vListInsert
                0x080010bc       0x74 obj\debug\libs\freertos\source\list.o
                0x080010bc                vListInsert
 .text.uxListRemove
                0x08001130       0x54 obj\debug\libs\freertos\source\list.o
                0x08001130                uxListRemove
 *fill*         0x08001184        0xc 
 .text.SVC_Handler
                0x08001190       0x28 obj\debug\libs\freertos\source\portable\port.o
                0x08001190                SVC_Handler
 .text.vPortEnterCritical
                0x080011b8       0x5c obj\debug\libs\freertos\source\portable\port.o
                0x080011b8                vPortEnterCritical
 .text.vPortExitCritical
                0x08001214       0x50 obj\debug\libs\freertos\source\portable\port.o
                0x08001214                vPortExitCritical
 *fill*         0x08001264        0xc 
 .text.PendSV_Handler
                0x08001270       0x68 obj\debug\libs\freertos\source\portable\port.o
                0x08001270                PendSV_Handler
 .text.SysTick_Handler
                0x080012d8       0x40 obj\debug\libs\freertos\source\portable\port.o
                0x080012d8                SysTick_Handler
 .text.vPortValidateInterruptPriority
                0x08001318       0x7c obj\debug\libs\freertos\source\portable\port.o
                0x08001318                vPortValidateInterruptPriority
 .text.vTaskDelay
                0x08001394       0x68 obj\debug\libs\freertos\source\tasks.o
                0x08001394                vTaskDelay
 .text.vTaskSuspend
                0x080013fc      0x110 obj\debug\libs\freertos\source\tasks.o
                0x080013fc                vTaskSuspend
 .text.vTaskSuspendAll
                0x0800150c       0x1c obj\debug\libs\freertos\source\tasks.o
                0x0800150c                vTaskSuspendAll
 .text.xTaskResumeAll
                0x08001528      0x138 obj\debug\libs\freertos\source\tasks.o
                0x08001528                xTaskResumeAll
 .text.xTaskIncrementTick
                0x08001660      0x178 obj\debug\libs\freertos\source\tasks.o
                0x08001660                xTaskIncrementTick
 .text.vTaskSwitchContext
                0x080017d8       0xb4 obj\debug\libs\freertos\source\tasks.o
                0x080017d8                vTaskSwitchContext
 .text.prvResetNextTaskUnblockTime
                0x0800188c       0x4c obj\debug\libs\freertos\source\tasks.o
 .text.xTaskGenericNotifyFromISR
                0x080018d8      0x18c obj\debug\libs\freertos\source\tasks.o
                0x080018d8                xTaskGenericNotifyFromISR
 .text.prvAddCurrentTaskToDelayedList
                0x08001a64       0xcc obj\debug\libs\freertos\source\tasks.o
 .text.EM_I2C1_Init
                0x08001b30       0xa4 obj\debug\libs\hal\src\em_i2c.o
                0x08001b30                EM_I2C1_Init
 .text.EM_I2C2_Init
                0x08001bd4       0xa4 obj\debug\libs\hal\src\em_i2c.o
                0x08001bd4                EM_I2C2_Init
 .text.NVIC_SystemReset
                0x08001c78       0x28 obj\debug\libs\hal\src\em_interrupts.o
 .text.NMI_Handler
                0x08001ca0       0x10 obj\debug\libs\hal\src\em_interrupts.o
                0x08001ca0                NMI_Handler
 .text.HardFault_Handler
                0x08001cb0        0x8 obj\debug\libs\hal\src\em_interrupts.o
                0x08001cb0                HardFault_Handler
 .text.MemManage_Handler
                0x08001cb8        0x8 obj\debug\libs\hal\src\em_interrupts.o
                0x08001cb8                MemManage_Handler
 .text.BusFault_Handler
                0x08001cc0        0x8 obj\debug\libs\hal\src\em_interrupts.o
                0x08001cc0                BusFault_Handler
 .text.UsageFault_Handler
                0x08001cc8        0x8 obj\debug\libs\hal\src\em_interrupts.o
                0x08001cc8                UsageFault_Handler
 .text.DebugMon_Handler
                0x08001cd0       0x10 obj\debug\libs\hal\src\em_interrupts.o
                0x08001cd0                DebugMon_Handler
 .text.EXTI0_IRQHandler
                0x08001ce0       0x44 obj\debug\libs\hal\src\em_interrupts.o
                0x08001ce0                EXTI0_IRQHandler
 .text.EXTI1_IRQHandler
                0x08001d24       0x10 obj\debug\libs\hal\src\em_interrupts.o
                0x08001d24                EXTI1_IRQHandler
 .text.EXTI2_IRQHandler
                0x08001d34       0x58 obj\debug\libs\hal\src\em_interrupts.o
                0x08001d34                EXTI2_IRQHandler
 .text.EXTI15_10_IRQHandler
                0x08001d8c      0x10c obj\debug\libs\hal\src\em_interrupts.o
                0x08001d8c                EXTI15_10_IRQHandler
 .text.EXTI9_5_IRQHandler
                0x08001e98       0xac obj\debug\libs\hal\src\em_interrupts.o
                0x08001e98                EXTI9_5_IRQHandler
 .text.WriteCommand
                0x08001f44       0x34 obj\debug\libs\nnxt\src\nnxt_display_glue.o
 .text.WriteData8
                0x08001f78       0x34 obj\debug\libs\nnxt\src\nnxt_display_glue.o
 .text.WriteData16
                0x08001fac       0x34 obj\debug\libs\nnxt\src\nnxt_display_glue.o
 .text.LCD_IO_Init
                0x08001fe0      0x158 obj\debug\libs\nnxt\src\nnxt_display_glue.o
                0x08001fe0                LCD_IO_Init
 .text.LCD_IO_WriteMultipleData8
                0x08002138       0x1c obj\debug\libs\nnxt\src\nnxt_display_glue.o
                0x08002138                LCD_IO_WriteMultipleData8
 .text.LCD_IO_WriteMultipleData16
                0x08002154       0x1c obj\debug\libs\nnxt\src\nnxt_display_glue.o
                0x08002154                LCD_IO_WriteMultipleData16
 .text.LCD_IO_WriteReg
                0x08002170       0x1c obj\debug\libs\nnxt\src\nnxt_display_glue.o
                0x08002170                LCD_IO_WriteReg
 .text.LCD_Delay
                0x0800218c       0x64 obj\debug\libs\nnxt\src\nnxt_display_glue.o
                0x0800218c                LCD_Delay
 .text.InitFloatAvg
                0x080021f0       0x3c obj\debug\libs\nnxt\src\nnxt_filter.o
                0x080021f0                InitFloatAvg
 .text.nnxt_I2C_Init
                0x0800222c       0x10 obj\debug\libs\nnxt\src\nnxt_i2c.o
                0x0800222c                nnxt_I2C_Init
 .text.NVIC_SystemReset
                0x0800223c       0x28 obj\debug\libs\nnxt\src\nnxt_misc.o
 .text.SystemSoftwareReset
                0x08002264        0xc obj\debug\libs\nnxt\src\nnxt_misc.o
                0x08002264                SystemSoftwareReset
 .text.DisplayResetButton
                0x08002270      0x16c obj\debug\libs\nnxt\src\nnxt_misc.o
                0x08002270                DisplayResetButton
 .text.SoftwareStop
                0x080023dc       0x94 obj\debug\libs\nnxt\src\nnxt_misc.o
                0x080023dc                SoftwareStop
 .text.NVIC_DisableIRQ
                0x08002470       0x34 obj\debug\libs\nnxt\src\nnxt_motors.o
 .text.MotorPortInit
                0x080024a4      0x420 obj\debug\libs\nnxt\src\nnxt_motors.o
                0x080024a4                MotorPortInit
 .text.Motor_Stop
                0x080028c4      0x128 obj\debug\libs\nnxt\src\nnxt_motors.o
                0x080028c4                Motor_Stop
 .text.OnBoardPeriph_LED_Init
                0x080029ec       0x98 obj\debug\libs\nnxt\src\nnxt_onboardperiph.o
                0x080029ec                OnBoardPeriph_LED_Init
 .text.OnBoardPeriph_Button_Init
                0x08002a84       0xf0 obj\debug\libs\nnxt\src\nnxt_onboardperiph.o
                0x08002a84                OnBoardPeriph_Button_Init
 .text.OnBoardPeriph_Button_GetState
                0x08002b74       0x50 obj\debug\libs\nnxt\src\nnxt_onboardperiph.o
                0x08002b74                OnBoardPeriph_Button_GetState
 .text.OnBoardPeriph_Button_ConnectFunction
                0x08002bc4       0x58 obj\debug\libs\nnxt\src\nnxt_onboardperiph.o
                0x08002bc4                OnBoardPeriph_Button_ConnectFunction
 .text.OnBoardPeriph_I2CMux_Init
                0x08002c1c       0x3c obj\debug\libs\nnxt\src\nnxt_onboardperiph.o
                0x08002c1c                OnBoardPeriph_I2CMux_Init
 .text.OnBoardPeriph_I2CMux_Reset
                0x08002c58       0xd0 obj\debug\libs\nnxt\src\nnxt_onboardperiph.o
                0x08002c58                OnBoardPeriph_I2CMux_Reset
 .text.OnBoardPeriph_Beep_Init
                0x08002d28       0xd0 obj\debug\libs\nnxt\src\nnxt_onboardperiph.o
                0x08002d28                OnBoardPeriph_Beep_Init
 .text.OnBoardPeriph_BeepCMD
                0x08002df8       0x20 obj\debug\libs\nnxt\src\nnxt_onboardperiph.o
                0x08002df8                OnBoardPeriph_BeepCMD
 .text.MakePreOSSysTick
                0x08002e18       0x1c obj\debug\libs\nnxt\src\nnxt_os_glue.o
                0x08002e18                MakePreOSSysTick
 .text.SDCard_Init
                0x08002e34       0x84 obj\debug\libs\nnxt\src\nnxt_sdcard_glue.o
                0x08002e34                SDCard_Init
 .text.TIM2_IRQHandler
                0x08002eb8       0x78 obj\debug\libs\nnxt\src\nnxt_sdcard_glue.o
                0x08002eb8                TIM2_IRQHandler
 .text.SensorPortInit
                0x08002f30      0x23c obj\debug\libs\nnxt\src\nnxt_sensors.o
                0x08002f30                SensorPortInit
 .text.SensorADCs_Init
                0x0800316c       0xfc obj\debug\libs\nnxt\src\nnxt_sensors.o
                0x0800316c                SensorADCs_Init
 .text.NVIC_SetPriority
                0x08003268       0x54 obj\debug\libs\nnxt\src\nnxt_startup.o
 .text.SysTick_Config
                0x080032bc       0x44 obj\debug\libs\nnxt\src\nnxt_startup.o
 .text.donothing
                0x08003300       0x10 obj\debug\libs\nnxt\src\nnxt_startup.o
                0x08003300                donothing
 .text.Startup_NNXT
                0x08003310      0x364 obj\debug\libs\nnxt\src\nnxt_startup.o
                0x08003310                Startup_NNXT
 .text.DisplayStartButton
                0x08003674      0x160 obj\debug\libs\nnxt\src\nnxt_startup.o
                0x08003674                DisplayStartButton
 .text.SPI_Flush
                0x080037d4       0x30 obj\debug\libs\spi\src\spidevice.o
 .text.SPI1_ClearOVR
                0x08003804       0x14 obj\debug\libs\spi\src\spidevice.o
 .text.SPI_Startup_Init
                0x08003818       0xbc obj\debug\libs\spi\src\spidevice.o
                0x08003818                SPI_Startup_Init
 .text.ChangeSettings
                0x080038d4       0x74 obj\debug\libs\spi\src\spidevice.o
                0x080038d4                ChangeSettings
 .text.SPI_Write8
                0x08003948       0xb8 obj\debug\libs\spi\src\spidevice.o
                0x08003948                SPI_Write8
 .text.SPI_Write16
                0x08003a00       0xb8 obj\debug\libs\spi\src\spidevice.o
                0x08003a00                SPI_Write16
 .text.SPI_ReadWrite8
                0x08003ab8       0xf8 obj\debug\libs\spi\src\spidevice.o
                0x08003ab8                SPI_ReadWrite8
 .text.SetChipSelect
                0x08003bb0       0x60 obj\debug\libs\spi\src\spidevice.o
                0x08003bb0                SetChipSelect
 .text.ResetChipSelect
                0x08003c10       0x60 obj\debug\libs\spi\src\spidevice.o
                0x08003c10                ResetChipSelect
 .text.NVIC_PriorityGroupConfig
                0x08003c70       0x28 obj\debug\libs\stm32 board\spl\src\misc.o
                0x08003c70                NVIC_PriorityGroupConfig
 .text.NVIC_Init
                0x08003c98       0xc4 obj\debug\libs\stm32 board\spl\src\misc.o
                0x08003c98                NVIC_Init
 .text.ADC_Init
                0x08003d5c       0xac obj\debug\libs\stm32 board\spl\src\stm32f4xx_adc.o
                0x08003d5c                ADC_Init
 .text.ADC_CommonInit
                0x08003e08       0x50 obj\debug\libs\stm32 board\spl\src\stm32f4xx_adc.o
                0x08003e08                ADC_CommonInit
 .text.ADC_Cmd  0x08003e58       0x38 obj\debug\libs\stm32 board\spl\src\stm32f4xx_adc.o
                0x08003e58                ADC_Cmd
 .text.ADC_RegularChannelConfig
                0x08003e90      0x194 obj\debug\libs\stm32 board\spl\src\stm32f4xx_adc.o
                0x08003e90                ADC_RegularChannelConfig
 .text.ADC_SoftwareStartConv
                0x08004024       0x20 obj\debug\libs\stm32 board\spl\src\stm32f4xx_adc.o
                0x08004024                ADC_SoftwareStartConv
 .text.ADC_DMACmd
                0x08004044       0x38 obj\debug\libs\stm32 board\spl\src\stm32f4xx_adc.o
                0x08004044                ADC_DMACmd
 .text.ADC_DMARequestAfterLastTransferCmd
                0x0800407c       0x38 obj\debug\libs\stm32 board\spl\src\stm32f4xx_adc.o
                0x0800407c                ADC_DMARequestAfterLastTransferCmd
 .text.DMA_Init
                0x080040b4       0xb0 obj\debug\libs\stm32 board\spl\src\stm32f4xx_dma.o
                0x080040b4                DMA_Init
 .text.DMA_Cmd  0x08004164       0x38 obj\debug\libs\stm32 board\spl\src\stm32f4xx_dma.o
                0x08004164                DMA_Cmd
 .text.EXTI_Init
                0x0800419c       0xe4 obj\debug\libs\stm32 board\spl\src\stm32f4xx_exti.o
                0x0800419c                EXTI_Init
 .text.EXTI_GetITStatus
                0x08004280       0x48 obj\debug\libs\stm32 board\spl\src\stm32f4xx_exti.o
                0x08004280                EXTI_GetITStatus
 .text.EXTI_ClearITPendingBit
                0x080042c8       0x20 obj\debug\libs\stm32 board\spl\src\stm32f4xx_exti.o
                0x080042c8                EXTI_ClearITPendingBit
 .text.GPIO_DeInit
                0x080042e8      0x120 obj\debug\libs\stm32 board\spl\src\stm32f4xx_gpio.o
                0x080042e8                GPIO_DeInit
 .text.GPIO_Init
                0x08004408      0x11c obj\debug\libs\stm32 board\spl\src\stm32f4xx_gpio.o
                0x08004408                GPIO_Init
 .text.GPIO_ReadInputDataBit
                0x08004524       0x34 obj\debug\libs\stm32 board\spl\src\stm32f4xx_gpio.o
                0x08004524                GPIO_ReadInputDataBit
 .text.GPIO_ReadOutputDataBit
                0x08004558       0x34 obj\debug\libs\stm32 board\spl\src\stm32f4xx_gpio.o
                0x08004558                GPIO_ReadOutputDataBit
 .text.GPIO_SetBits
                0x0800458c       0x20 obj\debug\libs\stm32 board\spl\src\stm32f4xx_gpio.o
                0x0800458c                GPIO_SetBits
 .text.GPIO_ResetBits
                0x080045ac       0x20 obj\debug\libs\stm32 board\spl\src\stm32f4xx_gpio.o
                0x080045ac                GPIO_ResetBits
 .text.GPIO_PinAFConfig
                0x080045cc       0x94 obj\debug\libs\stm32 board\spl\src\stm32f4xx_gpio.o
                0x080045cc                GPIO_PinAFConfig
 .text.I2C_DeInit
                0x08004660       0x74 obj\debug\libs\stm32 board\spl\src\stm32f4xx_i2c.o
                0x08004660                I2C_DeInit
 .text.I2C_Init
                0x080046d4      0x184 obj\debug\libs\stm32 board\spl\src\stm32f4xx_i2c.o
                0x080046d4                I2C_Init
 .text.I2C_Cmd  0x08004858       0x40 obj\debug\libs\stm32 board\spl\src\stm32f4xx_i2c.o
                0x08004858                I2C_Cmd
 .text.RCC_GetClocksFreq
                0x08004898      0x154 obj\debug\libs\stm32 board\spl\src\stm32f4xx_rcc.o
                0x08004898                RCC_GetClocksFreq
 .text.RCC_AHB1PeriphClockCmd
                0x080049ec       0x40 obj\debug\libs\stm32 board\spl\src\stm32f4xx_rcc.o
                0x080049ec                RCC_AHB1PeriphClockCmd
 .text.RCC_AHB2PeriphClockCmd
                0x08004a2c       0x40 obj\debug\libs\stm32 board\spl\src\stm32f4xx_rcc.o
                0x08004a2c                RCC_AHB2PeriphClockCmd
 .text.RCC_APB1PeriphClockCmd
                0x08004a6c       0x40 obj\debug\libs\stm32 board\spl\src\stm32f4xx_rcc.o
                0x08004a6c                RCC_APB1PeriphClockCmd
 .text.RCC_APB2PeriphClockCmd
                0x08004aac       0x40 obj\debug\libs\stm32 board\spl\src\stm32f4xx_rcc.o
                0x08004aac                RCC_APB2PeriphClockCmd
 .text.RCC_AHB1PeriphResetCmd
                0x08004aec       0x40 obj\debug\libs\stm32 board\spl\src\stm32f4xx_rcc.o
                0x08004aec                RCC_AHB1PeriphResetCmd
 .text.RCC_APB1PeriphResetCmd
                0x08004b2c       0x40 obj\debug\libs\stm32 board\spl\src\stm32f4xx_rcc.o
                0x08004b2c                RCC_APB1PeriphResetCmd
 .text.RCC_APB2PeriphResetCmd
                0x08004b6c       0x40 obj\debug\libs\stm32 board\spl\src\stm32f4xx_rcc.o
                0x08004b6c                RCC_APB2PeriphResetCmd
 .text.SPI_I2S_DeInit
                0x08004bac       0x74 obj\debug\libs\stm32 board\spl\src\stm32f4xx_spi.o
                0x08004bac                SPI_I2S_DeInit
 .text.SPI_Init
                0x08004c20       0x88 obj\debug\libs\stm32 board\spl\src\stm32f4xx_spi.o
                0x08004c20                SPI_Init
 .text.SPI_Cmd  0x08004ca8       0x40 obj\debug\libs\stm32 board\spl\src\stm32f4xx_spi.o
                0x08004ca8                SPI_Cmd
 .text.SPI_DataSizeConfig
                0x08004ce8       0x38 obj\debug\libs\stm32 board\spl\src\stm32f4xx_spi.o
                0x08004ce8                SPI_DataSizeConfig
 .text.SPI_I2S_ReceiveData
                0x08004d20       0x1c obj\debug\libs\stm32 board\spl\src\stm32f4xx_spi.o
                0x08004d20                SPI_I2S_ReceiveData
 .text.SPI_I2S_SendData
                0x08004d3c       0x20 obj\debug\libs\stm32 board\spl\src\stm32f4xx_spi.o
                0x08004d3c                SPI_I2S_SendData
 .text.SPI_I2S_GetFlagStatus
                0x08004d5c       0x38 obj\debug\libs\stm32 board\spl\src\stm32f4xx_spi.o
                0x08004d5c                SPI_I2S_GetFlagStatus
 .text.SPI_I2S_ClearFlag
                0x08004d94       0x24 obj\debug\libs\stm32 board\spl\src\stm32f4xx_spi.o
                0x08004d94                SPI_I2S_ClearFlag
 .text.SYSCFG_EXTILineConfig
                0x08004db8       0x84 obj\debug\libs\stm32 board\spl\src\stm32f4xx_syscfg.o
                0x08004db8                SYSCFG_EXTILineConfig
 .text.TIM_TimeBaseInit
                0x08004e3c       0xd8 obj\debug\libs\stm32 board\spl\src\stm32f4xx_tim.o
                0x08004e3c                TIM_TimeBaseInit
 .text.TIM_GetCounter
                0x08004f14       0x18 obj\debug\libs\stm32 board\spl\src\stm32f4xx_tim.o
                0x08004f14                TIM_GetCounter
 .text.TIM_Cmd  0x08004f2c       0x40 obj\debug\libs\stm32 board\spl\src\stm32f4xx_tim.o
                0x08004f2c                TIM_Cmd
 .text.TIM_OC1Init
                0x08004f6c       0xf4 obj\debug\libs\stm32 board\spl\src\stm32f4xx_tim.o
                0x08004f6c                TIM_OC1Init
 .text.TIM_OC3Init
                0x08005060      0x10c obj\debug\libs\stm32 board\spl\src\stm32f4xx_tim.o
                0x08005060                TIM_OC3Init
 .text.TIM_SetCompare1
                0x0800516c       0x1c obj\debug\libs\stm32 board\spl\src\stm32f4xx_tim.o
                0x0800516c                TIM_SetCompare1
 .text.TIM_OC1PreloadConfig
                0x08005188       0x38 obj\debug\libs\stm32 board\spl\src\stm32f4xx_tim.o
                0x08005188                TIM_OC1PreloadConfig
 .text.TIM_OC3PreloadConfig
                0x080051c0       0x38 obj\debug\libs\stm32 board\spl\src\stm32f4xx_tim.o
                0x080051c0                TIM_OC3PreloadConfig
 .text.TIM_CtrlPWMOutputs
                0x080051f8       0x4c obj\debug\libs\stm32 board\spl\src\stm32f4xx_tim.o
                0x080051f8                TIM_CtrlPWMOutputs
 .text.TIM_GetFlagStatus
                0x08005244       0x38 obj\debug\libs\stm32 board\spl\src\stm32f4xx_tim.o
                0x08005244                TIM_GetFlagStatus
 .text.TIM_ClearFlag
                0x0800527c       0x24 obj\debug\libs\stm32 board\spl\src\stm32f4xx_tim.o
                0x0800527c                TIM_ClearFlag
 .text.TIM_GetITStatus
                0x080052a0       0x54 obj\debug\libs\stm32 board\spl\src\stm32f4xx_tim.o
                0x080052a0                TIM_GetITStatus
 .text.TIM_ClearITPendingBit
                0x080052f4       0x24 obj\debug\libs\stm32 board\spl\src\stm32f4xx_tim.o
                0x080052f4                TIM_ClearITPendingBit
 .text          0x08005318      0x104 obj\debug\libs\stm32 board\src\startup_stm32f4xx.o
                0x08005318                Reset_Handler
                0x0800535c                Default_Handler
                0x0800535e                WWDG_IRQHandler
                0x08005360                PVD_IRQHandler
                0x08005362                TAMP_STAMP_IRQHandler
                0x08005364                RTC_WKUP_IRQHandler
                0x08005366                FLASH_IRQHandler
                0x08005368                RCC_IRQHandler
                0x08005370                EXTI3_IRQHandler
                0x08005372                EXTI4_IRQHandler
                0x08005374                DMA1_Stream0_IRQHandler
                0x08005376                DMA1_Stream1_IRQHandler
                0x08005378                DMA1_Stream2_IRQHandler
                0x0800537a                DMA1_Stream3_IRQHandler
                0x0800537c                DMA1_Stream4_IRQHandler
                0x0800537e                DMA1_Stream5_IRQHandler
                0x08005380                DMA1_Stream6_IRQHandler
                0x08005382                ADC_IRQHandler
                0x08005384                CAN1_TX_IRQHandler
                0x08005386                CAN1_RX0_IRQHandler
                0x08005388                CAN1_RX1_IRQHandler
                0x0800538a                CAN1_SCE_IRQHandler
                0x0800538e                TIM1_BRK_TIM9_IRQHandler
                0x08005390                TIM1_UP_TIM10_IRQHandler
                0x08005392                TIM1_TRG_COM_TIM11_IRQHandler
                0x08005394                TIM1_CC_IRQHandler
                0x08005398                TIM3_IRQHandler
                0x0800539a                TIM4_IRQHandler
                0x0800539c                I2C1_EV_IRQHandler
                0x0800539e                I2C1_ER_IRQHandler
                0x080053a0                I2C2_EV_IRQHandler
                0x080053a2                I2C2_ER_IRQHandler
                0x080053a4                SPI1_IRQHandler
                0x080053a6                SPI2_IRQHandler
                0x080053a8                USART1_IRQHandler
                0x080053aa                USART2_IRQHandler
                0x080053ac                USART3_IRQHandler
                0x080053b0                RTC_Alarm_IRQHandler
                0x080053b2                OTG_FS_WKUP_IRQHandler
                0x080053b4                TIM8_BRK_TIM12_IRQHandler
                0x080053b6                TIM8_UP_TIM13_IRQHandler
                0x080053b8                TIM8_TRG_COM_TIM14_IRQHandler
                0x080053ba                TIM8_CC_IRQHandler
                0x080053bc                DMA1_Stream7_IRQHandler
                0x080053be                FSMC_IRQHandler
                0x080053c0                SDIO_IRQHandler
                0x080053c2                TIM5_IRQHandler
                0x080053c4                SPI3_IRQHandler
                0x080053c6                UART4_IRQHandler
                0x080053c8                UART5_IRQHandler
                0x080053ca                TIM6_DAC_IRQHandler
                0x080053cc                TIM7_IRQHandler
                0x080053ce                DMA2_Stream0_IRQHandler
                0x080053d0                DMA2_Stream1_IRQHandler
                0x080053d2                DMA2_Stream2_IRQHandler
                0x080053d4                DMA2_Stream3_IRQHandler
                0x080053d6                DMA2_Stream4_IRQHandler
                0x080053d8                ETH_IRQHandler
                0x080053da                ETH_WKUP_IRQHandler
                0x080053dc                CAN2_TX_IRQHandler
                0x080053de                CAN2_RX0_IRQHandler
                0x080053e0                CAN2_RX1_IRQHandler
                0x080053e2                CAN2_SCE_IRQHandler
                0x080053e4                OTG_FS_IRQHandler
                0x080053e6                DMA2_Stream5_IRQHandler
                0x080053e8                DMA2_Stream6_IRQHandler
                0x080053ea                DMA2_Stream7_IRQHandler
                0x080053ec                USART6_IRQHandler
                0x080053ee                I2C3_EV_IRQHandler
                0x080053f0                I2C3_ER_IRQHandler
                0x080053f2                OTG_HS_EP1_OUT_IRQHandler
                0x080053f4                OTG_HS_EP1_IN_IRQHandler
                0x080053f6                OTG_HS_WKUP_IRQHandler
                0x080053f8                OTG_HS_IRQHandler
                0x080053fa                DCMI_IRQHandler
                0x080053fc                CRYP_IRQHandler
                0x080053fe                HASH_RNG_IRQHandler
                0x08005400                FPU_IRQHandler
 .text.SystemInit
                0x0800541c       0x5c obj\debug\libs\stm32 board\src\system_stm32f4xx.o
                0x0800541c                SystemInit
 .text.SetSysClock
                0x08005478      0x128 obj\debug\libs\stm32 board\src\system_stm32f4xx.o
 .text.setEvent
                0x080055a0       0x2c obj\debug\main.o
                0x080055a0                setEvent
 .text.main     0x080055cc       0x30 obj\debug\main.o
                0x080055cc                main
 .text.memset   0x080055fc       0x10 c:/embitz/1.11/share/em_armgcc/bin/../lib/gcc/arm-none-eabi/5.4.1/../../../../arm-none-eabi/lib/armv7e-m/fpu\libg_n.a(lib_a-memset.o)
                0x080055fc                memset
 .text.printf   0x0800560c       0x30 c:/embitz/1.11/share/em_armgcc/bin/../lib/gcc/arm-none-eabi/5.4.1/../../../../arm-none-eabi/lib/armv7e-m/fpu\libg_n.a(lib_a-printf.o)
                0x0800560c                iprintf
                0x0800560c                printf
 .text._cleanup_r
                0x0800563c        0xc c:/embitz/1.11/share/em_armgcc/bin/../lib/gcc/arm-none-eabi/5.4.1/../../../../arm-none-eabi/lib/armv7e-m/fpu\libg_n.a(lib_a-findfp.o)
                0x0800563c                _cleanup_r
 .text.std.isra.0
                0x08005648       0x48 c:/embitz/1.11/share/em_armgcc/bin/../lib/gcc/arm-none-eabi/5.4.1/../../../../arm-none-eabi/lib/armv7e-m/fpu\libg_n.a(lib_a-findfp.o)
 .text.__sfmoreglue
                0x08005690       0x2c c:/embitz/1.11/share/em_armgcc/bin/../lib/gcc/arm-none-eabi/5.4.1/../../../../arm-none-eabi/lib/armv7e-m/fpu\libg_n.a(lib_a-findfp.o)
                0x08005690                __sfmoreglue
 .text.__sinit  0x080056bc       0x60 c:/embitz/1.11/share/em_armgcc/bin/../lib/gcc/arm-none-eabi/5.4.1/../../../../arm-none-eabi/lib/armv7e-m/fpu\libg_n.a(lib_a-findfp.o)
                0x080056bc                __sinit
 .text.__sfp    0x0800571c       0x78 c:/embitz/1.11/share/em_armgcc/bin/../lib/gcc/arm-none-eabi/5.4.1/../../../../arm-none-eabi/lib/armv7e-m/fpu\libg_n.a(lib_a-findfp.o)
                0x0800571c                __sfp
 .text._fwalk_reent
                0x08005794       0x3c c:/embitz/1.11/share/em_armgcc/bin/../lib/gcc/arm-none-eabi/5.4.1/../../../../arm-none-eabi/lib/armv7e-m/fpu\libg_n.a(lib_a-fwalk.o)
                0x08005794                _fwalk_reent
 .text._malloc_r
                0x080057d0       0xbc c:/embitz/1.11/share/em_armgcc/bin/../lib/gcc/arm-none-eabi/5.4.1/../../../../arm-none-eabi/lib/armv7e-m/fpu\libg_n.a(lib_a-nano-mallocr.o)
                0x080057d0                _malloc_r
 .text.__sfputc_r
                0x0800588c       0x30 c:/embitz/1.11/share/em_armgcc/bin/../lib/gcc/arm-none-eabi/5.4.1/../../../../arm-none-eabi/lib/armv7e-m/fpu\libg_n.a(lib_a-nano-vfprintf.o)
 .text.__sfputs_r
                0x080058bc       0x24 c:/embitz/1.11/share/em_armgcc/bin/../lib/gcc/arm-none-eabi/5.4.1/../../../../arm-none-eabi/lib/armv7e-m/fpu\libg_n.a(lib_a-nano-vfprintf.o)
                0x080058bc                __sfputs_r
 .text._vfprintf_r
                0x080058e0      0x238 c:/embitz/1.11/share/em_armgcc/bin/../lib/gcc/arm-none-eabi/5.4.1/../../../../arm-none-eabi/lib/armv7e-m/fpu\libg_n.a(lib_a-nano-vfprintf.o)
                0x080058e0                _vfprintf_r
                0x080058e0                _vfiprintf_r
 .text._printf_common
                0x08005b18       0xec c:/embitz/1.11/share/em_armgcc/bin/../lib/gcc/arm-none-eabi/5.4.1/../../../../arm-none-eabi/lib/armv7e-m/fpu\libg_n.a(lib_a-nano-vfprintf_i.o)
                0x08005b18                _printf_common
 .text._printf_i
                0x08005c04      0x24c c:/embitz/1.11/share/em_armgcc/bin/../lib/gcc/arm-none-eabi/5.4.1/../../../../arm-none-eabi/lib/armv7e-m/fpu\libg_n.a(lib_a-nano-vfprintf_i.o)
                0x08005c04                _printf_i
 .text._sbrk_r  0x08005e50       0x20 c:/embitz/1.11/share/em_armgcc/bin/../lib/gcc/arm-none-eabi/5.4.1/../../../../arm-none-eabi/lib/armv7e-m/fpu\libg_n.a(lib_a-sbrkr.o)
                0x08005e50                _sbrk_r
 .text.__sread  0x08005e70       0x22 c:/embitz/1.11/share/em_armgcc/bin/../lib/gcc/arm-none-eabi/5.4.1/../../../../arm-none-eabi/lib/armv7e-m/fpu\libg_n.a(lib_a-stdio.o)
                0x08005e70                __sread
 .text.__swrite
                0x08005e92       0x38 c:/embitz/1.11/share/em_armgcc/bin/../lib/gcc/arm-none-eabi/5.4.1/../../../../arm-none-eabi/lib/armv7e-m/fpu\libg_n.a(lib_a-stdio.o)
                0x08005e92                __swrite
 .text.__sseek  0x08005eca       0x24 c:/embitz/1.11/share/em_armgcc/bin/../lib/gcc/arm-none-eabi/5.4.1/../../../../arm-none-eabi/lib/armv7e-m/fpu\libg_n.a(lib_a-stdio.o)
                0x08005eca                __sseek
 .text.__sclose
                0x08005eee        0x8 c:/embitz/1.11/share/em_armgcc/bin/../lib/gcc/arm-none-eabi/5.4.1/../../../../arm-none-eabi/lib/armv7e-m/fpu\libg_n.a(lib_a-stdio.o)
                0x08005eee                __sclose
 *fill*         0x08005ef6        0x2 
 .text.__swbuf_r
                0x08005ef8       0xa8 c:/embitz/1.11/share/em_armgcc/bin/../lib/gcc/arm-none-eabi/5.4.1/../../../../arm-none-eabi/lib/armv7e-m/fpu\libg_n.a(lib_a-wbuf.o)
                0x08005ef8                __swbuf_r
 .text._write_r
                0x08005fa0       0x24 c:/embitz/1.11/share/em_armgcc/bin/../lib/gcc/arm-none-eabi/5.4.1/../../../../arm-none-eabi/lib/armv7e-m/fpu\libg_n.a(lib_a-writer.o)
                0x08005fa0                _write_r
 .text.__swsetup_r
                0x08005fc4       0xdc c:/embitz/1.11/share/em_armgcc/bin/../lib/gcc/arm-none-eabi/5.4.1/../../../../arm-none-eabi/lib/armv7e-m/fpu\libg_n.a(lib_a-wsetup.o)
                0x08005fc4                __swsetup_r
 .text._close_r
                0x080060a0       0x20 c:/embitz/1.11/share/em_armgcc/bin/../lib/gcc/arm-none-eabi/5.4.1/../../../../arm-none-eabi/lib/armv7e-m/fpu\libg_n.a(lib_a-closer.o)
                0x080060a0                _close_r
 .text.__sflush_r
                0x080060c0      0x110 c:/embitz/1.11/share/em_armgcc/bin/../lib/gcc/arm-none-eabi/5.4.1/../../../../arm-none-eabi/lib/armv7e-m/fpu\libg_n.a(lib_a-fflush.o)
                0x080060c0                __sflush_r
 .text._fflush_r
                0x080061d0       0x54 c:/embitz/1.11/share/em_armgcc/bin/../lib/gcc/arm-none-eabi/5.4.1/../../../../arm-none-eabi/lib/armv7e-m/fpu\libg_n.a(lib_a-fflush.o)
                0x080061d0                _fflush_r
 .text._lseek_r
                0x08006224       0x24 c:/embitz/1.11/share/em_armgcc/bin/../lib/gcc/arm-none-eabi/5.4.1/../../../../arm-none-eabi/lib/armv7e-m/fpu\libg_n.a(lib_a-lseekr.o)
                0x08006224                _lseek_r
 .text.__swhatbuf_r
                0x08006248       0x46 c:/embitz/1.11/share/em_armgcc/bin/../lib/gcc/arm-none-eabi/5.4.1/../../../../arm-none-eabi/lib/armv7e-m/fpu\libg_n.a(lib_a-makebuf.o)
                0x08006248                __swhatbuf_r
 *fill*         0x0800628e        0x2 
 .text.__smakebuf_r
                0x08006290       0x78 c:/embitz/1.11/share/em_armgcc/bin/../lib/gcc/arm-none-eabi/5.4.1/../../../../arm-none-eabi/lib/armv7e-m/fpu\libg_n.a(lib_a-makebuf.o)
                0x08006290                __smakebuf_r
 *fill*         0x08006308        0x8 
 .text          0x08006310       0xa0 c:/embitz/1.11/share/em_armgcc/bin/../lib/gcc/arm-none-eabi/5.4.1/../../../../arm-none-eabi/lib/armv7e-m/fpu\libg_n.a(lib_a-memchr.o)
                0x08006310                memchr
 .text.__malloc_lock
                0x080063b0        0x2 c:/embitz/1.11/share/em_armgcc/bin/../lib/gcc/arm-none-eabi/5.4.1/../../../../arm-none-eabi/lib/armv7e-m/fpu\libg_n.a(lib_a-mlock.o)
                0x080063b0                __malloc_lock
 .text.__malloc_unlock
                0x080063b2        0x2 c:/embitz/1.11/share/em_armgcc/bin/../lib/gcc/arm-none-eabi/5.4.1/../../../../arm-none-eabi/lib/armv7e-m/fpu\libg_n.a(lib_a-mlock.o)
                0x080063b2                __malloc_unlock
 .text._free_r  0x080063b4       0x9c c:/embitz/1.11/share/em_armgcc/bin/../lib/gcc/arm-none-eabi/5.4.1/../../../../arm-none-eabi/lib/armv7e-m/fpu\libg_n.a(lib_a-nano-freer.o)
                0x080063b4                _free_r
 .text._read_r  0x08006450       0x24 c:/embitz/1.11/share/em_armgcc/bin/../lib/gcc/arm-none-eabi/5.4.1/../../../../arm-none-eabi/lib/armv7e-m/fpu\libg_n.a(lib_a-readr.o)
                0x08006450                _read_r
 .text._fstat_r
                0x08006474       0x24 c:/embitz/1.11/share/em_armgcc/bin/../lib/gcc/arm-none-eabi/5.4.1/../../../../arm-none-eabi/lib/armv7e-m/fpu\libg_n.a(lib_a-fstatr.o)
                0x08006474                _fstat_r
 .text._isatty_r
                0x08006498       0x20 c:/embitz/1.11/share/em_armgcc/bin/../lib/gcc/arm-none-eabi/5.4.1/../../../../arm-none-eabi/lib/armv7e-m/fpu\libg_n.a(lib_a-isattyr.o)
                0x08006498                _isatty_r
 .text._close   0x080064b8       0x10 c:/embitz/1.11/share/em_armgcc/bin/../lib/gcc/arm-none-eabi/5.4.1/../../../../arm-none-eabi/lib/armv7e-m/fpu\libnosys_s.a(close.o)
                0x080064b8                _close
 .text._fstat   0x080064c8       0x10 c:/embitz/1.11/share/em_armgcc/bin/../lib/gcc/arm-none-eabi/5.4.1/../../../../arm-none-eabi/lib/armv7e-m/fpu\libnosys_s.a(fstat.o)
                0x080064c8                _fstat
 .text._isatty  0x080064d8       0x10 c:/embitz/1.11/share/em_armgcc/bin/../lib/gcc/arm-none-eabi/5.4.1/../../../../arm-none-eabi/lib/armv7e-m/fpu\libnosys_s.a(isatty.o)
                0x080064d8                _isatty
 .text._lseek   0x080064e8       0x10 c:/embitz/1.11/share/em_armgcc/bin/../lib/gcc/arm-none-eabi/5.4.1/../../../../arm-none-eabi/lib/armv7e-m/fpu\libnosys_s.a(lseek.o)
                0x080064e8                _lseek
 .text._read    0x080064f8       0x10 c:/embitz/1.11/share/em_armgcc/bin/../lib/gcc/arm-none-eabi/5.4.1/../../../../arm-none-eabi/lib/armv7e-m/fpu\libnosys_s.a(read.o)
                0x080064f8                _read
 .text._sbrk    0x08006508       0x1c c:/embitz/1.11/share/em_armgcc/bin/../lib/gcc/arm-none-eabi/5.4.1/../../../../arm-none-eabi/lib/armv7e-m/fpu\libnosys_s.a(sbrk.o)
                0x08006508                _sbrk
 .text._write   0x08006524       0x10 c:/embitz/1.11/share/em_armgcc/bin/../lib/gcc/arm-none-eabi/5.4.1/../../../../arm-none-eabi/lib/armv7e-m/fpu\libnosys_s.a(write.o)
                0x08006524                _write
 *(.init)
 .init          0x08006534        0x4 c:/embitz/1.11/share/em_armgcc/bin/../lib/gcc/arm-none-eabi/5.4.1/armv7e-m/fpu/crti.o
                0x08006534                _init
 .init          0x08006538        0x8 c:/embitz/1.11/share/em_armgcc/bin/../lib/gcc/arm-none-eabi/5.4.1/armv7e-m/fpu/crtn.o
 *(.fini)
 .fini          0x08006540        0x4 c:/embitz/1.11/share/em_armgcc/bin/../lib/gcc/arm-none-eabi/5.4.1/armv7e-m/fpu/crti.o
                0x08006540                _fini
 .fini          0x08006544        0x8 c:/embitz/1.11/share/em_armgcc/bin/../lib/gcc/arm-none-eabi/5.4.1/armv7e-m/fpu/crtn.o
 *crtbegin.o(.ctors)
 *crtbegin?.o(.ctors)
 *(EXCLUDE_FILE(*crtend.o *crtend?.o) .ctors)
 *(SORT(.ctors.*))
 *(.ctors)
 *crtbegin.o(.dtors)
 *crtbegin?.o(.dtors)
 *(EXCLUDE_FILE(*crtend.o *crtend?.o) .dtors)
 *(SORT(.dtors.*))
 *(.dtors)
 *(.rodata*)
 .rodata.Font12_Table
                0x0800654c      0x474 obj\debug\libs\display\src\font12.o
                0x0800654c                Font12_Table
 .rodata.Font24_Table
                0x080069c0     0x1ab8 obj\debug\libs\display\src\font24.o
                0x080069c0                Font24_Table
 .rodata        0x08008478       0x32 obj\debug\libs\nnxt\src\nnxt_misc.o
 *fill*         0x080084aa        0x2 
 .rodata.MotorPorts
                0x080084ac      0x120 obj\debug\libs\nnxt\src\nnxt_motors.o
 .rodata.OnBoard_LEDs
                0x080085cc       0x30 obj\debug\libs\nnxt\src\nnxt_onboardperiph.o
 .rodata.appl_mode
                0x080085fc        0x1 obj\debug\libs\nnxt\src\nnxt_os_glue.o
                0x080085fc                appl_mode
 *fill*         0x080085fd        0x3 
 .rodata.SensorPorts
                0x08008600      0x154 obj\debug\libs\nnxt\src\nnxt_sensors.o
 .rodata        0x08008754       0x1d obj\debug\libs\nnxt\src\nnxt_startup.o
 *fill*         0x08008771        0x3 
 .rodata        0x08008774        0x3 obj\debug\main.o
 .rodata.str1.1
                0x08008777        0x2 c:/embitz/1.11/share/em_armgcc/bin/../lib/gcc/arm-none-eabi/5.4.1/../../../../arm-none-eabi/lib/armv7e-m/fpu\libg_n.a(lib_a-impure.o)
 *fill*         0x08008779        0x3 
 .rodata._global_impure_ptr
                0x0800877c        0x4 c:/embitz/1.11/share/em_armgcc/bin/../lib/gcc/arm-none-eabi/5.4.1/../../../../arm-none-eabi/lib/armv7e-m/fpu\libg_n.a(lib_a-impure.o)
                0x0800877c                _global_impure_ptr
 .rodata.__sf_fake_stdin
                0x08008780       0x20 c:/embitz/1.11/share/em_armgcc/bin/../lib/gcc/arm-none-eabi/5.4.1/../../../../arm-none-eabi/lib/armv7e-m/fpu\libg_n.a(lib_a-findfp.o)
                0x08008780                __sf_fake_stdin
 .rodata.__sf_fake_stdout
                0x080087a0       0x20 c:/embitz/1.11/share/em_armgcc/bin/../lib/gcc/arm-none-eabi/5.4.1/../../../../arm-none-eabi/lib/armv7e-m/fpu\libg_n.a(lib_a-findfp.o)
                0x080087a0                __sf_fake_stdout
 .rodata.__sf_fake_stderr
                0x080087c0       0x20 c:/embitz/1.11/share/em_armgcc/bin/../lib/gcc/arm-none-eabi/5.4.1/../../../../arm-none-eabi/lib/armv7e-m/fpu\libg_n.a(lib_a-findfp.o)
                0x080087c0                __sf_fake_stderr
 .rodata.str1.1
                0x080087e0       0x11 c:/embitz/1.11/share/em_armgcc/bin/../lib/gcc/arm-none-eabi/5.4.1/../../../../arm-none-eabi/lib/armv7e-m/fpu\libg_n.a(lib_a-nano-vfprintf.o)
 .rodata.str1.1
                0x080087f1       0x22 c:/embitz/1.11/share/em_armgcc/bin/../lib/gcc/arm-none-eabi/5.4.1/../../../../arm-none-eabi/lib/armv7e-m/fpu\libg_n.a(lib_a-nano-vfprintf_i.o)
 *(.eh_frame*)
 *fill*         0x08008813        0x1 
 .eh_frame      0x08008814        0x0 c:/embitz/1.11/share/em_armgcc/bin/../lib/gcc/arm-none-eabi/5.4.1/armv7e-m/fpu/crtbegin.o
 .eh_frame      0x08008814        0x4 c:/embitz/1.11/share/em_armgcc/bin/../lib/gcc/arm-none-eabi/5.4.1/armv7e-m/fpu/crtend.o

.glue_7         0x08008818        0x0
 .glue_7        0x08008818        0x0 linker stubs

.glue_7t        0x08008818        0x0
 .glue_7t       0x08008818        0x0 linker stubs

.vfp11_veneer   0x08008818        0x0
 .vfp11_veneer  0x08008818        0x0 linker stubs

.v4_bx          0x08008818        0x0
 .v4_bx         0x08008818        0x0 linker stubs

.iplt           0x08008818        0x0
 .iplt          0x08008818        0x0 c:/embitz/1.11/share/em_armgcc/bin/../lib/gcc/arm-none-eabi/5.4.1/armv7e-m/fpu/crtbegin.o

.rel.dyn        0x08008818        0x0
 .rel.iplt      0x08008818        0x0 c:/embitz/1.11/share/em_armgcc/bin/../lib/gcc/arm-none-eabi/5.4.1/armv7e-m/fpu/crtbegin.o

.ARM.extab
 *(.ARM.extab* .gnu.linkonce.armextab.*)
                0x08008818                __exidx_start = .

.ARM.exidx
 *(.ARM.exidx* .gnu.linkonce.armexidx.*)
                0x08008818                __exidx_end = .
                0x08008818                __etext = .

.data           0x20000000      0x180 load address 0x08008818
                0x20000000                __data_start__ = .
 *(vtable)
 *(.data*)
 .data.Font12   0x20000000        0x8 obj\debug\libs\display\src\font12.o
                0x20000000                Font12
 .data.Font24   0x20000008        0x8 obj\debug\libs\display\src\font24.o
                0x20000008                Font24
 .data.st7735_lcd_width_pixel
                0x20000010        0x2 obj\debug\libs\display\src\st7735.o
 .data.st7735_lcd_height_pixel
                0x20000012        0x2 obj\debug\libs\display\src\st7735.o
 .data.st7735_drv
                0x20000014       0x40 obj\debug\libs\display\src\st7735.o
                0x20000014                st7735_drv
 .data.uxCriticalNesting
                0x20000054        0x4 obj\debug\libs\freertos\source\portable\port.o
 .data.OnBoard_Buttons
                0x20000058       0x78 obj\debug\libs\nnxt\src\nnxt_onboardperiph.o
                0x20000058                OnBoard_Buttons
 .data.Stat     0x200000d0        0x1 obj\debug\libs\nnxt\src\nnxt_sdcard_glue.o
 *fill*         0x200000d1        0x3 
 .data.PortConfig
                0x200000d4       0x28 obj\debug\libs\nnxt\src\nnxt_sensors.o
 .data.vectorTable_ROM
                0x200000fc        0x4 obj\debug\libs\nnxt\src\nnxt_startup.o
 .data.APBAHBPrescTable
                0x20000100       0x10 obj\debug\libs\stm32 board\spl\src\stm32f4xx_rcc.o
 .data.SystemCoreClock
                0x20000110        0x4 obj\debug\libs\stm32 board\src\system_stm32f4xx.o
                0x20000110                SystemCoreClock
 .data.impure_data
                0x20000114       0x60 c:/embitz/1.11/share/em_armgcc/bin/../lib/gcc/arm-none-eabi/5.4.1/../../../../arm-none-eabi/lib/armv7e-m/fpu\libg_n.a(lib_a-impure.o)
 .data._impure_ptr
                0x20000174        0x4 c:/embitz/1.11/share/em_armgcc/bin/../lib/gcc/arm-none-eabi/5.4.1/../../../../arm-none-eabi/lib/armv7e-m/fpu\libg_n.a(lib_a-impure.o)
                0x20000174                _impure_ptr
                0x20000178                . = ALIGN (0x4)
                0x20000178                PROVIDE (__preinit_array_start, .)
 *(.preinit_array)
                0x20000178                PROVIDE (__preinit_array_end, .)
                0x20000178                . = ALIGN (0x4)
                0x20000178                PROVIDE (__init_array_start, .)
 *(SORT(.init_array.*))
 *(.init_array)
 .init_array    0x20000178        0x4 c:/embitz/1.11/share/em_armgcc/bin/../lib/gcc/arm-none-eabi/5.4.1/armv7e-m/fpu/crtbegin.o
                0x2000017c                PROVIDE (__init_array_end, .)
                0x2000017c                . = ALIGN (0x4)
                [!provide]                PROVIDE (__fini_array_start, .)
 *(SORT(.fini_array.*))
 *(.fini_array)
 .fini_array    0x2000017c        0x4 c:/embitz/1.11/share/em_armgcc/bin/../lib/gcc/arm-none-eabi/5.4.1/armv7e-m/fpu/crtbegin.o
                [!provide]                PROVIDE (__fini_array_end, .)
                0x20000180                . = ALIGN (0x4)
                0x20000180                __data_end__ = .

.jcr            0x20000180        0x0 load address 0x08008998
 .jcr           0x20000180        0x0 c:/embitz/1.11/share/em_armgcc/bin/../lib/gcc/arm-none-eabi/5.4.1/armv7e-m/fpu/crtbegin.o

.igot.plt       0x20000180        0x0 load address 0x08008998
 .igot.plt      0x20000180        0x0 c:/embitz/1.11/share/em_armgcc/bin/../lib/gcc/arm-none-eabi/5.4.1/armv7e-m/fpu/crtbegin.o

.bss            0x20000200     0x1008 load address 0x08008c00
                0x20000200                __bss_start__ = .
 *(.bss*)
 .bss           0x20000200       0x1c c:/embitz/1.11/share/em_armgcc/bin/../lib/gcc/arm-none-eabi/5.4.1/armv7e-m/fpu/crtbegin.o
 .bss.rotation_g
                0x2000021c        0x1 obj\debug\libs\display\src\st7735.o
 *fill*         0x2000021d        0x3 
 .bss.lcd_drv   0x20000220        0x4 obj\debug\libs\display\src\stm32_adafruit_lcd.o
 .bss.bitmap    0x20000224      0x366 obj\debug\libs\display\src\stm32_adafruit_lcd.o
 *fill*         0x2000058a        0x2 
 .bss.registeredTasks
                0x2000058c       0x78 obj\debug\libs\freertos\freertos_glue.o
                0x2000058c                registeredTasks
 .bss.TasksSlots
                0x20000604        0x4 obj\debug\libs\freertos\freertos_glue.o
                0x20000604                TasksSlots
 .bss.ucMaxSysCallPriority
                0x20000608        0x1 obj\debug\libs\freertos\source\portable\port.o
 *fill*         0x20000609        0x3 
 .bss.ulMaxPRIGROUPValue
                0x2000060c        0x4 obj\debug\libs\freertos\source\portable\port.o
 .bss.pxCurrentTCB
                0x20000610        0x4 obj\debug\libs\freertos\source\tasks.o
                0x20000610                pxCurrentTCB
 .bss.pxReadyTasksLists
                0x20000614       0x64 obj\debug\libs\freertos\source\tasks.o
 .bss.pxDelayedTaskList
                0x20000678        0x4 obj\debug\libs\freertos\source\tasks.o
 .bss.pxOverflowDelayedTaskList
                0x2000067c        0x4 obj\debug\libs\freertos\source\tasks.o
 .bss.xPendingReadyList
                0x20000680       0x14 obj\debug\libs\freertos\source\tasks.o
 .bss.xSuspendedTaskList
                0x20000694       0x14 obj\debug\libs\freertos\source\tasks.o
 .bss.uxCurrentNumberOfTasks
                0x200006a8        0x4 obj\debug\libs\freertos\source\tasks.o
 .bss.xTickCount
                0x200006ac        0x4 obj\debug\libs\freertos\source\tasks.o
 .bss.uxTopReadyPriority
                0x200006b0        0x4 obj\debug\libs\freertos\source\tasks.o
 .bss.xSchedulerRunning
                0x200006b4        0x4 obj\debug\libs\freertos\source\tasks.o
 .bss.uxPendedTicks
                0x200006b8        0x4 obj\debug\libs\freertos\source\tasks.o
 .bss.xYieldPending
                0x200006bc        0x4 obj\debug\libs\freertos\source\tasks.o
 .bss.xNumOfOverflows
                0x200006c0        0x4 obj\debug\libs\freertos\source\tasks.o
 .bss.xNextTaskUnblockTime
                0x200006c4        0x4 obj\debug\libs\freertos\source\tasks.o
 .bss.uxSchedulerSuspended
                0x200006c8        0x4 obj\debug\libs\freertos\source\tasks.o
 .bss.Timer1    0x200006cc        0x4 obj\debug\libs\nnxt\src\nnxt_sdcard_glue.o
 .bss.Timer2    0x200006d0        0x4 obj\debug\libs\nnxt\src\nnxt_sdcard_glue.o
 .bss.PortAnalogValues
                0x200006d4       0x14 obj\debug\libs\nnxt\src\nnxt_sensors.o
                0x200006d4                PortAnalogValues
 .bss.Filter    0x200006e8       0x12 obj\debug\libs\nnxt\src\nnxt_sensors.o
 *fill*         0x200006fa      0x106 
 .bss.vectorTable_RAM
                0x20000800      0x400 obj\debug\libs\nnxt\src\nnxt_startup.o
 .bss.debug     0x20000c00        0x1 obj\debug\libs\nnxt\src\nnxt_startup.o
                0x20000c00                debug
 .bss.selectedDevice
                0x20000c01        0x1 obj\debug\libs\spi\src\spidevice.o
                0x20000c01                selectedDevice
 .bss.events    0x20000c02        0x2 obj\debug\main.o
                0x20000c02                events
 .bss.__malloc_sbrk_start
                0x20000c04        0x4 c:/embitz/1.11/share/em_armgcc/bin/../lib/gcc/arm-none-eabi/5.4.1/../../../../arm-none-eabi/lib/armv7e-m/fpu\libg_n.a(lib_a-nano-mallocr.o)
                0x20000c04                __malloc_sbrk_start
 .bss.__malloc_free_list
                0x20000c08        0x4 c:/embitz/1.11/share/em_armgcc/bin/../lib/gcc/arm-none-eabi/5.4.1/../../../../arm-none-eabi/lib/armv7e-m/fpu\libg_n.a(lib_a-nano-mallocr.o)
                0x20000c08                __malloc_free_list
 .bss.heap_end.4169
                0x20000c0c        0x4 c:/embitz/1.11/share/em_armgcc/bin/../lib/gcc/arm-none-eabi/5.4.1/../../../../arm-none-eabi/lib/armv7e-m/fpu\libnosys_s.a(sbrk.o)
 *(COMMON)
 COMMON         0x20000c10        0xc obj\debug\libs\display\src\stm32_adafruit_lcd.o
                0x20000c10                DrawProp
 COMMON         0x20000c1c       0x10 obj\debug\libs\hal\src\em_i2c.o
                0x20000c1c                GPIO_InitStructure_i2c1
                0x20000c24                GPIO_InitStructure_i2c2
 COMMON         0x20000c2c       0x24 obj\debug\libs\nnxt\src\nnxt_motors.o
                0x20000c2c                Motor_Info
 COMMON         0x20000c50        0x5 obj\debug\libs\nnxt\src\nnxt_os_glue.o
                0x20000c50                SysTickCounter
                0x20000c54                nnxt_pre_os_flag
 *fill*         0x20000c55      0x1ab 
 COMMON         0x20000e00      0x404 obj\debug\libs\nnxt\src\nnxt_startup.o
                0x20000e00                vectorTable_RAM_orig
                0x20001200                NNXT_Background_Task
 COMMON         0x20001204        0x4 c:/embitz/1.11/share/em_armgcc/bin/../lib/gcc/arm-none-eabi/5.4.1/../../../../arm-none-eabi/lib/armv7e-m/fpu\libg_n.a(lib_a-reent.o)
                0x20001204                errno
                0x20001208                __bss_end__ = .

.heap           0x20001208        0x0
                0x20001208                __end__ = .
                0x20001208                end = __end__
 *(.heap*)
 .heap          0x20001208        0x0 obj\debug\libs\stm32 board\src\startup_stm32f4xx.o
                0x20001208                __HeapLimit = .

.stack_dummy    0x20001208      0x100
 *(.stack)
 .stack         0x20001208      0x100 obj\debug\libs\stm32 board\src\startup_stm32f4xx.o
                0x20020000                __StackTop = (ORIGIN (RAM) + LENGTH (RAM))
                0x2001ff00                __StackLimit = (__StackTop - SIZEOF (.stack_dummy))
                0x20020000                PROVIDE (__stack, __StackTop)
                0x00000001                ASSERT ((__StackLimit >= __HeapLimit), region RAM overflowed with stack)
LOAD obj\debug\custommovement.o
LOAD obj\debug\libs\display\src\font12.o
LOAD obj\debug\libs\display\src\font16.o
LOAD obj\debug\libs\display\src\font20.o
LOAD obj\debug\libs\display\src\font24.o
LOAD obj\debug\libs\display\src\font8.o
LOAD obj\debug\libs\display\src\st7735.o
LOAD obj\debug\libs\display\src\stm32_adafruit_lcd.o
LOAD obj\debug\libs\freertos\freertos_glue.o
LOAD obj\debug\libs\freertos\source\croutine.o
LOAD obj\debug\libs\freertos\source\event_groups.o
LOAD obj\debug\libs\freertos\source\heap_1.o
LOAD obj\debug\libs\freertos\source\list.o
LOAD obj\debug\libs\freertos\source\portable\port.o
LOAD obj\debug\libs\freertos\source\queue.o
LOAD obj\debug\libs\freertos\source\tasks.o
LOAD obj\debug\libs\freertos\source\timers.o
LOAD obj\debug\libs\hal\src\em_i2c.o
LOAD obj\debug\libs\hal\src\em_interrupts.o
LOAD obj\debug\libs\nnxt\src\nnxt_display_glue.o
LOAD obj\debug\libs\nnxt\src\nnxt_filter.o
LOAD obj\debug\libs\nnxt\src\nnxt_i2c.o
LOAD obj\debug\libs\nnxt\src\nnxt_misc.o
LOAD obj\debug\libs\nnxt\src\nnxt_motors.o
LOAD obj\debug\libs\nnxt\src\nnxt_onboardperiph.o
LOAD obj\debug\libs\nnxt\src\nnxt_os_glue.o
LOAD obj\debug\libs\nnxt\src\nnxt_pcf8574lb.o
LOAD obj\debug\libs\nnxt\src\nnxt_sdcard_glue.o
LOAD obj\debug\libs\nnxt\src\nnxt_sensors.o
LOAD obj\debug\libs\nnxt\src\nnxt_startup.o
LOAD obj\debug\libs\sdcard\fatfs\src\ff.o
LOAD obj\debug\libs\sdcard\fatfs\src\ffsystem.o
LOAD obj\debug\libs\sdcard\fatfs\src\ffunicode.o
LOAD obj\debug\libs\spi\src\spidevice.o
LOAD obj\debug\libs\stm32 board\spl\src\misc.o
LOAD obj\debug\libs\stm32 board\spl\src\stm32f4xx_adc.o
LOAD obj\debug\libs\stm32 board\spl\src\stm32f4xx_can.o
LOAD obj\debug\libs\stm32 board\spl\src\stm32f4xx_crc.o
LOAD obj\debug\libs\stm32 board\spl\src\stm32f4xx_cryp.o
LOAD obj\debug\libs\stm32 board\spl\src\stm32f4xx_cryp_aes.o
LOAD obj\debug\libs\stm32 board\spl\src\stm32f4xx_cryp_des.o
LOAD obj\debug\libs\stm32 board\spl\src\stm32f4xx_cryp_tdes.o
LOAD obj\debug\libs\stm32 board\spl\src\stm32f4xx_dac.o
LOAD obj\debug\libs\stm32 board\spl\src\stm32f4xx_dbgmcu.o
LOAD obj\debug\libs\stm32 board\spl\src\stm32f4xx_dcmi.o
LOAD obj\debug\libs\stm32 board\spl\src\stm32f4xx_dma.o
LOAD obj\debug\libs\stm32 board\spl\src\stm32f4xx_exti.o
LOAD obj\debug\libs\stm32 board\spl\src\stm32f4xx_flash.o
LOAD obj\debug\libs\stm32 board\spl\src\stm32f4xx_fsmc.o
LOAD obj\debug\libs\stm32 board\spl\src\stm32f4xx_gpio.o
LOAD obj\debug\libs\stm32 board\spl\src\stm32f4xx_hash.o
LOAD obj\debug\libs\stm32 board\spl\src\stm32f4xx_hash_md5.o
LOAD obj\debug\libs\stm32 board\spl\src\stm32f4xx_hash_sha1.o
LOAD obj\debug\libs\stm32 board\spl\src\stm32f4xx_i2c.o
LOAD obj\debug\libs\stm32 board\spl\src\stm32f4xx_iwdg.o
LOAD obj\debug\libs\stm32 board\spl\src\stm32f4xx_pwr.o
LOAD obj\debug\libs\stm32 board\spl\src\stm32f4xx_rcc.o
LOAD obj\debug\libs\stm32 board\spl\src\stm32f4xx_rng.o
LOAD obj\debug\libs\stm32 board\spl\src\stm32f4xx_rtc.o
LOAD obj\debug\libs\stm32 board\spl\src\stm32f4xx_sdio.o
LOAD obj\debug\libs\stm32 board\spl\src\stm32f4xx_spi.o
LOAD obj\debug\libs\stm32 board\spl\src\stm32f4xx_syscfg.o
LOAD obj\debug\libs\stm32 board\spl\src\stm32f4xx_tim.o
LOAD obj\debug\libs\stm32 board\spl\src\stm32f4xx_usart.o
LOAD obj\debug\libs\stm32 board\spl\src\stm32f4xx_wwdg.o
LOAD obj\debug\libs\stm32 board\src\startup_stm32f4xx.o
LOAD obj\debug\libs\stm32 board\src\system_stm32f4xx.o
LOAD obj\debug\main.o
START GROUP
LOAD c:/embitz/1.11/share/em_armgcc/bin/../lib/gcc/arm-none-eabi/5.4.1/armv7e-m/fpu\libgcc.a
LOAD c:/embitz/1.11/share/em_armgcc/bin/../lib/gcc/arm-none-eabi/5.4.1/../../../../arm-none-eabi/lib/armv7e-m/fpu\libg_n.a
LOAD c:/embitz/1.11/share/em_armgcc/bin/../lib/gcc/arm-none-eabi/5.4.1/../../../../arm-none-eabi/lib/armv7e-m/fpu\libc_n.a
END GROUP
START GROUP
LOAD c:/embitz/1.11/share/em_armgcc/bin/../lib/gcc/arm-none-eabi/5.4.1/armv7e-m/fpu\libgcc.a
LOAD c:/embitz/1.11/share/em_armgcc/bin/../lib/gcc/arm-none-eabi/5.4.1/../../../../arm-none-eabi/lib/armv7e-m/fpu\libc_n.a
LOAD c:/embitz/1.11/share/em_armgcc/bin/../lib/gcc/arm-none-eabi/5.4.1/../../../../arm-none-eabi/lib/armv7e-m/fpu\libnosys_s.a
END GROUP
LOAD c:/embitz/1.11/share/em_armgcc/bin/../lib/gcc/arm-none-eabi/5.4.1/armv7e-m/fpu/crtend.o
LOAD c:/embitz/1.11/share/em_armgcc/bin/../lib/gcc/arm-none-eabi/5.4.1/armv7e-m/fpu/crtn.o
OUTPUT(bin\Debug\uebung_3.elf elf32-littlearm)

.ARM.attributes
                0x00000000       0x30
 .ARM.attributes
                0x00000000       0x22 c:/embitz/1.11/share/em_armgcc/bin/../lib/gcc/arm-none-eabi/5.4.1/armv7e-m/fpu/crti.o
 .ARM.attributes
                0x00000022       0x34 c:/embitz/1.11/share/em_armgcc/bin/../lib/gcc/arm-none-eabi/5.4.1/armv7e-m/fpu/crtbegin.o
 .ARM.attributes
                0x00000056       0x39 obj\debug\libs\display\src\font12.o
 .ARM.attributes
                0x0000008f       0x39 obj\debug\libs\display\src\font24.o
 .ARM.attributes
                0x000000c8       0x39 obj\debug\libs\display\src\st7735.o
 .ARM.attributes
                0x00000101       0x39 obj\debug\libs\display\src\stm32_adafruit_lcd.o
 .ARM.attributes
                0x0000013a       0x39 obj\debug\libs\freertos\freertos_glue.o
 .ARM.attributes
                0x00000173       0x39 obj\debug\libs\freertos\source\list.o
 .ARM.attributes
                0x000001ac       0x39 obj\debug\libs\freertos\source\portable\port.o
 .ARM.attributes
                0x000001e5       0x39 obj\debug\libs\freertos\source\tasks.o
 .ARM.attributes
                0x0000021e       0x39 obj\debug\libs\hal\src\em_i2c.o
 .ARM.attributes
                0x00000257       0x39 obj\debug\libs\hal\src\em_interrupts.o
 .ARM.attributes
                0x00000290       0x39 obj\debug\libs\nnxt\src\nnxt_display_glue.o
 .ARM.attributes
                0x000002c9       0x39 obj\debug\libs\nnxt\src\nnxt_filter.o
 .ARM.attributes
                0x00000302       0x39 obj\debug\libs\nnxt\src\nnxt_i2c.o
 .ARM.attributes
                0x0000033b       0x39 obj\debug\libs\nnxt\src\nnxt_misc.o
 .ARM.attributes
                0x00000374       0x39 obj\debug\libs\nnxt\src\nnxt_motors.o
 .ARM.attributes
                0x000003ad       0x39 obj\debug\libs\nnxt\src\nnxt_onboardperiph.o
 .ARM.attributes
                0x000003e6       0x39 obj\debug\libs\nnxt\src\nnxt_os_glue.o
 .ARM.attributes
                0x0000041f       0x39 obj\debug\libs\nnxt\src\nnxt_sdcard_glue.o
 .ARM.attributes
                0x00000458       0x39 obj\debug\libs\nnxt\src\nnxt_sensors.o
 .ARM.attributes
                0x00000491       0x39 obj\debug\libs\nnxt\src\nnxt_startup.o
 .ARM.attributes
                0x000004ca       0x39 obj\debug\libs\spi\src\spidevice.o
 .ARM.attributes
                0x00000503       0x39 obj\debug\libs\stm32 board\spl\src\misc.o
 .ARM.attributes
                0x0000053c       0x39 obj\debug\libs\stm32 board\spl\src\stm32f4xx_adc.o
 .ARM.attributes
                0x00000575       0x39 obj\debug\libs\stm32 board\spl\src\stm32f4xx_dma.o
 .ARM.attributes
                0x000005ae       0x39 obj\debug\libs\stm32 board\spl\src\stm32f4xx_exti.o
 .ARM.attributes
                0x000005e7       0x39 obj\debug\libs\stm32 board\spl\src\stm32f4xx_gpio.o
 .ARM.attributes
                0x00000620       0x39 obj\debug\libs\stm32 board\spl\src\stm32f4xx_i2c.o
 .ARM.attributes
                0x00000659       0x39 obj\debug\libs\stm32 board\spl\src\stm32f4xx_rcc.o
 .ARM.attributes
                0x00000692       0x39 obj\debug\libs\stm32 board\spl\src\stm32f4xx_spi.o
 .ARM.attributes
                0x000006cb       0x39 obj\debug\libs\stm32 board\spl\src\stm32f4xx_syscfg.o
 .ARM.attributes
                0x00000704       0x39 obj\debug\libs\stm32 board\spl\src\stm32f4xx_tim.o
 .ARM.attributes
                0x0000073d       0x1f obj\debug\libs\stm32 board\src\startup_stm32f4xx.o
 .ARM.attributes
                0x0000075c       0x39 obj\debug\libs\stm32 board\src\system_stm32f4xx.o
 .ARM.attributes
                0x00000795       0x39 obj\debug\main.o
 .ARM.attributes
                0x000007ce       0x34 c:/embitz/1.11/share/em_armgcc/bin/../lib/gcc/arm-none-eabi/5.4.1/../../../../arm-none-eabi/lib/armv7e-m/fpu\libg_n.a(lib_a-impure.o)
 .ARM.attributes
                0x00000802       0x34 c:/embitz/1.11/share/em_armgcc/bin/../lib/gcc/arm-none-eabi/5.4.1/../../../../arm-none-eabi/lib/armv7e-m/fpu\libg_n.a(lib_a-memset.o)
 .ARM.attributes
                0x00000836       0x34 c:/embitz/1.11/share/em_armgcc/bin/../lib/gcc/arm-none-eabi/5.4.1/../../../../arm-none-eabi/lib/armv7e-m/fpu\libg_n.a(lib_a-printf.o)
 .ARM.attributes
                0x0000086a       0x34 c:/embitz/1.11/share/em_armgcc/bin/../lib/gcc/arm-none-eabi/5.4.1/../../../../arm-none-eabi/lib/armv7e-m/fpu\libg_n.a(lib_a-findfp.o)
 .ARM.attributes
                0x0000089e       0x34 c:/embitz/1.11/share/em_armgcc/bin/../lib/gcc/arm-none-eabi/5.4.1/../../../../arm-none-eabi/lib/armv7e-m/fpu\libg_n.a(lib_a-fwalk.o)
 .ARM.attributes
                0x000008d2       0x34 c:/embitz/1.11/share/em_armgcc/bin/../lib/gcc/arm-none-eabi/5.4.1/../../../../arm-none-eabi/lib/armv7e-m/fpu\libg_n.a(lib_a-nano-mallocr.o)
 .ARM.attributes
                0x00000906       0x34 c:/embitz/1.11/share/em_armgcc/bin/../lib/gcc/arm-none-eabi/5.4.1/../../../../arm-none-eabi/lib/armv7e-m/fpu\libg_n.a(lib_a-nano-vfprintf.o)
 .ARM.attributes
                0x0000093a       0x34 c:/embitz/1.11/share/em_armgcc/bin/../lib/gcc/arm-none-eabi/5.4.1/../../../../arm-none-eabi/lib/armv7e-m/fpu\libg_n.a(lib_a-nano-vfprintf_i.o)
 .ARM.attributes
                0x0000096e       0x34 c:/embitz/1.11/share/em_armgcc/bin/../lib/gcc/arm-none-eabi/5.4.1/../../../../arm-none-eabi/lib/armv7e-m/fpu\libg_n.a(lib_a-sbrkr.o)
 .ARM.attributes
                0x000009a2       0x34 c:/embitz/1.11/share/em_armgcc/bin/../lib/gcc/arm-none-eabi/5.4.1/../../../../arm-none-eabi/lib/armv7e-m/fpu\libg_n.a(lib_a-stdio.o)
 .ARM.attributes
                0x000009d6       0x34 c:/embitz/1.11/share/em_armgcc/bin/../lib/gcc/arm-none-eabi/5.4.1/../../../../arm-none-eabi/lib/armv7e-m/fpu\libg_n.a(lib_a-wbuf.o)
 .ARM.attributes
                0x00000a0a       0x34 c:/embitz/1.11/share/em_armgcc/bin/../lib/gcc/arm-none-eabi/5.4.1/../../../../arm-none-eabi/lib/armv7e-m/fpu\libg_n.a(lib_a-writer.o)
 .ARM.attributes
                0x00000a3e       0x34 c:/embitz/1.11/share/em_armgcc/bin/../lib/gcc/arm-none-eabi/5.4.1/../../../../arm-none-eabi/lib/armv7e-m/fpu\libg_n.a(lib_a-wsetup.o)
 .ARM.attributes
                0x00000a72       0x34 c:/embitz/1.11/share/em_armgcc/bin/../lib/gcc/arm-none-eabi/5.4.1/../../../../arm-none-eabi/lib/armv7e-m/fpu\libg_n.a(lib_a-closer.o)
 .ARM.attributes
                0x00000aa6       0x34 c:/embitz/1.11/share/em_armgcc/bin/../lib/gcc/arm-none-eabi/5.4.1/../../../../arm-none-eabi/lib/armv7e-m/fpu\libg_n.a(lib_a-fflush.o)
 .ARM.attributes
                0x00000ada       0x34 c:/embitz/1.11/share/em_armgcc/bin/../lib/gcc/arm-none-eabi/5.4.1/../../../../arm-none-eabi/lib/armv7e-m/fpu\libg_n.a(lib_a-lseekr.o)
 .ARM.attributes
                0x00000b0e       0x34 c:/embitz/1.11/share/em_armgcc/bin/../lib/gcc/arm-none-eabi/5.4.1/../../../../arm-none-eabi/lib/armv7e-m/fpu\libg_n.a(lib_a-makebuf.o)
 .ARM.attributes
                0x00000b42       0x20 c:/embitz/1.11/share/em_armgcc/bin/../lib/gcc/arm-none-eabi/5.4.1/../../../../arm-none-eabi/lib/armv7e-m/fpu\libg_n.a(lib_a-memchr.o)
 .ARM.attributes
                0x00000b62       0x34 c:/embitz/1.11/share/em_armgcc/bin/../lib/gcc/arm-none-eabi/5.4.1/../../../../arm-none-eabi/lib/armv7e-m/fpu\libg_n.a(lib_a-mlock.o)
 .ARM.attributes
                0x00000b96       0x34 c:/embitz/1.11/share/em_armgcc/bin/../lib/gcc/arm-none-eabi/5.4.1/../../../../arm-none-eabi/lib/armv7e-m/fpu\libg_n.a(lib_a-nano-freer.o)
 .ARM.attributes
                0x00000bca       0x34 c:/embitz/1.11/share/em_armgcc/bin/../lib/gcc/arm-none-eabi/5.4.1/../../../../arm-none-eabi/lib/armv7e-m/fpu\libg_n.a(lib_a-readr.o)
 .ARM.attributes
                0x00000bfe       0x34 c:/embitz/1.11/share/em_armgcc/bin/../lib/gcc/arm-none-eabi/5.4.1/../../../../arm-none-eabi/lib/armv7e-m/fpu\libg_n.a(lib_a-reent.o)
 .ARM.attributes
                0x00000c32       0x34 c:/embitz/1.11/share/em_armgcc/bin/../lib/gcc/arm-none-eabi/5.4.1/../../../../arm-none-eabi/lib/armv7e-m/fpu\libg_n.a(lib_a-fstatr.o)
 .ARM.attributes
                0x00000c66       0x34 c:/embitz/1.11/share/em_armgcc/bin/../lib/gcc/arm-none-eabi/5.4.1/../../../../arm-none-eabi/lib/armv7e-m/fpu\libg_n.a(lib_a-isattyr.o)
 .ARM.attributes
                0x00000c9a       0x34 c:/embitz/1.11/share/em_armgcc/bin/../lib/gcc/arm-none-eabi/5.4.1/../../../../arm-none-eabi/lib/armv7e-m/fpu\libnosys_s.a(close.o)
 .ARM.attributes
                0x00000cce       0x34 c:/embitz/1.11/share/em_armgcc/bin/../lib/gcc/arm-none-eabi/5.4.1/../../../../arm-none-eabi/lib/armv7e-m/fpu\libnosys_s.a(fstat.o)
 .ARM.attributes
                0x00000d02       0x34 c:/embitz/1.11/share/em_armgcc/bin/../lib/gcc/arm-none-eabi/5.4.1/../../../../arm-none-eabi/lib/armv7e-m/fpu\libnosys_s.a(isatty.o)
 .ARM.attributes
                0x00000d36       0x34 c:/embitz/1.11/share/em_armgcc/bin/../lib/gcc/arm-none-eabi/5.4.1/../../../../arm-none-eabi/lib/armv7e-m/fpu\libnosys_s.a(lseek.o)
 .ARM.attributes
                0x00000d6a       0x34 c:/embitz/1.11/share/em_armgcc/bin/../lib/gcc/arm-none-eabi/5.4.1/../../../../arm-none-eabi/lib/armv7e-m/fpu\libnosys_s.a(read.o)
 .ARM.attributes
                0x00000d9e       0x34 c:/embitz/1.11/share/em_armgcc/bin/../lib/gcc/arm-none-eabi/5.4.1/../../../../arm-none-eabi/lib/armv7e-m/fpu\libnosys_s.a(sbrk.o)
 .ARM.attributes
                0x00000dd2       0x34 c:/embitz/1.11/share/em_armgcc/bin/../lib/gcc/arm-none-eabi/5.4.1/../../../../arm-none-eabi/lib/armv7e-m/fpu\libnosys_s.a(write.o)
 .ARM.attributes
                0x00000e06       0x34 c:/embitz/1.11/share/em_armgcc/bin/../lib/gcc/arm-none-eabi/5.4.1/armv7e-m/fpu/crtend.o
 .ARM.attributes
                0x00000e3a       0x22 c:/embitz/1.11/share/em_armgcc/bin/../lib/gcc/arm-none-eabi/5.4.1/armv7e-m/fpu/crtn.o

.comment        0x00000000       0x6e
 .comment       0x00000000       0x6e obj\debug\libs\display\src\font12.o
                                 0x6f (size before relaxing)
 .comment       0x0000006e       0x6f obj\debug\libs\display\src\font24.o
 .comment       0x0000006e       0x6f obj\debug\libs\display\src\st7735.o
 .comment       0x0000006e       0x6f obj\debug\libs\display\src\stm32_adafruit_lcd.o
 .comment       0x0000006e       0x6f obj\debug\libs\freertos\freertos_glue.o
 .comment       0x0000006e       0x6f obj\debug\libs\freertos\source\list.o
 .comment       0x0000006e       0x6f obj\debug\libs\freertos\source\portable\port.o
 .comment       0x0000006e       0x6f obj\debug\libs\freertos\source\tasks.o
 .comment       0x0000006e       0x6f obj\debug\libs\hal\src\em_i2c.o
 .comment       0x0000006e       0x6f obj\debug\libs\hal\src\em_interrupts.o
 .comment       0x0000006e       0x6f obj\debug\libs\nnxt\src\nnxt_display_glue.o
 .comment       0x0000006e       0x6f obj\debug\libs\nnxt\src\nnxt_filter.o
 .comment       0x0000006e       0x6f obj\debug\libs\nnxt\src\nnxt_i2c.o
 .comment       0x0000006e       0x6f obj\debug\libs\nnxt\src\nnxt_misc.o
 .comment       0x0000006e       0x6f obj\debug\libs\nnxt\src\nnxt_motors.o
 .comment       0x0000006e       0x6f obj\debug\libs\nnxt\src\nnxt_onboardperiph.o
 .comment       0x0000006e       0x6f obj\debug\libs\nnxt\src\nnxt_os_glue.o
 .comment       0x0000006e       0x6f obj\debug\libs\nnxt\src\nnxt_sdcard_glue.o
 .comment       0x0000006e       0x6f obj\debug\libs\nnxt\src\nnxt_sensors.o
 .comment       0x0000006e       0x6f obj\debug\libs\nnxt\src\nnxt_startup.o
 .comment       0x0000006e       0x6f obj\debug\libs\spi\src\spidevice.o
 .comment       0x0000006e       0x6f obj\debug\libs\stm32 board\spl\src\misc.o
 .comment       0x0000006e       0x6f obj\debug\libs\stm32 board\spl\src\stm32f4xx_adc.o
 .comment       0x0000006e       0x6f obj\debug\libs\stm32 board\spl\src\stm32f4xx_dma.o
 .comment       0x0000006e       0x6f obj\debug\libs\stm32 board\spl\src\stm32f4xx_exti.o
 .comment       0x0000006e       0x6f obj\debug\libs\stm32 board\spl\src\stm32f4xx_gpio.o
 .comment       0x0000006e       0x6f obj\debug\libs\stm32 board\spl\src\stm32f4xx_i2c.o
 .comment       0x0000006e       0x6f obj\debug\libs\stm32 board\spl\src\stm32f4xx_rcc.o
 .comment       0x0000006e       0x6f obj\debug\libs\stm32 board\spl\src\stm32f4xx_spi.o
 .comment       0x0000006e       0x6f obj\debug\libs\stm32 board\spl\src\stm32f4xx_syscfg.o
 .comment       0x0000006e       0x6f obj\debug\libs\stm32 board\spl\src\stm32f4xx_tim.o
 .comment       0x0000006e       0x6f obj\debug\libs\stm32 board\src\system_stm32f4xx.o
 .comment       0x0000006e       0x6f obj\debug\main.o

.debug_info     0x00000000    0x12b39
 .debug_info    0x00000000      0x11b obj\debug\libs\display\src\font12.o
 .debug_info    0x0000011b      0x11b obj\debug\libs\display\src\font24.o
 .debug_info    0x00000236      0x5f0 obj\debug\libs\display\src\st7735.o
 .debug_info    0x00000826     0x100f obj\debug\libs\display\src\stm32_adafruit_lcd.o
 .debug_info    0x00001835      0x427 obj\debug\libs\freertos\freertos_glue.o
 .debug_info    0x00001c5c      0x2a8 obj\debug\libs\freertos\source\list.o
 .debug_info    0x00001f04      0x50e obj\debug\libs\freertos\source\portable\port.o
 .debug_info    0x00002412     0x1ecd obj\debug\libs\freertos\source\tasks.o
 .debug_info    0x000042df      0x724 obj\debug\libs\hal\src\em_i2c.o
 .debug_info    0x00004a03      0x756 obj\debug\libs\hal\src\em_interrupts.o
 .debug_info    0x00005159      0x5ec obj\debug\libs\nnxt\src\nnxt_display_glue.o
 .debug_info    0x00005745      0x1e1 obj\debug\libs\nnxt\src\nnxt_filter.o
 .debug_info    0x00005926      0x763 obj\debug\libs\nnxt\src\nnxt_i2c.o
 .debug_info    0x00006089      0x665 obj\debug\libs\nnxt\src\nnxt_misc.o
 .debug_info    0x000066ee      0xe27 obj\debug\libs\nnxt\src\nnxt_motors.o
 .debug_info    0x00007515      0xe6d obj\debug\libs\nnxt\src\nnxt_onboardperiph.o
 .debug_info    0x00008382      0x1f3 obj\debug\libs\nnxt\src\nnxt_os_glue.o
 .debug_info    0x00008575      0xdf6 obj\debug\libs\nnxt\src\nnxt_sdcard_glue.o
 .debug_info    0x0000936b     0x104e obj\debug\libs\nnxt\src\nnxt_sensors.o
 .debug_info    0x0000a3b9     0x104f obj\debug\libs\nnxt\src\nnxt_startup.o
 .debug_info    0x0000b408      0x915 obj\debug\libs\spi\src\spidevice.o
 .debug_info    0x0000bd1d      0x55e obj\debug\libs\stm32 board\spl\src\misc.o
 .debug_info    0x0000c27b      0xc48 obj\debug\libs\stm32 board\spl\src\stm32f4xx_adc.o
 .debug_info    0x0000cec3      0x749 obj\debug\libs\stm32 board\spl\src\stm32f4xx_dma.o
 .debug_info    0x0000d60c      0x35f obj\debug\libs\stm32 board\spl\src\stm32f4xx_exti.o
 .debug_info    0x0000d96b      0x622 obj\debug\libs\stm32 board\spl\src\stm32f4xx_gpio.o
 .debug_info    0x0000df8d      0xb9b obj\debug\libs\stm32 board\spl\src\stm32f4xx_i2c.o
 .debug_info    0x0000eb28      0xc9f obj\debug\libs\stm32 board\spl\src\stm32f4xx_rcc.o
 .debug_info    0x0000f7c7      0xb4b obj\debug\libs\stm32 board\spl\src\stm32f4xx_spi.o
 .debug_info    0x00010312      0x27c obj\debug\libs\stm32 board\spl\src\stm32f4xx_syscfg.o
 .debug_info    0x0001058e     0x1c71 obj\debug\libs\stm32 board\spl\src\stm32f4xx_tim.o
 .debug_info    0x000121ff       0x7f obj\debug\libs\stm32 board\src\startup_stm32f4xx.o
 .debug_info    0x0001227e      0x60e obj\debug\libs\stm32 board\src\system_stm32f4xx.o
 .debug_info    0x0001288c      0x2ad obj\debug\main.o

.debug_abbrev   0x00000000     0x3926
 .debug_abbrev  0x00000000       0x98 obj\debug\libs\display\src\font12.o
 .debug_abbrev  0x00000098       0x98 obj\debug\libs\display\src\font24.o
 .debug_abbrev  0x00000130      0x134 obj\debug\libs\display\src\st7735.o
 .debug_abbrev  0x00000264      0x24e obj\debug\libs\display\src\stm32_adafruit_lcd.o
 .debug_abbrev  0x000004b2      0x187 obj\debug\libs\freertos\freertos_glue.o
 .debug_abbrev  0x00000639       0xc1 obj\debug\libs\freertos\source\list.o
 .debug_abbrev  0x000006fa      0x1cf obj\debug\libs\freertos\source\portable\port.o
 .debug_abbrev  0x000008c9      0x2c8 obj\debug\libs\freertos\source\tasks.o
 .debug_abbrev  0x00000b91      0x1ff obj\debug\libs\hal\src\em_i2c.o
 .debug_abbrev  0x00000d90      0x1ec obj\debug\libs\hal\src\em_interrupts.o
 .debug_abbrev  0x00000f7c      0x21b obj\debug\libs\nnxt\src\nnxt_display_glue.o
 .debug_abbrev  0x00001197       0xdb obj\debug\libs\nnxt\src\nnxt_filter.o
 .debug_abbrev  0x00001272      0x1e3 obj\debug\libs\nnxt\src\nnxt_i2c.o
 .debug_abbrev  0x00001455      0x244 obj\debug\libs\nnxt\src\nnxt_misc.o
 .debug_abbrev  0x00001699      0x231 obj\debug\libs\nnxt\src\nnxt_motors.o
 .debug_abbrev  0x000018ca      0x25e obj\debug\libs\nnxt\src\nnxt_onboardperiph.o
 .debug_abbrev  0x00001b28      0x10a obj\debug\libs\nnxt\src\nnxt_os_glue.o
 .debug_abbrev  0x00001c32      0x30d obj\debug\libs\nnxt\src\nnxt_sdcard_glue.o
 .debug_abbrev  0x00001f3f      0x2e7 obj\debug\libs\nnxt\src\nnxt_sensors.o
 .debug_abbrev  0x00002226      0x2a8 obj\debug\libs\nnxt\src\nnxt_startup.o
 .debug_abbrev  0x000024ce      0x290 obj\debug\libs\spi\src\spidevice.o
 .debug_abbrev  0x0000275e      0x14c obj\debug\libs\stm32 board\spl\src\misc.o
 .debug_abbrev  0x000028aa      0x19d obj\debug\libs\stm32 board\spl\src\stm32f4xx_adc.o
 .debug_abbrev  0x00002a47      0x15c obj\debug\libs\stm32 board\spl\src\stm32f4xx_dma.o
 .debug_abbrev  0x00002ba3      0x1ae obj\debug\libs\stm32 board\spl\src\stm32f4xx_exti.o
 .debug_abbrev  0x00002d51      0x1ac obj\debug\libs\stm32 board\spl\src\stm32f4xx_gpio.o
 .debug_abbrev  0x00002efd      0x16b obj\debug\libs\stm32 board\spl\src\stm32f4xx_i2c.o
 .debug_abbrev  0x00003068      0x1ea obj\debug\libs\stm32 board\spl\src\stm32f4xx_rcc.o
 .debug_abbrev  0x00003252      0x16e obj\debug\libs\stm32 board\spl\src\stm32f4xx_spi.o
 .debug_abbrev  0x000033c0      0x138 obj\debug\libs\stm32 board\spl\src\stm32f4xx_syscfg.o
 .debug_abbrev  0x000034f8      0x18e obj\debug\libs\stm32 board\spl\src\stm32f4xx_tim.o
 .debug_abbrev  0x00003686       0x14 obj\debug\libs\stm32 board\src\startup_stm32f4xx.o
 .debug_abbrev  0x0000369a      0x13d obj\debug\libs\stm32 board\src\system_stm32f4xx.o
 .debug_abbrev  0x000037d7      0x14f obj\debug\main.o

.debug_aranges  0x00000000     0x13a0
 .debug_aranges
                0x00000000       0x18 obj\debug\libs\display\src\font12.o
 .debug_aranges
                0x00000018       0x18 obj\debug\libs\display\src\font24.o
 .debug_aranges
                0x00000030       0x88 obj\debug\libs\display\src\st7735.o
 .debug_aranges
                0x000000b8      0x130 obj\debug\libs\display\src\stm32_adafruit_lcd.o
 .debug_aranges
                0x000001e8       0x28 obj\debug\libs\freertos\freertos_glue.o
 .debug_aranges
                0x00000210       0x40 obj\debug\libs\freertos\source\list.o
 .debug_aranges
                0x00000250       0x80 obj\debug\libs\freertos\source\portable\port.o
 .debug_aranges
                0x000002d0      0x1f0 obj\debug\libs\freertos\source\tasks.o
 .debug_aranges
                0x000004c0       0x60 obj\debug\libs\hal\src\em_i2c.o
 .debug_aranges
                0x00000520       0x78 obj\debug\libs\hal\src\em_interrupts.o
 .debug_aranges
                0x00000598       0x58 obj\debug\libs\nnxt\src\nnxt_display_glue.o
 .debug_aranges
                0x000005f0       0x30 obj\debug\libs\nnxt\src\nnxt_filter.o
 .debug_aranges
                0x00000620       0x40 obj\debug\libs\nnxt\src\nnxt_i2c.o
 .debug_aranges
                0x00000660       0x40 obj\debug\libs\nnxt\src\nnxt_misc.o
 .debug_aranges
                0x000006a0       0x48 obj\debug\libs\nnxt\src\nnxt_motors.o
 .debug_aranges
                0x000006e8       0x78 obj\debug\libs\nnxt\src\nnxt_onboardperiph.o
 .debug_aranges
                0x00000760       0x20 obj\debug\libs\nnxt\src\nnxt_os_glue.o
 .debug_aranges
                0x00000780       0xa0 obj\debug\libs\nnxt\src\nnxt_sdcard_glue.o
 .debug_aranges
                0x00000820       0x60 obj\debug\libs\nnxt\src\nnxt_sensors.o
 .debug_aranges
                0x00000880       0x40 obj\debug\libs\nnxt\src\nnxt_startup.o
 .debug_aranges
                0x000008c0       0x78 obj\debug\libs\spi\src\spidevice.o
 .debug_aranges
                0x00000938       0x40 obj\debug\libs\stm32 board\spl\src\misc.o
 .debug_aranges
                0x00000978      0x148 obj\debug\libs\stm32 board\spl\src\stm32f4xx_adc.o
 .debug_aranges
                0x00000ac0       0xb0 obj\debug\libs\stm32 board\spl\src\stm32f4xx_dma.o
 .debug_aranges
                0x00000b70       0x58 obj\debug\libs\stm32 board\spl\src\stm32f4xx_exti.o
 .debug_aranges
                0x00000bc8       0x88 obj\debug\libs\stm32 board\spl\src\stm32f4xx_gpio.o
 .debug_aranges
                0x00000c50      0x130 obj\debug\libs\stm32 board\spl\src\stm32f4xx_i2c.o
 .debug_aranges
                0x00000d80      0x178 obj\debug\libs\stm32 board\spl\src\stm32f4xx_rcc.o
 .debug_aranges
                0x00000ef8       0xe0 obj\debug\libs\stm32 board\spl\src\stm32f4xx_spi.o
 .debug_aranges
                0x00000fd8       0x48 obj\debug\libs\stm32 board\spl\src\stm32f4xx_syscfg.o
 .debug_aranges
                0x00001020      0x2f8 obj\debug\libs\stm32 board\spl\src\stm32f4xx_tim.o
 .debug_aranges
                0x00001318       0x20 obj\debug\libs\stm32 board\src\startup_stm32f4xx.o
 .debug_aranges
                0x00001338       0x30 obj\debug\libs\stm32 board\src\system_stm32f4xx.o
 .debug_aranges
                0x00001368       0x38 obj\debug\main.o

.debug_macro    0x00000000     0x8712
 .debug_macro   0x00000000       0x73 obj\debug\libs\display\src\font12.o
 .debug_macro   0x00000073       0x73 obj\debug\libs\display\src\font24.o
 .debug_macro   0x000000e6       0xbb obj\debug\libs\display\src\st7735.o
 .debug_macro   0x000001a1       0x10 obj\debug\libs\display\src\st7735.o
 .debug_macro   0x000001b1       0xc2 obj\debug\libs\display\src\stm32_adafruit_lcd.o
 .debug_macro   0x00000273      0x34d obj\debug\libs\freertos\freertos_glue.o
 .debug_macro   0x000005c0      0x265 obj\debug\libs\freertos\freertos_glue.o
 .debug_macro   0x00000825      0x735 obj\debug\libs\freertos\freertos_glue.o
 .debug_macro   0x00000f5a       0x2f obj\debug\libs\freertos\freertos_glue.o
 .debug_macro   0x00000f89       0x34 obj\debug\libs\freertos\freertos_glue.o
 .debug_macro   0x00000fbd       0x52 obj\debug\libs\freertos\freertos_glue.o
 .debug_macro   0x0000100f      0x30d obj\debug\libs\freertos\freertos_glue.o
 .debug_macro   0x0000131c       0x25 obj\debug\libs\freertos\freertos_glue.o
 .debug_macro   0x00001341      0x118 obj\debug\libs\freertos\freertos_glue.o
 .debug_macro   0x00001459      0x18c obj\debug\libs\freertos\source\list.o
 .debug_macro   0x000015e5      0x1ae obj\debug\libs\freertos\source\portable\port.o
 .debug_macro   0x00001793      0x261 obj\debug\libs\freertos\source\tasks.o
 .debug_macro   0x000019f4       0x11 obj\debug\libs\freertos\source\tasks.o
 .debug_macro   0x00001a05      0x31f obj\debug\libs\hal\src\em_i2c.o
 .debug_macro   0x00001d24      0x2b4 obj\debug\libs\hal\src\em_i2c.o
 .debug_macro   0x00001fd8       0xf4 obj\debug\libs\hal\src\em_i2c.o
 .debug_macro   0x000020cc       0x16 obj\debug\libs\hal\src\em_i2c.o
 .debug_macro   0x000020e2       0x97 obj\debug\libs\hal\src\em_i2c.o
 .debug_macro   0x00002179       0xfd obj\debug\libs\hal\src\em_i2c.o
 .debug_macro   0x00002276       0x10 obj\debug\libs\hal\src\em_i2c.o
 .debug_macro   0x00002286       0x10 obj\debug\libs\hal\src\em_i2c.o
 .debug_macro   0x00002296       0x1c obj\debug\libs\hal\src\em_i2c.o
 .debug_macro   0x000022b2       0x52 obj\debug\libs\hal\src\em_i2c.o
 .debug_macro   0x00002304       0x40 obj\debug\libs\hal\src\em_i2c.o
 .debug_macro   0x00002344       0x10 obj\debug\libs\hal\src\em_i2c.o
 .debug_macro   0x00002354       0x40 obj\debug\libs\hal\src\em_i2c.o
 .debug_macro   0x00002394       0xd7 obj\debug\libs\hal\src\em_i2c.o
 .debug_macro   0x0000246b       0x16 obj\debug\libs\hal\src\em_i2c.o
 .debug_macro   0x00002481      0x189 obj\debug\libs\hal\src\em_i2c.o
 .debug_macro   0x0000260a      0x310 obj\debug\libs\hal\src\em_interrupts.o
 .debug_macro   0x0000291a      0x34f obj\debug\libs\nnxt\src\nnxt_display_glue.o
 .debug_macro   0x00002c69       0x10 obj\debug\libs\nnxt\src\nnxt_display_glue.o
 .debug_macro   0x00002c79       0xad obj\debug\libs\nnxt\src\nnxt_filter.o
 .debug_macro   0x00002d26       0x82 obj\debug\libs\nnxt\src\nnxt_filter.o
 .debug_macro   0x00002da8      0x45d obj\debug\libs\nnxt\src\nnxt_filter.o
 .debug_macro   0x00003205      0x308 obj\debug\libs\nnxt\src\nnxt_i2c.o
 .debug_macro   0x0000350d       0x22 obj\debug\libs\nnxt\src\nnxt_i2c.o
 .debug_macro   0x0000352f      0x302 obj\debug\libs\nnxt\src\nnxt_misc.o
 .debug_macro   0x00003831      0x1e5 obj\debug\libs\nnxt\src\nnxt_motors.o
 .debug_macro   0x00003a16      0x2c7 obj\debug\libs\nnxt\src\nnxt_onboardperiph.o
 .debug_macro   0x00003cdd      0x80e obj\debug\libs\nnxt\src\nnxt_onboardperiph.o
 .debug_macro   0x000044eb      0x2ac obj\debug\libs\nnxt\src\nnxt_os_glue.o
 .debug_macro   0x00004797      0x371 obj\debug\libs\nnxt\src\nnxt_sdcard_glue.o
 .debug_macro   0x00004b08       0xf8 obj\debug\libs\nnxt\src\nnxt_sdcard_glue.o
 .debug_macro   0x00004c00       0xf5 obj\debug\libs\nnxt\src\nnxt_sdcard_glue.o
 .debug_macro   0x00004cf5       0xac obj\debug\libs\nnxt\src\nnxt_sdcard_glue.o
 .debug_macro   0x00004da1      0x3a1 obj\debug\libs\nnxt\src\nnxt_sensors.o
 .debug_macro   0x00005142      0x1e1 obj\debug\libs\nnxt\src\nnxt_sensors.o
 .debug_macro   0x00005323       0x10 obj\debug\libs\nnxt\src\nnxt_sensors.o
 .debug_macro   0x00005333      0x356 obj\debug\libs\nnxt\src\nnxt_startup.o
 .debug_macro   0x00005689      0x11c obj\debug\libs\nnxt\src\nnxt_startup.o
 .debug_macro   0x000057a5      0x2df obj\debug\libs\spi\src\spidevice.o
 .debug_macro   0x00005a84      0x364 obj\debug\libs\spi\src\spidevice.o
 .debug_macro   0x00005de8      0x1c6 obj\debug\libs\stm32 board\spl\src\misc.o
 .debug_macro   0x00005fae       0x79 obj\debug\libs\stm32 board\spl\src\misc.o
 .debug_macro   0x00006027      0x247 obj\debug\libs\stm32 board\spl\src\stm32f4xx_adc.o
 .debug_macro   0x0000626e      0x3c9 obj\debug\libs\stm32 board\spl\src\stm32f4xx_adc.o
 .debug_macro   0x00006637      0x214 obj\debug\libs\stm32 board\spl\src\stm32f4xx_dma.o
 .debug_macro   0x0000684b      0x471 obj\debug\libs\stm32 board\spl\src\stm32f4xx_dma.o
 .debug_macro   0x00006cbc      0x1c6 obj\debug\libs\stm32 board\spl\src\stm32f4xx_exti.o
 .debug_macro   0x00006e82       0xa6 obj\debug\libs\stm32 board\spl\src\stm32f4xx_exti.o
 .debug_macro   0x00006f28      0x1c0 obj\debug\libs\stm32 board\spl\src\stm32f4xx_gpio.o
 .debug_macro   0x000070e8      0x1d2 obj\debug\libs\stm32 board\spl\src\stm32f4xx_i2c.o
 .debug_macro   0x000072ba      0x268 obj\debug\libs\stm32 board\spl\src\stm32f4xx_rcc.o
 .debug_macro   0x00007522      0x532 obj\debug\libs\stm32 board\spl\src\stm32f4xx_rcc.o
 .debug_macro   0x00007a54      0x1eb obj\debug\libs\stm32 board\spl\src\stm32f4xx_spi.o
 .debug_macro   0x00007c3f      0x1ea obj\debug\libs\stm32 board\spl\src\stm32f4xx_syscfg.o
 .debug_macro   0x00007e29       0xd9 obj\debug\libs\stm32 board\spl\src\stm32f4xx_syscfg.o
 .debug_macro   0x00007f02      0x1ea obj\debug\libs\stm32 board\spl\src\stm32f4xx_tim.o
 .debug_macro   0x000080ec      0x1e7 obj\debug\libs\stm32 board\src\system_stm32f4xx.o
 .debug_macro   0x000082d3      0x43f obj\debug\main.o

.debug_line     0x00000000     0xded8
 .debug_line    0x00000000      0x1af obj\debug\libs\display\src\font12.o
 .debug_line    0x000001af      0x1af obj\debug\libs\display\src\font24.o
 .debug_line    0x0000035e      0x3d1 obj\debug\libs\display\src\st7735.o
 .debug_line    0x0000072f      0x656 obj\debug\libs\display\src\stm32_adafruit_lcd.o
 .debug_line    0x00000d85      0x739 obj\debug\libs\freertos\freertos_glue.o
 .debug_line    0x000014be      0x3b1 obj\debug\libs\freertos\source\list.o
 .debug_line    0x0000186f      0x4b3 obj\debug\libs\freertos\source\portable\port.o
 .debug_line    0x00001d22      0xfce obj\debug\libs\freertos\source\tasks.o
 .debug_line    0x00002cf0      0x6f8 obj\debug\libs\hal\src\em_i2c.o
 .debug_line    0x000033e8      0x7b1 obj\debug\libs\hal\src\em_interrupts.o
 .debug_line    0x00003b99      0x794 obj\debug\libs\nnxt\src\nnxt_display_glue.o
 .debug_line    0x0000432d      0x24b obj\debug\libs\nnxt\src\nnxt_filter.o
 .debug_line    0x00004578      0x719 obj\debug\libs\nnxt\src\nnxt_i2c.o
 .debug_line    0x00004c91      0x7b1 obj\debug\libs\nnxt\src\nnxt_misc.o
 .debug_line    0x00005442      0x5aa obj\debug\libs\nnxt\src\nnxt_motors.o
 .debug_line    0x000059ec      0x74b obj\debug\libs\nnxt\src\nnxt_onboardperiph.o
 .debug_line    0x00006137      0x5f9 obj\debug\libs\nnxt\src\nnxt_os_glue.o
 .debug_line    0x00006730      0x9f1 obj\debug\libs\nnxt\src\nnxt_sdcard_glue.o
 .debug_line    0x00007121      0x864 obj\debug\libs\nnxt\src\nnxt_sensors.o
 .debug_line    0x00007985      0x8b2 obj\debug\libs\nnxt\src\nnxt_startup.o
 .debug_line    0x00008237      0x847 obj\debug\libs\spi\src\spidevice.o
 .debug_line    0x00008a7e      0x4c8 obj\debug\libs\stm32 board\spl\src\misc.o
 .debug_line    0x00008f46      0x7de obj\debug\libs\stm32 board\spl\src\stm32f4xx_adc.o
 .debug_line    0x00009724      0x6ab obj\debug\libs\stm32 board\spl\src\stm32f4xx_dma.o
 .debug_line    0x00009dcf      0x521 obj\debug\libs\stm32 board\spl\src\stm32f4xx_exti.o
 .debug_line    0x0000a2f0      0x5e0 obj\debug\libs\stm32 board\spl\src\stm32f4xx_gpio.o
 .debug_line    0x0000a8d0      0x784 obj\debug\libs\stm32 board\spl\src\stm32f4xx_i2c.o
 .debug_line    0x0000b054      0x826 obj\debug\libs\stm32 board\spl\src\stm32f4xx_rcc.o
 .debug_line    0x0000b87a      0x6da obj\debug\libs\stm32 board\spl\src\stm32f4xx_spi.o
 .debug_line    0x0000bf54      0x4d9 obj\debug\libs\stm32 board\spl\src\stm32f4xx_syscfg.o
 .debug_line    0x0000c42d      0xd42 obj\debug\libs\stm32 board\spl\src\stm32f4xx_tim.o
 .debug_line    0x0000d16f       0xdb obj\debug\libs\stm32 board\src\startup_stm32f4xx.o
 .debug_line    0x0000d24a      0x4ef obj\debug\libs\stm32 board\src\system_stm32f4xx.o
 .debug_line    0x0000d739      0x79f obj\debug\main.o

.debug_str      0x00000000    0x729a7
 .debug_str     0x00000000     0x3346 obj\debug\libs\display\src\font12.o
                               0x34d7 (size before relaxing)
 .debug_str     0x00003346       0x2e obj\debug\libs\display\src\font24.o
                               0x34d7 (size before relaxing)
 .debug_str     0x00003374      0x829 obj\debug\libs\display\src\st7735.o
                               0x3d17 (size before relaxing)
 .debug_str     0x00003b9d      0x6c5 obj\debug\libs\display\src\stm32_adafruit_lcd.o
                               0x41ac (size before relaxing)
 .debug_str     0x00004262    0x620cb obj\debug\libs\freertos\freertos_glue.o
                              0x65ce6 (size before relaxing)
 .debug_str     0x0006632d     0x1446 obj\debug\libs\freertos\source\list.o
                               0x908f (size before relaxing)
 .debug_str     0x00067773      0x84d obj\debug\libs\freertos\source\portable\port.o
                               0x760a (size before relaxing)
 .debug_str     0x00067fc0     0x1c2e obj\debug\libs\freertos\source\tasks.o
                               0xb335 (size before relaxing)
 .debug_str     0x00069bee     0x18f7 obj\debug\libs\hal\src\em_i2c.o
                              0x63313 (size before relaxing)
 .debug_str     0x0006b4e5      0x1d7 obj\debug\libs\hal\src\em_interrupts.o
                              0x64685 (size before relaxing)
 .debug_str     0x0006b6bc      0x3e3 obj\debug\libs\nnxt\src\nnxt_display_glue.o
                              0x6491b (size before relaxing)
 .debug_str     0x0006ba9f     0x111f obj\debug\libs\nnxt\src\nnxt_filter.o
                               0x4839 (size before relaxing)
 .debug_str     0x0006cbbe      0x1a2 obj\debug\libs\nnxt\src\nnxt_i2c.o
                              0x64884 (size before relaxing)
 .debug_str     0x0006cd60       0xf6 obj\debug\libs\nnxt\src\nnxt_misc.o
                              0x644d9 (size before relaxing)
 .debug_str     0x0006ce56      0x9ea obj\debug\libs\nnxt\src\nnxt_motors.o
                              0x5fef7 (size before relaxing)
 .debug_str     0x0006d840      0x2ca obj\debug\libs\nnxt\src\nnxt_onboardperiph.o
                              0x649d3 (size before relaxing)
 .debug_str     0x0006db0a       0x2e obj\debug\libs\nnxt\src\nnxt_os_glue.o
                              0x63b98 (size before relaxing)
 .debug_str     0x0006db38      0x998 obj\debug\libs\nnxt\src\nnxt_sdcard_glue.o
                              0x64dcf (size before relaxing)
 .debug_str     0x0006e4d0      0xdd5 obj\debug\libs\nnxt\src\nnxt_sensors.o
                              0x6851e (size before relaxing)
 .debug_str     0x0006f2a5      0x19b obj\debug\libs\nnxt\src\nnxt_startup.o
                              0x652f1 (size before relaxing)
 .debug_str     0x0006f440      0x3ca obj\debug\libs\spi\src\spidevice.o
                              0x64199 (size before relaxing)
 .debug_str     0x0006f80a      0x116 obj\debug\libs\stm32 board\spl\src\misc.o
                              0x5c41b (size before relaxing)
 .debug_str     0x0006f920      0x7cb obj\debug\libs\stm32 board\spl\src\stm32f4xx_adc.o
                              0x5cb0a (size before relaxing)
 .debug_str     0x000700eb      0x55d obj\debug\libs\stm32 board\spl\src\stm32f4xx_dma.o
                              0x5c881 (size before relaxing)
 .debug_str     0x00070648      0x102 obj\debug\libs\stm32 board\spl\src\stm32f4xx_exti.o