Archive member included to satisfy reference by file (symbol)

c:/embitz/1.11/share/em_armgcc/bin/../lib/gcc/arm-none-eabi/5.4.1/armv7e-m/fpu\libgcc.a(_arm_addsubdf3.o)
                              obj\debug\libs\nnxt\src\nnxt_misc.o (__aeabi_dsub)
c:/embitz/1.11/share/em_armgcc/bin/../lib/gcc/arm-none-eabi/5.4.1/armv7e-m/fpu\libgcc.a(_arm_muldivdf3.o)
                              obj\debug\libs\nnxt\src\nnxt_misc.o (__aeabi_dmul)
c:/embitz/1.11/share/em_armgcc/bin/../lib/gcc/arm-none-eabi/5.4.1/armv7e-m/fpu\libgcc.a(_arm_fixdfsi.o)
                              obj\debug\libs\nnxt\src\nnxt_misc.o (__aeabi_d2iz)
c:/embitz/1.11/share/em_armgcc/bin/../lib/gcc/arm-none-eabi/5.4.1/../../../../arm-none-eabi/lib/armv7e-m/fpu\libg_n.a(lib_a-exit.o)
                              c:/embitz/1.11/share/em_armgcc/bin/../lib/gcc/arm-none-eabi/5.4.1/../../../../arm-none-eabi/lib/armv7e-m/fpu/crt0.o (exit)
c:/embitz/1.11/share/em_armgcc/bin/../lib/gcc/arm-none-eabi/5.4.1/../../../../arm-none-eabi/lib/armv7e-m/fpu\libg_n.a(lib_a-impure.o)
                              c:/embitz/1.11/share/em_armgcc/bin/../lib/gcc/arm-none-eabi/5.4.1/../../../../arm-none-eabi/lib/armv7e-m/fpu\libg_n.a(lib_a-exit.o) (_global_impure_ptr)
c:/embitz/1.11/share/em_armgcc/bin/../lib/gcc/arm-none-eabi/5.4.1/../../../../arm-none-eabi/lib/armv7e-m/fpu\libg_n.a(lib_a-init.o)
                              c:/embitz/1.11/share/em_armgcc/bin/../lib/gcc/arm-none-eabi/5.4.1/../../../../arm-none-eabi/lib/armv7e-m/fpu/crt0.o (__libc_init_array)
c:/embitz/1.11/share/em_armgcc/bin/../lib/gcc/arm-none-eabi/5.4.1/../../../../arm-none-eabi/lib/armv7e-m/fpu\libg_n.a(lib_a-memcpy-stub.o)
                              obj\debug\libs\freertos\source\queue.o (memcpy)
c:/embitz/1.11/share/em_armgcc/bin/../lib/gcc/arm-none-eabi/5.4.1/../../../../arm-none-eabi/lib/armv7e-m/fpu\libg_n.a(lib_a-memset.o)
                              c:/embitz/1.11/share/em_armgcc/bin/../lib/gcc/arm-none-eabi/5.4.1/../../../../arm-none-eabi/lib/armv7e-m/fpu/crt0.o (memset)
c:/embitz/1.11/share/em_armgcc/bin/../lib/gcc/arm-none-eabi/5.4.1/../../../../arm-none-eabi/lib/armv7e-m/fpu\libg_n.a(lib_a-sprintf.o)
                              obj\debug\libs\nnxt\src\nnxt_misc.o (sprintf)
c:/embitz/1.11/share/em_armgcc/bin/../lib/gcc/arm-none-eabi/5.4.1/../../../../arm-none-eabi/lib/armv7e-m/fpu\libg_n.a(lib_a-nano-svfprintf.o)
                              c:/embitz/1.11/share/em_armgcc/bin/../lib/gcc/arm-none-eabi/5.4.1/../../../../arm-none-eabi/lib/armv7e-m/fpu\libg_n.a(lib_a-sprintf.o) (_svfprintf_r)
c:/embitz/1.11/share/em_armgcc/bin/../lib/gcc/arm-none-eabi/5.4.1/../../../../arm-none-eabi/lib/armv7e-m/fpu\libg_n.a(lib_a-nano-vfprintf_i.o)
                              c:/embitz/1.11/share/em_armgcc/bin/../lib/gcc/arm-none-eabi/5.4.1/../../../../arm-none-eabi/lib/armv7e-m/fpu\libg_n.a(lib_a-nano-svfprintf.o) (_printf_i)
c:/embitz/1.11/share/em_armgcc/bin/../lib/gcc/arm-none-eabi/5.4.1/../../../../arm-none-eabi/lib/armv7e-m/fpu\libg_n.a(lib_a-memchr.o)
                              c:/embitz/1.11/share/em_armgcc/bin/../lib/gcc/arm-none-eabi/5.4.1/../../../../arm-none-eabi/lib/armv7e-m/fpu\libg_n.a(lib_a-nano-svfprintf.o) (memchr)
c:/embitz/1.11/share/em_armgcc/bin/../lib/gcc/arm-none-eabi/5.4.1/../../../../arm-none-eabi/lib/armv7e-m/fpu\libg_n.a(lib_a-memmove.o)
                              c:/embitz/1.11/share/em_armgcc/bin/../lib/gcc/arm-none-eabi/5.4.1/../../../../arm-none-eabi/lib/armv7e-m/fpu\libg_n.a(lib_a-nano-svfprintf.o) (memmove)
c:/embitz/1.11/share/em_armgcc/bin/../lib/gcc/arm-none-eabi/5.4.1/../../../../arm-none-eabi/lib/armv7e-m/fpu\libg_n.a(lib_a-nano-freer.o)
                              c:/embitz/1.11/share/em_armgcc/bin/../lib/gcc/arm-none-eabi/5.4.1/../../../../arm-none-eabi/lib/armv7e-m/fpu\libg_n.a(lib_a-nano-svfprintf.o) (_free_r)
c:/embitz/1.11/share/em_armgcc/bin/../lib/gcc/arm-none-eabi/5.4.1/../../../../arm-none-eabi/lib/armv7e-m/fpu\libg_n.a(lib_a-nano-mallocr.o)
                              c:/embitz/1.11/share/em_armgcc/bin/../lib/gcc/arm-none-eabi/5.4.1/../../../../arm-none-eabi/lib/armv7e-m/fpu\libg_n.a(lib_a-nano-svfprintf.o) (_malloc_r)
c:/embitz/1.11/share/em_armgcc/bin/../lib/gcc/arm-none-eabi/5.4.1/../../../../arm-none-eabi/lib/armv7e-m/fpu\libg_n.a(lib_a-nano-reallocr.o)
                              c:/embitz/1.11/share/em_armgcc/bin/../lib/gcc/arm-none-eabi/5.4.1/../../../../arm-none-eabi/lib/armv7e-m/fpu\libg_n.a(lib_a-nano-svfprintf.o) (_realloc_r)
c:/embitz/1.11/share/em_armgcc/bin/../lib/gcc/arm-none-eabi/5.4.1/../../../../arm-none-eabi/lib/armv7e-m/fpu\libg_n.a(lib_a-sbrkr.o)
                              c:/embitz/1.11/share/em_armgcc/bin/../lib/gcc/arm-none-eabi/5.4.1/../../../../arm-none-eabi/lib/armv7e-m/fpu\libg_n.a(lib_a-nano-mallocr.o) (_sbrk_r)
c:/embitz/1.11/share/em_armgcc/bin/../lib/gcc/arm-none-eabi/5.4.1/../../../../arm-none-eabi/lib/armv7e-m/fpu\libg_n.a(lib_a-mlock.o)
[...]
Memory Configuration

Name             Origin             Length             Attributes
ROM              0x08000000         0x00100000         xr
RAM              0x20000000         0x00020000         xrw
CCRAM            0x10000000         0x00010000         xrw
*default*        0x00000000         0xffffffff

Linker script and memory map

LOAD c:/embitz/1.11/share/em_armgcc/bin/../lib/gcc/arm-none-eabi/5.4.1/armv7e-m/fpu/crti.o
LOAD c:/embitz/1.11/share/em_armgcc/bin/../lib/gcc/arm-none-eabi/5.4.1/armv7e-m/fpu/crtbegin.o
LOAD c:/embitz/1.11/share/em_armgcc/bin/../lib/gcc/arm-none-eabi/5.4.1/../../../../arm-none-eabi/lib/armv7e-m/fpu/crt0.o
                0x00000000                __HEAP_SIZE = 0x0
                0x00000100                __STACK_SIZE = 0x100

.text           0x08000000     0xa608
 *(.isr_vector)
 .isr_vector    0x08000000      0x188 obj\debug\libs\stm32 board\src\startup_stm32f4xx.o
                0x08000000                __isr_vector
 *(.text*)
 .text          0x08000188       0x5c c:/embitz/1.11/share/em_armgcc/bin/../lib/gcc/arm-none-eabi/5.4.1/armv7e-m/fpu/crtbegin.o
 .text.drive_forward
                0x080001e4       0x98 obj\debug\custommovement.o
                0x080001e4                drive_forward
 .text.turn     0x0800027c       0x9c obj\debug\custommovement.o
                0x0800027c                turn
 .text.st7735_Init
                0x08000318      0x288 obj\debug\libs\display\src\st7735.o
                0x08000318                st7735_Init
 .text.st7735_DisplayOn
                0x080005a0       0x40 obj\debug\libs\display\src\st7735.o
                0x080005a0                st7735_DisplayOn
 .text.st7735_DisplayOff
                0x080005e0       0x40 obj\debug\libs\display\src\st7735.o
                0x080005e0                st7735_DisplayOff
 .text.st7735_SetCursor
                0x08000620       0x80 obj\debug\libs\display\src\st7735.o
                0x08000620                st7735_SetCursor
 .text.st7735_WritePixel
                0x080006a0       0x70 obj\debug\libs\display\src\st7735.o
                0x080006a0                st7735_WritePixel
 .text.st7735_WriteReg
                0x08000710       0x2c obj\debug\libs\display\src\st7735.o
                0x08000710                st7735_WriteReg
 .text.st7735_SetDisplayWindow
                0x0800073c       0xfc obj\debug\libs\display\src\st7735.o
                0x0800073c                st7735_SetDisplayWindow
 .text.st7735_DrawHLine
                0x08000838       0x68 obj\debug\libs\display\src\st7735.o
                0x08000838                st7735_DrawHLine
 .text.st7735_DrawVLine
                0x080008a0       0x6c obj\debug\libs\display\src\st7735.o
                0x080008a0                st7735_DrawVLine
 .text.st7735_GetLcdPixelWidth
                0x0800090c       0x18 obj\debug\libs\display\src\st7735.o
                0x0800090c                st7735_GetLcdPixelWidth
 .text.st7735_GetLcdPixelHeight
                0x08000924       0x18 obj\debug\libs\display\src\st7735.o
                0x08000924                st7735_GetLcdPixelHeight
 .text.st7735_DrawBitmap
                0x0800093c       0xd4 obj\debug\libs\display\src\st7735.o
                0x0800093c                st7735_DrawBitmap
 .text.st7735_Rotate
                0x08000a10       0xa0 obj\debug\libs\display\src\st7735.o
                0x08000a10                st7735_Rotate
 .text.st7735_Invert
                0x08000ab0       0x24 obj\debug\libs\display\src\st7735.o
                0x08000ab0                st7735_Invert
 .text.NNXT_LCD_INIT
                0x08000ad4       0x5c obj\debug\libs\display\src\stm32_adafruit_lcd.o
                0x08000ad4                NNXT_LCD_INIT
 .text.NNXT_LCD_GetXSize
                0x08000b30       0x18 obj\debug\libs\display\src\stm32_adafruit_lcd.o
                0x08000b30                NNXT_LCD_GetXSize
 .text.NNXT_LCD_GetYSize
                0x08000b48       0x18 obj\debug\libs\display\src\stm32_adafruit_lcd.o
                0x08000b48                NNXT_LCD_GetYSize
 .text.NNXT_LCD_SetFrontColor
                0x08000b60       0x20 obj\debug\libs\display\src\stm32_adafruit_lcd.o
                0x08000b60                NNXT_LCD_SetFrontColor
 .text.NNXT_LCD_SetFont
                0x08000b80       0x20 obj\debug\libs\display\src\stm32_adafruit_lcd.o
                0x08000b80                NNXT_LCD_SetFont
 .text.NNXT_LCD_Clear
                0x08000ba0       0x50 obj\debug\libs\display\src\stm32_adafruit_lcd.o
                0x08000ba0                NNXT_LCD_Clear
 .text.NNXT_LCD_DisplayChar
                0x08000bf0       0x54 obj\debug\libs\display\src\stm32_adafruit_lcd.o
                0x08000bf0                NNXT_LCD_DisplayChar
 .text.NNXT_LCD_DisplayStringAt
                0x08000c44      0x114 obj\debug\libs\display\src\stm32_adafruit_lcd.o
                0x08000c44                NNXT_LCD_DisplayStringAt
 .text.NNXT_LCD_DrawPixel
                0x08000d58       0x38 obj\debug\libs\display\src\stm32_adafruit_lcd.o
                0x08000d58                NNXT_LCD_DrawPixel
 .text.NNXT_LCD_DrawHLine
                0x08000d90       0x74 obj\debug\libs\display\src\stm32_adafruit_lcd.o
                0x08000d90                NNXT_LCD_DrawHLine
 .text.NNXT_LCD_DrawBitmap
                0x08000e04       0xbc obj\debug\libs\display\src\stm32_adafruit_lcd.o
                0x08000e04                NNXT_LCD_DrawBitmap
 .text.NNXT_LCD_FillRect
                0x08000ec0       0x50 obj\debug\libs\display\src\stm32_adafruit_lcd.o
                0x08000ec0                NNXT_LCD_FillRect
 .text.DrawChar
                0x08000f10      0x1e4 obj\debug\libs\display\src\stm32_adafruit_lcd.o
 .text.SetDisplayWindow
                0x080010f4       0x44 obj\debug\libs\display\src\stm32_adafruit_lcd.o
 .text.NNXT_LCD_Rotate
                0x08001138       0x24 obj\debug\libs\display\src\stm32_adafruit_lcd.o
                0x08001138                NNXT_LCD_Rotate
 .text.NNXT_LCD_CalcColor
                0x0800115c       0x4c obj\debug\libs\display\src\stm32_adafruit_lcd.o
                0x0800115c                NNXT_LCD_CalcColor
 .text.OS_BackgroundTask
                0x080011a8       0xb0 obj\debug\libs\freertos\freertos_glue.o
                0x080011a8                OS_BackgroundTask
 .text.pvPortMalloc
                0x08001258       0x8c obj\debug\libs\freertos\source\heap_1.o
                0x08001258                pvPortMalloc
 .text.vPortFree
                0x080012e4       0x30 obj\debug\libs\freertos\source\heap_1.o
                0x080012e4                vPortFree
 .text.vListInitialise
                0x08001314       0x40 obj\debug\libs\freertos\source\list.o
                0x08001314                vListInitialise
 .text.vListInitialiseItem
                0x08001354       0x1c obj\debug\libs\freertos\source\list.o
                0x08001354                vListInitialiseItem
 .text.vListInsertEnd
                0x08001370       0x48 obj\debug\libs\freertos\source\list.o
                0x08001370                vListInsertEnd
 .text.vListInsert
                0x080013b8       0x74 obj\debug\libs\freertos\source\list.o
                0x080013b8                vListInsert
 .text.uxListRemove
                0x0800142c       0x54 obj\debug\libs\freertos\source\list.o
                0x0800142c                uxListRemove
 .text.pxPortInitialiseStack
                0x08001480       0x68 obj\debug\libs\freertos\source\portable\port.o
                0x08001480                pxPortInitialiseStack
 .text.prvTaskExitError
                0x080014e8       0x3c obj\debug\libs\freertos\source\portable\port.o
 *fill*         0x08001524        0xc 
 .text.SVC_Handler
                0x08001530       0x28 obj\debug\libs\freertos\source\portable\port.o
                0x08001530                SVC_Handler
 .text.prvPortStartFirstTask
                0x08001558       0x20 obj\debug\libs\freertos\source\portable\port.o
 .text.xPortStartScheduler
                0x08001578      0x118 obj\debug\libs\freertos\source\portable\port.o
                0x08001578                xPortStartScheduler
 .text.vPortEnterCritical
                0x08001690       0x5c obj\debug\libs\freertos\source\portable\port.o
                0x08001690                vPortEnterCritical
 .text.vPortExitCritical
                0x080016ec       0x50 obj\debug\libs\freertos\source\portable\port.o
                0x080016ec                vPortExitCritical
 *fill*         0x0800173c        0x4 
 .text.PendSV_Handler
                0x08001740       0x68 obj\debug\libs\freertos\source\portable\port.o
                0x08001740                PendSV_Handler
 .text.SysTick_Handler
                0x080017a8       0x40 obj\debug\libs\freertos\source\portable\port.o
                0x080017a8                SysTick_Handler
 .text.vPortSetupTimerInterrupt
                0x080017e8       0x38 obj\debug\libs\freertos\source\portable\port.o
                0x080017e8                vPortSetupTimerInterrupt
 .text.vPortEnableVFP
                0x08001820       0x14 obj\debug\libs\freertos\source\portable\port.o
 .text.vPortValidateInterruptPriority
                0x08001834       0x7c obj\debug\libs\freertos\source\portable\port.o
                0x08001834                vPortValidateInterruptPriority
 .text.xQueueGenericReset
                0x080018b0       0xd0 obj\debug\libs\freertos\source\queue.o
                0x080018b0                xQueueGenericReset
 .text.xQueueGenericCreate
                0x08001980       0x74 obj\debug\libs\freertos\source\queue.o
                0x08001980                xQueueGenericCreate
 .text.prvInitialiseNewQueue
                0x080019f4       0x48 obj\debug\libs\freertos\source\queue.o
 .text.xQueueGenericSend
                0x08001a3c      0x1f4 obj\debug\libs\freertos\source\queue.o
                0x08001a3c                xQueueGenericSend
 .text.xQueueGenericSendFromISR
                0x08001c30      0x128 obj\debug\libs\freertos\source\queue.o
                0x08001c30                xQueueGenericSendFromISR
 .text.xQueueGenericReceive
                0x08001d58      0x224 obj\debug\libs\freertos\source\queue.o
                0x08001d58                xQueueGenericReceive
 .text.prvCopyDataToQueue
                0x08001f7c       0xd4 obj\debug\libs\freertos\source\queue.o
 .text.prvCopyDataFromQueue
                0x08002050       0x4c obj\debug\libs\freertos\source\queue.o
 .text.prvUnlockQueue
                0x0800209c       0xa4 obj\debug\libs\freertos\source\queue.o
 .text.prvIsQueueEmpty
                0x08002140       0x2c obj\debug\libs\freertos\source\queue.o
 .text.prvIsQueueFull
                0x0800216c       0x30 obj\debug\libs\freertos\source\queue.o
 .text.vQueueAddToRegistry
                0x0800219c       0x50 obj\debug\libs\freertos\source\queue.o
                0x0800219c                vQueueAddToRegistry
 .text.vQueueWaitForMessageRestricted
                0x080021ec       0x68 obj\debug\libs\freertos\source\queue.o
                0x080021ec                vQueueWaitForMessageRestricted
 .text.xTaskCreate
                0x08002254       0x84 obj\debug\libs\freertos\source\tasks.o
                0x08002254                xTaskCreate
 .text.prvInitialiseNewTask
                0x080022d8      0x114 obj\debug\libs\freertos\source\tasks.o
 .text.prvAddNewTaskToReadyList
                0x080023ec       0xdc obj\debug\libs\freertos\source\tasks.o
 .text.vTaskDelay
                0x080024c8       0x68 obj\debug\libs\freertos\source\tasks.o
                0x080024c8                vTaskDelay
 .text.vTaskSuspend
                0x08002530      0x110 obj\debug\libs\freertos\source\tasks.o
                0x08002530                vTaskSuspend
 .text.prvTaskIsTaskSuspended
                0x08002640       0x74 obj\debug\libs\freertos\source\tasks.o
 .text.vTaskResume
                0x080026b4       0xb8 obj\debug\libs\freertos\source\tasks.o
                0x080026b4                vTaskResume
 .text.vTaskStartScheduler
                0x0800276c       0x98 obj\debug\libs\freertos\source\tasks.o
                0x0800276c                vTaskStartScheduler
 .text.vTaskSuspendAll
                0x08002804       0x1c obj\debug\libs\freertos\source\tasks.o
                0x08002804                vTaskSuspendAll
 .text.xTaskResumeAll
                0x08002820      0x138 obj\debug\libs\freertos\source\tasks.o
                0x08002820                xTaskResumeAll
 .text.xTaskGetTickCount
                0x08002958       0x20 obj\debug\libs\freertos\source\tasks.o
                0x08002958                xTaskGetTickCount
 .text.xTaskIncrementTick
                0x08002978      0x178 obj\debug\libs\freertos\source\tasks.o
                0x08002978                xTaskIncrementTick
 .text.vTaskSwitchContext
                0x08002af0       0xb4 obj\debug\libs\freertos\source\tasks.o
                0x08002af0                vTaskSwitchContext
 .text.vTaskPlaceOnEventList
                0x08002ba4       0x48 obj\debug\libs\freertos\source\tasks.o
                0x08002ba4                vTaskPlaceOnEventList
 .text.vTaskPlaceOnEventListRestricted
                0x08002bec       0x54 obj\debug\libs\freertos\source\tasks.o
                0x08002bec                vTaskPlaceOnEventListRestricted
 .text.xTaskRemoveFromEventList
                0x08002c40       0xc4 obj\debug\libs\freertos\source\tasks.o
                0x08002c40                xTaskRemoveFromEventList
 .text.vTaskSetTimeOutState
                0x08002d04       0x48 obj\debug\libs\freertos\source\tasks.o
                0x08002d04                vTaskSetTimeOutState
 .text.xTaskCheckForTimeOut
                0x08002d4c       0xbc obj\debug\libs\freertos\source\tasks.o
                0x08002d4c                xTaskCheckForTimeOut
 .text.vTaskMissedYield
                0x08002e08       0x18 obj\debug\libs\freertos\source\tasks.o
                0x08002e08                vTaskMissedYield
 .text.prvIdleTask
                0x08002e20       0x30 obj\debug\libs\freertos\source\tasks.o
 .text.prvInitialiseTaskLists
                0x08002e50       0x80 obj\debug\libs\freertos\source\tasks.o
 .text.prvCheckTasksWaitingTermination
                0x08002ed0       0x78 obj\debug\libs\freertos\source\tasks.o
 .text.prvDeleteTCB
                0x08002f48       0x20 obj\debug\libs\freertos\source\tasks.o
 .text.prvResetNextTaskUnblockTime
                0x08002f68       0x4c obj\debug\libs\freertos\source\tasks.o
 .text.xTaskGetSchedulerState
                0x08002fb4       0x3c obj\debug\libs\freertos\source\tasks.o
                0x08002fb4                xTaskGetSchedulerState
 .text.vTaskPriorityInherit
                0x08002ff0       0xec obj\debug\libs\freertos\source\tasks.o
                0x08002ff0                vTaskPriorityInherit
 .text.xTaskPriorityDisinherit
                0x080030dc      0x108 obj\debug\libs\freertos\source\tasks.o
                0x080030dc                xTaskPriorityDisinherit
 .text.pvTaskIncrementMutexHeldCount
                0x080031e4       0x28 obj\debug\libs\freertos\source\tasks.o
                0x080031e4                pvTaskIncrementMutexHeldCount
 .text.xTaskNotifyWait
                0x0800320c       0xb4 obj\debug\libs\freertos\source\tasks.o
                0x0800320c                xTaskNotifyWait
 .text.xTaskGenericNotifyFromISR
                0x080032c0      0x18c obj\debug\libs\freertos\source\tasks.o
                0x080032c0                xTaskGenericNotifyFromISR
 .text.prvAddCurrentTaskToDelayedList
                0x0800344c       0xcc obj\debug\libs\freertos\source\tasks.o
 .text.xTimerCreateTimerTask
                0x08003518       0x64 obj\debug\libs\freertos\source\timers.o
                0x08003518                xTimerCreateTimerTask
 .text.xTimerGenericCommand
                0x0800357c       0x98 obj\debug\libs\freertos\source\timers.o
                0x0800357c                xTimerGenericCommand
 .text.prvProcessExpiredTimer
                0x08003614       0x80 obj\debug\libs\freertos\source\timers.o
 .text.prvTimerTask
                0x08003694       0x24 obj\debug\libs\freertos\source\timers.o
 .text.prvProcessTimerOrBlockTask
                0x080036b8       0x9c obj\debug\libs\freertos\source\timers.o
 .text.prvGetNextExpireTime
                0x08003754       0x48 obj\debug\libs\freertos\source\timers.o
 .text.prvSampleTimeNow
                0x0800379c       0x40 obj\debug\libs\freertos\source\timers.o
 .text.prvInsertTimerInActiveList
                0x080037dc       0x84 obj\debug\libs\freertos\source\timers.o
 .text.prvProcessReceivedCommands
                0x08003860      0x124 obj\debug\libs\freertos\source\timers.o
 .text.prvSwitchTimerLists
                0x08003984       0xc0 obj\debug\libs\freertos\source\timers.o
 .text.prvCheckForValidListAndQueue
                0x08003a44       0x6c obj\debug\libs\freertos\source\timers.o
 .text.EM_I2C1_Init
                0x08003ab0       0xa4 obj\debug\libs\hal\src\em_i2c.o
                0x08003ab0                EM_I2C1_Init
 .text.EM_I2C2_Init
                0x08003b54       0xa4 obj\debug\libs\hal\src\em_i2c.o
                0x08003b54                EM_I2C2_Init
 .text.EM_I2C_ResetPins
                0x08003bf8       0x48 obj\debug\libs\hal\src\em_i2c.o
                0x08003bf8                EM_I2C_ResetPins
 .text.NVIC_SystemReset
                0x08003c40       0x28 obj\debug\libs\hal\src\em_interrupts.o
 .text.NMI_Handler
                0x08003c68       0x10 obj\debug\libs\hal\src\em_interrupts.o
                0x08003c68                NMI_Handler
 .text.HardFault_Handler
                0x08003c78        0x8 obj\debug\libs\hal\src\em_interrupts.o
                0x08003c78                HardFault_Handler
 .text.MemManage_Handler
                0x08003c80        0x8 obj\debug\libs\hal\src\em_interrupts.o
                0x08003c80                MemManage_Handler
 .text.BusFault_Handler
                0x08003c88        0x8 obj\debug\libs\hal\src\em_interrupts.o
                0x08003c88                BusFault_Handler
 .text.UsageFault_Handler
                0x08003c90        0x8 obj\debug\libs\hal\src\em_interrupts.o
                0x08003c90                UsageFault_Handler
 .text.DebugMon_Handler
                0x08003c98       0x10 obj\debug\libs\hal\src\em_interrupts.o
                0x08003c98                DebugMon_Handler
 .text.EXTI0_IRQHandler
                0x08003ca8       0x44 obj\debug\libs\hal\src\em_interrupts.o
                0x08003ca8                EXTI0_IRQHandler
 .text.EXTI1_IRQHandler
                0x08003cec       0x10 obj\debug\libs\hal\src\em_interrupts.o
                0x08003cec                EXTI1_IRQHandler
 .text.EXTI2_IRQHandler
                0x08003cfc       0x58 obj\debug\libs\hal\src\em_interrupts.o
                0x08003cfc                EXTI2_IRQHandler
 .text.EXTI15_10_IRQHandler
                0x08003d54      0x10c obj\debug\libs\hal\src\em_interrupts.o
                0x08003d54                EXTI15_10_IRQHandler
 .text.EXTI9_5_IRQHandler
                0x08003e60       0xac obj\debug\libs\hal\src\em_interrupts.o
                0x08003e60                EXTI9_5_IRQHandler
 .text.WriteCommand
                0x08003f0c       0x34 obj\debug\libs\nnxt\src\nnxt_display_glue.o
 .text.WriteData8
                0x08003f40       0x34 obj\debug\libs\nnxt\src\nnxt_display_glue.o
 .text.WriteData16
                0x08003f74       0x34 obj\debug\libs\nnxt\src\nnxt_display_glue.o
 .text.LCD_IO_Init
                0x08003fa8      0x158 obj\debug\libs\nnxt\src\nnxt_display_glue.o
                0x08003fa8                LCD_IO_Init
 .text.LCD_IO_WriteMultipleData8
                0x08004100       0x1c obj\debug\libs\nnxt\src\nnxt_display_glue.o
                0x08004100                LCD_IO_WriteMultipleData8
 .text.LCD_IO_WriteMultipleData16
                0x0800411c       0x1c obj\debug\libs\nnxt\src\nnxt_display_glue.o
                0x0800411c                LCD_IO_WriteMultipleData16
 .text.LCD_IO_WriteReg
                0x08004138       0x1c obj\debug\libs\nnxt\src\nnxt_display_glue.o
                0x08004138                LCD_IO_WriteReg
 .text.LCD_Delay
                0x08004154       0x64 obj\debug\libs\nnxt\src\nnxt_display_glue.o
                0x08004154                LCD_Delay
 .text.InitFloatAvg
                0x080041b8       0x3c obj\debug\libs\nnxt\src\nnxt_filter.o
                0x080041b8                InitFloatAvg
 .text.nnxt_I2C_Init
                0x080041f4       0x10 obj\debug\libs\nnxt\src\nnxt_i2c.o
                0x080041f4                nnxt_I2C_Init
 .text.nnxt_I2C_ResetPins
                0x08004204       0x30 obj\debug\libs\nnxt\src\nnxt_i2c.o
                0x08004204                nnxt_I2C_ResetPins
 .text.NVIC_SystemReset
                0x08004234       0x28 obj\debug\libs\nnxt\src\nnxt_misc.o
 .text.SystemSoftwareReset
                0x0800425c        0xc obj\debug\libs\nnxt\src\nnxt_misc.o
                0x0800425c                SystemSoftwareReset
 .text.DisplayResetButton
                0x08004268      0x16c obj\debug\libs\nnxt\src\nnxt_misc.o
                0x08004268                DisplayResetButton
 .text.SoftwareStop
                0x080043d4       0x94 obj\debug\libs\nnxt\src\nnxt_misc.o
                0x080043d4                SoftwareStop
 .text.NVIC_EnableIRQ
                0x08004468       0x34 obj\debug\libs\nnxt\src\nnxt_motors.o
 .text.NVIC_DisableIRQ
                0x0800449c       0x34 obj\debug\libs\nnxt\src\nnxt_motors.o
 .text.MotorPortInit
                0x080044d0      0x420 obj\debug\libs\nnxt\src\nnxt_motors.o
                0x080044d0                MotorPortInit
 .text.Motor_Drive
                0x080048f0      0x174 obj\debug\libs\nnxt\src\nnxt_motors.o
                0x080048f0                Motor_Drive
 .text.Motor_Stop
                0x08004a64      0x128 obj\debug\libs\nnxt\src\nnxt_motors.o
                0x08004a64                Motor_Stop
 .text.OnBoardPeriph_LED_Init
                0x08004b8c       0x98 obj\debug\libs\nnxt\src\nnxt_onboardperiph.o
                0x08004b8c                OnBoardPeriph_LED_Init
 .text.OnBoardPeriph_Button_Init
                0x08004c24       0xf0 obj\debug\libs\nnxt\src\nnxt_onboardperiph.o
                0x08004c24                OnBoardPeriph_Button_Init
 .text.OnBoardPeriph_Button_GetState
                0x08004d14       0x50 obj\debug\libs\nnxt\src\nnxt_onboardperiph.o
                0x08004d14                OnBoardPeriph_Button_GetState
 .text.OnBoardPeriph_Button_ConnectFunction
                0x08004d64       0x58 obj\debug\libs\nnxt\src\nnxt_onboardperiph.o
                0x08004d64                OnBoardPeriph_Button_ConnectFunction
 .text.OnBoardPeriph_I2CMux_Init
                0x08004dbc       0x3c obj\debug\libs\nnxt\src\nnxt_onboardperiph.o
                0x08004dbc                OnBoardPeriph_I2CMux_Init
 .text.OnBoardPeriph_I2CMux_Reset
                0x08004df8       0xd0 obj\debug\libs\nnxt\src\nnxt_onboardperiph.o
                0x08004df8                OnBoardPeriph_I2CMux_Reset
 .text.OnBoardPeriph_Beep_Init
                0x08004ec8       0xd0 obj\debug\libs\nnxt\src\nnxt_onboardperiph.o
                0x08004ec8                OnBoardPeriph_Beep_Init
 .text.OnBoardPeriph_BeepCMD
                0x08004f98       0x20 obj\debug\libs\nnxt\src\nnxt_onboardperiph.o
                0x08004f98                OnBoardPeriph_BeepCMD
 .text.MakePreOSSysTick
                0x08004fb8       0x1c obj\debug\libs\nnxt\src\nnxt_os_glue.o
                0x08004fb8                MakePreOSSysTick
 .text.SDCard_Init
                0x08004fd4       0x84 obj\debug\libs\nnxt\src\nnxt_sdcard_glue.o
                0x08004fd4                SDCard_Init
 .text.TIM2_IRQHandler
                0x08005058       0x78 obj\debug\libs\nnxt\src\nnxt_sdcard_glue.o
                0x08005058                TIM2_IRQHandler
 .text.SensorUSConfig
                0x080050d0      0x148 obj\debug\libs\nnxt\src\nnxt_sensors.o
 .text.SensorTouchConfig
                0x08005218       0xcc obj\debug\libs\nnxt\src\nnxt_sensors.o
 .text.SensorPortInit
                0x080052e4      0x23c obj\debug\libs\nnxt\src\nnxt_sensors.o
                0x080052e4                SensorPortInit
 .text.SensorConfig
                0x08005520       0xa0 obj\debug\libs\nnxt\src\nnxt_sensors.o
                0x08005520                SensorConfig
 .text.Touch_Clicked
                0x080055c0       0x58 obj\debug\libs\nnxt\src\nnxt_sensors.o
                0x080055c0                Touch_Clicked
 .text.SensorADCs_Init
                0x08005618       0xfc obj\debug\libs\nnxt\src\nnxt_sensors.o
                0x08005618                SensorADCs_Init
 .text.NVIC_SetPriority
                0x08005714       0x54 obj\debug\libs\nnxt\src\nnxt_startup.o
 .text.SysTick_Config
                0x08005768       0x44 obj\debug\libs\nnxt\src\nnxt_startup.o
 .text.donothing
                0x080057ac       0x10 obj\debug\libs\nnxt\src\nnxt_startup.o
                0x080057ac                donothing
 .text.Startup_NNXT
                0x080057bc      0x364 obj\debug\libs\nnxt\src\nnxt_startup.o
                0x080057bc                Startup_NNXT
 .text.DisplayStartButton
                0x08005b20      0x160 obj\debug\libs\nnxt\src\nnxt_startup.o
                0x08005b20                DisplayStartButton
 .text.SPI_Flush
                0x08005c80       0x30 obj\debug\libs\spi\src\spidevice.o
 .text.SPI1_ClearOVR
                0x08005cb0       0x14 obj\debug\libs\spi\src\spidevice.o
 .text.SPI_Startup_Init
                0x08005cc4       0xbc obj\debug\libs\spi\src\spidevice.o
                0x08005cc4                SPI_Startup_Init
 .text.ChangeSettings
                0x08005d80       0x74 obj\debug\libs\spi\src\spidevice.o
                0x08005d80                ChangeSettings
 .text.SPI_Write8
                0x08005df4       0xb8 obj\debug\libs\spi\src\spidevice.o
                0x08005df4                SPI_Write8
 .text.SPI_Write16
                0x08005eac       0xb8 obj\debug\libs\spi\src\spidevice.o
                0x08005eac                SPI_Write16
 .text.SPI_ReadWrite8
                0x08005f64       0xf8 obj\debug\libs\spi\src\spidevice.o
                0x08005f64                SPI_ReadWrite8
 .text.SetChipSelect
                0x0800605c       0x60 obj\debug\libs\spi\src\spidevice.o
                0x0800605c                SetChipSelect
 .text.ResetChipSelect
                0x080060bc       0x60 obj\debug\libs\spi\src\spidevice.o
                0x080060bc                ResetChipSelect
 .text.NVIC_PriorityGroupConfig
                0x0800611c       0x28 obj\debug\libs\stm32 board\spl\src\misc.o
                0x0800611c                NVIC_PriorityGroupConfig
 .text.NVIC_Init
                0x08006144       0xc4 obj\debug\libs\stm32 board\spl\src\misc.o
                0x08006144                NVIC_Init
 .text.ADC_Init
                0x08006208       0xac obj\debug\libs\stm32 board\spl\src\stm32f4xx_adc.o
                0x08006208                ADC_Init
 .text.ADC_CommonInit
                0x080062b4       0x50 obj\debug\libs\stm32 board\spl\src\stm32f4xx_adc.o
                0x080062b4                ADC_CommonInit
 .text.ADC_Cmd  0x08006304       0x38 obj\debug\libs\stm32 board\spl\src\stm32f4xx_adc.o
                0x08006304                ADC_Cmd
 .text.ADC_RegularChannelConfig
                0x0800633c      0x194 obj\debug\libs\stm32 board\spl\src\stm32f4xx_adc.o
                0x0800633c                ADC_RegularChannelConfig
 .text.ADC_SoftwareStartConv
                0x080064d0       0x20 obj\debug\libs\stm32 board\spl\src\stm32f4xx_adc.o
                0x080064d0                ADC_SoftwareStartConv
 .text.ADC_DMACmd
                0x080064f0       0x38 obj\debug\libs\stm32 board\spl\src\stm32f4xx_adc.o
                0x080064f0                ADC_DMACmd
 .text.ADC_DMARequestAfterLastTransferCmd
                0x08006528       0x38 obj\debug\libs\stm32 board\spl\src\stm32f4xx_adc.o
                0x08006528                ADC_DMARequestAfterLastTransferCmd
 .text.DMA_Init
                0x08006560       0xb0 obj\debug\libs\stm32 board\spl\src\stm32f4xx_dma.o
                0x08006560                DMA_Init
 .text.DMA_Cmd  0x08006610       0x38 obj\debug\libs\stm32 board\spl\src\stm32f4xx_dma.o
                0x08006610                DMA_Cmd
 .text.EXTI_Init
                0x08006648       0xe4 obj\debug\libs\stm32 board\spl\src\stm32f4xx_exti.o
                0x08006648                EXTI_Init
 .text.EXTI_GetITStatus
                0x0800672c       0x48 obj\debug\libs\stm32 board\spl\src\stm32f4xx_exti.o
                0x0800672c                EXTI_GetITStatus
 .text.EXTI_ClearITPendingBit
                0x08006774       0x20 obj\debug\libs\stm32 board\spl\src\stm32f4xx_exti.o
                0x08006774                EXTI_ClearITPendingBit
 .text.GPIO_DeInit
                0x08006794      0x120 obj\debug\libs\stm32 board\spl\src\stm32f4xx_gpio.o
                0x08006794                GPIO_DeInit
 .text.GPIO_Init
                0x080068b4      0x11c obj\debug\libs\stm32 board\spl\src\stm32f4xx_gpio.o
                0x080068b4                GPIO_Init
 .text.GPIO_ReadInputDataBit
                0x080069d0       0x34 obj\debug\libs\stm32 board\spl\src\stm32f4xx_gpio.o
                0x080069d0                GPIO_ReadInputDataBit
 .text.GPIO_ReadOutputDataBit
                0x08006a04       0x34 obj\debug\libs\stm32 board\spl\src\stm32f4xx_gpio.o
                0x08006a04                GPIO_ReadOutputDataBit
 .text.GPIO_SetBits
                0x08006a38       0x20 obj\debug\libs\stm32 board\spl\src\stm32f4xx_gpio.o
                0x08006a38                GPIO_SetBits
 .text.GPIO_ResetBits
                0x08006a58       0x20 obj\debug\libs\stm32 board\spl\src\stm32f4xx_gpio.o
                0x08006a58                GPIO_ResetBits
 .text.GPIO_PinAFConfig
                0x08006a78       0x94 obj\debug\libs\stm32 board\spl\src\stm32f4xx_gpio.o
                0x08006a78                GPIO_PinAFConfig
 .text.I2C_DeInit
                0x08006b0c       0x74 obj\debug\libs\stm32 board\spl\src\stm32f4xx_i2c.o
                0x08006b0c                I2C_DeInit
 .text.I2C_Init
                0x08006b80      0x184 obj\debug\libs\stm32 board\spl\src\stm32f4xx_i2c.o
                0x08006b80                I2C_Init
 .text.I2C_Cmd  0x08006d04       0x40 obj\debug\libs\stm32 board\spl\src\stm32f4xx_i2c.o
                0x08006d04                I2C_Cmd
 .text.RCC_GetClocksFreq
                0x08006d44      0x154 obj\debug\libs\stm32 board\spl\src\stm32f4xx_rcc.o
                0x08006d44                RCC_GetClocksFreq
 .text.RCC_AHB1PeriphClockCmd
                0x08006e98       0x40 obj\debug\libs\stm32 board\spl\src\stm32f4xx_rcc.o
                0x08006e98                RCC_AHB1PeriphClockCmd
 .text.RCC_AHB2PeriphClockCmd
                0x08006ed8       0x40 obj\debug\libs\stm32 board\spl\src\stm32f4xx_rcc.o
                0x08006ed8                RCC_AHB2PeriphClockCmd
 .text.RCC_APB1PeriphClockCmd
                0x08006f18       0x40 obj\debug\libs\stm32 board\spl\src\stm32f4xx_rcc.o
                0x08006f18                RCC_APB1PeriphClockCmd
 .text.RCC_APB2PeriphClockCmd
                0x08006f58       0x40 obj\debug\libs\stm32 board\spl\src\stm32f4xx_rcc.o
                0x08006f58                RCC_APB2PeriphClockCmd
 .text.RCC_AHB1PeriphResetCmd
                0x08006f98       0x40 obj\debug\libs\stm32 board\spl\src\stm32f4xx_rcc.o
                0x08006f98                RCC_AHB1PeriphResetCmd
 .text.RCC_APB1PeriphResetCmd
                0x08006fd8       0x40 obj\debug\libs\stm32 board\spl\src\stm32f4xx_rcc.o
                0x08006fd8                RCC_APB1PeriphResetCmd
 .text.RCC_APB2PeriphResetCmd
                0x08007018       0x40 obj\debug\libs\stm32 board\spl\src\stm32f4xx_rcc.o
                0x08007018                RCC_APB2PeriphResetCmd
 .text.SPI_I2S_DeInit
                0x08007058       0x74 obj\debug\libs\stm32 board\spl\src\stm32f4xx_spi.o
                0x08007058                SPI_I2S_DeInit
 .text.SPI_Init
                0x080070cc       0x88 obj\debug\libs\stm32 board\spl\src\stm32f4xx_spi.o
                0x080070cc                SPI_Init
 .text.SPI_Cmd  0x08007154       0x40 obj\debug\libs\stm32 board\spl\src\stm32f4xx_spi.o
                0x08007154                SPI_Cmd
 .text.SPI_DataSizeConfig
                0x08007194       0x38 obj\debug\libs\stm32 board\spl\src\stm32f4xx_spi.o
                0x08007194                SPI_DataSizeConfig
 .text.SPI_I2S_ReceiveData
                0x080071cc       0x1c obj\debug\libs\stm32 board\spl\src\stm32f4xx_spi.o
                0x080071cc                SPI_I2S_ReceiveData
 .text.SPI_I2S_SendData
                0x080071e8       0x20 obj\debug\libs\stm32 board\spl\src\stm32f4xx_spi.o
                0x080071e8                SPI_I2S_SendData
 .text.SPI_I2S_GetFlagStatus
                0x08007208       0x38 obj\debug\libs\stm32 board\spl\src\stm32f4xx_spi.o
                0x08007208                SPI_I2S_GetFlagStatus
 .text.SPI_I2S_ClearFlag
                0x08007240       0x24 obj\debug\libs\stm32 board\spl\src\stm32f4xx_spi.o
                0x08007240                SPI_I2S_ClearFlag
 .text.SYSCFG_EXTILineConfig
                0x08007264       0x84 obj\debug\libs\stm32 board\spl\src\stm32f4xx_syscfg.o
                0x08007264                SYSCFG_EXTILineConfig
 .text.TIM_TimeBaseInit
                0x080072e8       0xd8 obj\debug\libs\stm32 board\spl\src\stm32f4xx_tim.o
                0x080072e8                TIM_TimeBaseInit
 .text.TIM_GetCounter
                0x080073c0       0x18 obj\debug\libs\stm32 board\spl\src\stm32f4xx_tim.o
                0x080073c0                TIM_GetCounter
 .text.TIM_Cmd  0x080073d8       0x40 obj\debug\libs\stm32 board\spl\src\stm32f4xx_tim.o
                0x080073d8                TIM_Cmd
 .text.TIM_OC1Init
                0x08007418       0xf4 obj\debug\libs\stm32 board\spl\src\stm32f4xx_tim.o
                0x08007418                TIM_OC1Init
 .text.TIM_OC3Init
                0x0800750c      0x10c obj\debug\libs\stm32 board\spl\src\stm32f4xx_tim.o
                0x0800750c                TIM_OC3Init
 .text.TIM_SetCompare1
                0x08007618       0x1c obj\debug\libs\stm32 board\spl\src\stm32f4xx_tim.o
                0x08007618                TIM_SetCompare1
 .text.TIM_OC1PreloadConfig
                0x08007634       0x38 obj\debug\libs\stm32 board\spl\src\stm32f4xx_tim.o
                0x08007634                TIM_OC1PreloadConfig
 .text.TIM_OC3PreloadConfig
                0x0800766c       0x38 obj\debug\libs\stm32 board\spl\src\stm32f4xx_tim.o
                0x0800766c                TIM_OC3PreloadConfig
 .text.TIM_CtrlPWMOutputs
                0x080076a4       0x4c obj\debug\libs\stm32 board\spl\src\stm32f4xx_tim.o
                0x080076a4                TIM_CtrlPWMOutputs
 .text.TIM_GetFlagStatus
                0x080076f0       0x38 obj\debug\libs\stm32 board\spl\src\stm32f4xx_tim.o
                0x080076f0                TIM_GetFlagStatus
 .text.TIM_ClearFlag
                0x08007728       0x24 obj\debug\libs\stm32 board\spl\src\stm32f4xx_tim.o
                0x08007728                TIM_ClearFlag
 .text.TIM_GetITStatus
                0x0800774c       0x54 obj\debug\libs\stm32 board\spl\src\stm32f4xx_tim.o
                0x0800774c                TIM_GetITStatus
 .text.TIM_ClearITPendingBit
                0x080077a0       0x24 obj\debug\libs\stm32 board\spl\src\stm32f4xx_tim.o
                0x080077a0                TIM_ClearITPendingBit
 .text          0x080077c4      0x104 obj\debug\libs\stm32 board\src\startup_stm32f4xx.o
                0x080077c4                Reset_Handler
                0x08007808                Default_Handler
                0x0800780a                WWDG_IRQHandler
                0x0800780c                PVD_IRQHandler
                0x0800780e                TAMP_STAMP_IRQHandler
                0x08007810                RTC_WKUP_IRQHandler
                0x08007812                FLASH_IRQHandler
                0x08007814                RCC_IRQHandler
                0x0800781c                EXTI3_IRQHandler
                0x0800781e                EXTI4_IRQHandler
                0x08007820                DMA1_Stream0_IRQHandler
                0x08007822                DMA1_Stream1_IRQHandler
                0x08007824                DMA1_Stream2_IRQHandler
                0x08007826                DMA1_Stream3_IRQHandler
                0x08007828                DMA1_Stream4_IRQHandler
                0x0800782a                DMA1_Stream5_IRQHandler
                0x0800782c                DMA1_Stream6_IRQHandler
                0x0800782e                ADC_IRQHandler
                0x08007830                CAN1_TX_IRQHandler
                0x08007832                CAN1_RX0_IRQHandler
                0x08007834                CAN1_RX1_IRQHandler
                0x08007836                CAN1_SCE_IRQHandler
                0x0800783a                TIM1_BRK_TIM9_IRQHandler
                0x0800783c                TIM1_UP_TIM10_IRQHandler
                0x0800783e                TIM1_TRG_COM_TIM11_IRQHandler
                0x08007840                TIM1_CC_IRQHandler
                0x08007844                TIM3_IRQHandler
                0x08007846                TIM4_IRQHandler
                0x08007848                I2C1_EV_IRQHandler
                0x0800784a                I2C1_ER_IRQHandler
                0x0800784c                I2C2_EV_IRQHandler
                0x0800784e                I2C2_ER_IRQHandler
                0x08007850                SPI1_IRQHandler
                0x08007852                SPI2_IRQHandler
                0x08007854                USART1_IRQHandler
                0x08007856                USART2_IRQHandler
                0x08007858                USART3_IRQHandler
                0x0800785c                RTC_Alarm_IRQHandler
                0x0800785e                OTG_FS_WKUP_IRQHandler
                0x08007860                TIM8_BRK_TIM12_IRQHandler
                0x08007862                TIM8_UP_TIM13_IRQHandler
                0x08007864                TIM8_TRG_COM_TIM14_IRQHandler
                0x08007866                TIM8_CC_IRQHandler
                0x08007868                DMA1_Stream7_IRQHandler
                0x0800786a                FSMC_IRQHandler
                0x0800786c                SDIO_IRQHandler
                0x0800786e                TIM5_IRQHandler
                0x08007870                SPI3_IRQHandler
                0x08007872                UART4_IRQHandler
                0x08007874                UART5_IRQHandler
                0x08007876                TIM6_DAC_IRQHandler
                0x08007878                TIM7_IRQHandler
                0x0800787a                DMA2_Stream0_IRQHandler
                0x0800787c                DMA2_Stream1_IRQHandler
                0x0800787e                DMA2_Stream2_IRQHandler
                0x08007880                DMA2_Stream3_IRQHandler
                0x08007882                DMA2_Stream4_IRQHandler
                0x08007884                ETH_IRQHandler
                0x08007886                ETH_WKUP_IRQHandler
                0x08007888                CAN2_TX_IRQHandler
                0x0800788a                CAN2_RX0_IRQHandler
                0x0800788c                CAN2_RX1_IRQHandler
                0x0800788e                CAN2_SCE_IRQHandler
                0x08007890                OTG_FS_IRQHandler
                0x08007892                DMA2_Stream5_IRQHandler
                0x08007894                DMA2_Stream6_IRQHandler
                0x08007896                DMA2_Stream7_IRQHandler
                0x08007898                USART6_IRQHandler
                0x0800789a                I2C3_EV_IRQHandler
                0x0800789c                I2C3_ER_IRQHandler
                0x0800789e                OTG_HS_EP1_OUT_IRQHandler
                0x080078a0                OTG_HS_EP1_IN_IRQHandler
                0x080078a2                OTG_HS_WKUP_IRQHandler
                0x080078a4                OTG_HS_IRQHandler
                0x080078a6                DCMI_IRQHandler
                0x080078a8                CRYP_IRQHandler
                0x080078aa                HASH_RNG_IRQHandler
                0x080078ac                FPU_IRQHandler
 .text.SystemInit
                0x080078c8       0x5c obj\debug\libs\stm32 board\src\system_stm32f4xx.o
                0x080078c8                SystemInit
 .text.SetSysClock
                0x08007924      0x128 obj\debug\libs\stm32 board\src\system_stm32f4xx.o
 .text.FindandPlaceFreeSlot
                0x08007a4c       0x58 obj\debug\main.o
 .text.GetTaskHandle
                0x08007aa4       0x64 obj\debug\main.o
 .text.checkTasterL
                0x08007b08       0xb8 obj\debug\main.o
                0x08007b08                checkTasterL
 .text.checkTasterR
                0x08007bc0       0xb8 obj\debug\main.o
                0x08007bc0                checkTasterR
 .text.controlBot
                0x08007c78      0x308 obj\debug\main.o
                0x08007c78                controlBot
 .text.main     0x08007f80      0x1a8 obj\debug\main.o
                0x08007f80                main
 .text.setEvent
                0x08008128       0x30 obj\debug\timer.o
                0x08008128                setEvent
 .text.clearEvent
                0x08008158       0x34 obj\debug\timer.o
                0x08008158                clearEvent
 .text.eventIsSet
                0x0800818c       0x28 obj\debug\timer.o
                0x0800818c                eventIsSet
 .text.setTimer
                0x080081b4       0x44 obj\debug\timer.o
                0x080081b4                setTimer
 .text.startTimer
                0x080081f8       0x60 obj\debug\timer.o
                0x080081f8                startTimer
 .text.cancelTimer
                0x08008258       0x2c obj\debug\timer.o
                0x08008258                cancelTimer
 .text.checkTimers
                0x08008284       0xe4 obj\debug\timer.o
                0x08008284                checkTimers
 .text.memcpy   0x08008368       0x16 c:/embitz/1.11/share/em_armgcc/bin/../lib/gcc/arm-none-eabi/5.4.1/../../../../arm-none-eabi/lib/armv7e-m/fpu\libg_n.a(lib_a-memcpy-stub.o)
                0x08008368                memcpy
 .text.memset   0x0800837e       0x10 c:/embitz/1.11/share/em_armgcc/bin/../lib/gcc/arm-none-eabi/5.4.1/../../../../arm-none-eabi/lib/armv7e-m/fpu\libg_n.a(lib_a-memset.o)
                0x0800837e                memset
 *(.init)
 *fill*         0x0800838e        0x2 
 .init          0x08008390        0x4 c:/embitz/1.11/share/em_armgcc/bin/../lib/gcc/arm-none-eabi/5.4.1/armv7e-m/fpu/crti.o
                0x08008390                _init
 .init          0x08008394        0x8 c:/embitz/1.11/share/em_armgcc/bin/../lib/gcc/arm-none-eabi/5.4.1/armv7e-m/fpu/crtn.o
 *(.fini)
 .fini          0x0800839c        0x4 c:/embitz/1.11/share/em_armgcc/bin/../lib/gcc/arm-none-eabi/5.4.1/armv7e-m/fpu/crti.o
                0x0800839c                _fini
 .fini          0x080083a0        0x8 c:/embitz/1.11/share/em_armgcc/bin/../lib/gcc/arm-none-eabi/5.4.1/armv7e-m/fpu/crtn.o
 *crtbegin.o(.ctors)
 *crtbegin?.o(.ctors)
 *(EXCLUDE_FILE(*crtend.o *crtend?.o) .ctors)
 *(SORT(.ctors.*))
 *(.ctors)
 *crtbegin.o(.dtors)
 *crtbegin?.o(.dtors)
 *(EXCLUDE_FILE(*crtend.o *crtend?.o) .dtors)
 *(SORT(.dtors.*))
 *(.dtors)
 *(.rodata*)
 .rodata.Font12_Table
                0x080083a8      0x474 obj\debug\libs\display\src\font12.o
                0x080083a8                Font12_Table
 .rodata.Font24_Table
                0x0800881c     0x1ab8 obj\debug\libs\display\src\font24.o
                0x0800881c                Font24_Table
 .rodata        0x0800a2d4        0x5 obj\debug\libs\freertos\source\tasks.o
 *fill*         0x0800a2d9        0x3 
 .rodata        0x0800a2dc        0xd obj\debug\libs\freertos\source\timers.o
 *fill*         0x0800a2e9        0x3 
 .rodata        0x0800a2ec       0x32 obj\debug\libs\nnxt\src\nnxt_misc.o
 *fill*         0x0800a31e        0x2 
 .rodata.MotorPorts
                0x0800a320      0x120 obj\debug\libs\nnxt\src\nnxt_motors.o
 .rodata.OnBoard_LEDs
                0x0800a440       0x30 obj\debug\libs\nnxt\src\nnxt_onboardperiph.o
 .rodata.appl_mode
                0x0800a470        0x1 obj\debug\libs\nnxt\src\nnxt_os_glue.o
                0x0800a470                appl_mode
 *fill*         0x0800a471        0x3 
 .rodata.SensorPorts
                0x0800a474      0x154 obj\debug\libs\nnxt\src\nnxt_sensors.o
 .rodata        0x0800a5c8       0x1d obj\debug\libs\nnxt\src\nnxt_startup.o
 *fill*         0x0800a5e5        0x3 
 .rodata        0x0800a5e8       0x1a obj\debug\main.o
 *(.eh_frame*)
 *fill*         0x0800a602        0x2 
 .eh_frame      0x0800a604        0x0 c:/embitz/1.11/share/em_armgcc/bin/../lib/gcc/arm-none-eabi/5.4.1/armv7e-m/fpu/crtbegin.o
 .eh_frame      0x0800a604        0x4 c:/embitz/1.11/share/em_armgcc/bin/../lib/gcc/arm-none-eabi/5.4.1/armv7e-m/fpu/crtend.o

.glue_7         0x0800a608        0x0
 .glue_7        0x0800a608        0x0 linker stubs

.glue_7t        0x0800a608        0x0
 .glue_7t       0x0800a608        0x0 linker stubs

.vfp11_veneer   0x0800a608        0x0
 .vfp11_veneer  0x0800a608        0x0 linker stubs

.v4_bx          0x0800a608        0x0
 .v4_bx         0x0800a608        0x0 linker stubs

.iplt           0x0800a608        0x0
 .iplt          0x0800a608        0x0 c:/embitz/1.11/share/em_armgcc/bin/../lib/gcc/arm-none-eabi/5.4.1/armv7e-m/fpu/crtbegin.o

.rel.dyn        0x0800a608        0x0
 .rel.iplt      0x0800a608        0x0 c:/embitz/1.11/share/em_armgcc/bin/../lib/gcc/arm-none-eabi/5.4.1/armv7e-m/fpu/crtbegin.o

.ARM.extab
 *(.ARM.extab* .gnu.linkonce.armextab.*)
                0x0800a608                __exidx_start = .

.ARM.exidx
 *(.ARM.exidx* .gnu.linkonce.armexidx.*)
                0x0800a608                __exidx_end = .
                0x0800a608                __etext = .

.data           0x20000000      0x11c load address 0x0800a608
                0x20000000                __data_start__ = .
 *(vtable)
 *(.data*)
 .data.Font12   0x20000000        0x8 obj\debug\libs\display\src\font12.o
                0x20000000                Font12
 .data.Font24   0x20000008        0x8 obj\debug\libs\display\src\font24.o
                0x20000008                Font24
 .data.st7735_lcd_width_pixel
                0x20000010        0x2 obj\debug\libs\display\src\st7735.o
 .data.st7735_lcd_height_pixel
                0x20000012        0x2 obj\debug\libs\display\src\st7735.o
 .data.st7735_drv
                0x20000014       0x40 obj\debug\libs\display\src\st7735.o
                0x20000014                st7735_drv
 .data.uxCriticalNesting
                0x20000054        0x4 obj\debug\libs\freertos\source\portable\port.o
 .data.OnBoard_Buttons
                0x20000058       0x78 obj\debug\libs\nnxt\src\nnxt_onboardperiph.o
                0x20000058                OnBoard_Buttons
 .data.Stat     0x200000d0        0x1 obj\debug\libs\nnxt\src\nnxt_sdcard_glue.o
 *fill*         0x200000d1        0x3 
 .data.PortConfig
                0x200000d4       0x28 obj\debug\libs\nnxt\src\nnxt_sensors.o
 .data.vectorTable_ROM
                0x200000fc        0x4 obj\debug\libs\nnxt\src\nnxt_startup.o
 .data.APBAHBPrescTable
                0x20000100       0x10 obj\debug\libs\stm32 board\spl\src\stm32f4xx_rcc.o
 .data.SystemCoreClock
                0x20000110        0x4 obj\debug\libs\stm32 board\src\system_stm32f4xx.o
                0x20000110                SystemCoreClock
                0x20000114                . = ALIGN (0x4)
                0x20000114                PROVIDE (__preinit_array_start, .)
 *(.preinit_array)
                0x20000114                PROVIDE (__preinit_array_end, .)
                0x20000114                . = ALIGN (0x4)
                0x20000114                PROVIDE (__init_array_start, .)
 *(SORT(.init_array.*))
 *(.init_array)
 .init_array    0x20000114        0x4 c:/embitz/1.11/share/em_armgcc/bin/../lib/gcc/arm-none-eabi/5.4.1/armv7e-m/fpu/crtbegin.o
                0x20000118                PROVIDE (__init_array_end, .)
                0x20000118                . = ALIGN (0x4)
                [!provide]                PROVIDE (__fini_array_start, .)
 *(SORT(.fini_array.*))
 *(.fini_array)
 .fini_array    0x20000118        0x4 c:/embitz/1.11/share/em_armgcc/bin/../lib/gcc/arm-none-eabi/5.4.1/armv7e-m/fpu/crtbegin.o
                [!provide]                PROVIDE (__fini_array_end, .)
                0x2000011c                . = ALIGN (0x4)
                0x2000011c                __data_end__ = .

.jcr            0x2000011c        0x0 load address 0x0800a724
 .jcr           0x2000011c        0x0 c:/embitz/1.11/share/em_armgcc/bin/../lib/gcc/arm-none-eabi/5.4.1/armv7e-m/fpu/crtbegin.o

.igot.plt       0x2000011c        0x0 load address 0x0800a724
 .igot.plt      0x2000011c        0x0 c:/embitz/1.11/share/em_armgcc/bin/../lib/gcc/arm-none-eabi/5.4.1/armv7e-m/fpu/crtbegin.o

.bss            0x20000200    0x13c04 load address 0x0800aa00
                0x20000200                __bss_start__ = .
 *(.bss*)
 .bss           0x20000200       0x1c c:/embitz/1.11/share/em_armgcc/bin/../lib/gcc/arm-none-eabi/5.4.1/armv7e-m/fpu/crtbegin.o
 .bss.rotation_g
                0x2000021c        0x1 obj\debug\libs\display\src\st7735.o
 *fill*         0x2000021d        0x3 
 .bss.lcd_drv   0x20000220        0x4 obj\debug\libs\display\src\stm32_adafruit_lcd.o
 .bss.bitmap    0x20000224      0x366 obj\debug\libs\display\src\stm32_adafruit_lcd.o
 *fill*         0x2000058a        0x2 
 .bss.registeredTasks
                0x2000058c       0x78 obj\debug\libs\freertos\freertos_glue.o
                0x2000058c                registeredTasks
 .bss.TasksSlots
                0x20000604        0x4 obj\debug\libs\freertos\freertos_glue.o
                0x20000604                TasksSlots
 .bss.ucHeap    0x20000608    0x12c00 obj\debug\libs\freertos\source\heap_1.o
 .bss.xNextFreeByte
                0x20013208        0x4 obj\debug\libs\freertos\source\heap_1.o
 .bss.pucAlignedHeap.5156
                0x2001320c        0x4 obj\debug\libs\freertos\source\heap_1.o
 .bss.ucMaxSysCallPriority
                0x20013210        0x1 obj\debug\libs\freertos\source\portable\port.o
 *fill*         0x20013211        0x3 
 .bss.ulMaxPRIGROUPValue
                0x20013214        0x4 obj\debug\libs\freertos\source\portable\port.o
 .bss.pxCurrentTCB
                0x20013218        0x4 obj\debug\libs\freertos\source\tasks.o
                0x20013218                pxCurrentTCB
 .bss.pxReadyTasksLists
                0x2001321c       0x64 obj\debug\libs\freertos\source\tasks.o
 .bss.xDelayedTaskList1
                0x20013280       0x14 obj\debug\libs\freertos\source\tasks.o
 .bss.xDelayedTaskList2
                0x20013294       0x14 obj\debug\libs\freertos\source\tasks.o
 .bss.pxDelayedTaskList
                0x200132a8        0x4 obj\debug\libs\freertos\source\tasks.o
 .bss.pxOverflowDelayedTaskList
                0x200132ac        0x4 obj\debug\libs\freertos\source\tasks.o
 .bss.xPendingReadyList
                0x200132b0       0x14 obj\debug\libs\freertos\source\tasks.o
 .bss.xTasksWaitingTermination
                0x200132c4       0x14 obj\debug\libs\freertos\source\tasks.o
 .bss.uxDeletedTasksWaitingCleanUp
                0x200132d8        0x4 obj\debug\libs\freertos\source\tasks.o
 .bss.xSuspendedTaskList
                0x200132dc       0x14 obj\debug\libs\freertos\source\tasks.o
 .bss.uxCurrentNumberOfTasks
                0x200132f0        0x4 obj\debug\libs\freertos\source\tasks.o
 .bss.xTickCount
                0x200132f4        0x4 obj\debug\libs\freertos\source\tasks.o
 .bss.uxTopReadyPriority
                0x200132f8        0x4 obj\debug\libs\freertos\source\tasks.o
 .bss.xSchedulerRunning
                0x200132fc        0x4 obj\debug\libs\freertos\source\tasks.o
 .bss.uxPendedTicks
                0x20013300        0x4 obj\debug\libs\freertos\source\tasks.o
 .bss.xYieldPending
                0x20013304        0x4 obj\debug\libs\freertos\source\tasks.o
 .bss.xNumOfOverflows
                0x20013308        0x4 obj\debug\libs\freertos\source\tasks.o
 .bss.uxTaskNumber
                0x2001330c        0x4 obj\debug\libs\freertos\source\tasks.o
 .bss.xNextTaskUnblockTime
                0x20013310        0x4 obj\debug\libs\freertos\source\tasks.o
 .bss.xIdleTaskHandle
                0x20013314        0x4 obj\debug\libs\freertos\source\tasks.o
 .bss.uxSchedulerSuspended
                0x20013318        0x4 obj\debug\libs\freertos\source\tasks.o
 .bss.xActiveTimerList1
                0x2001331c       0x14 obj\debug\libs\freertos\source\timers.o
 .bss.xActiveTimerList2
                0x20013330       0x14 obj\debug\libs\freertos\source\timers.o
 .bss.pxCurrentTimerList
                0x20013344        0x4 obj\debug\libs\freertos\source\timers.o
 .bss.pxOverflowTimerList
                0x20013348        0x4 obj\debug\libs\freertos\source\timers.o
 .bss.xTimerQueue
                0x2001334c        0x4 obj\debug\libs\freertos\source\timers.o
 .bss.xTimerTaskHandle
                0x20013350        0x4 obj\debug\libs\freertos\source\timers.o
 .bss.xLastTime.5448
                0x20013354        0x4 obj\debug\libs\freertos\source\timers.o
 .bss.Timer1    0x20013358        0x4 obj\debug\libs\nnxt\src\nnxt_sdcard_glue.o
 .bss.Timer2    0x2001335c        0x4 obj\debug\libs\nnxt\src\nnxt_sdcard_glue.o
 .bss.PortAnalogValues
                0x20013360       0x14 obj\debug\libs\nnxt\src\nnxt_sensors.o
                0x20013360                PortAnalogValues
 .bss.Filter    0x20013374       0x12 obj\debug\libs\nnxt\src\nnxt_sensors.o
 *fill*         0x20013386       0x7a 
 .bss.vectorTable_RAM
                0x20013400      0x400 obj\debug\libs\nnxt\src\nnxt_startup.o
 .bss.debug     0x20013800        0x1 obj\debug\libs\nnxt\src\nnxt_startup.o
                0x20013800                debug
 .bss.selectedDevice
                0x20013801        0x1 obj\debug\libs\spi\src\spidevice.o
                0x20013801                selectedDevice
 .bss.events    0x20013802        0x2 obj\debug\timer.o
                0x20013802                events
 .bss.timers    0x20013804       0x3c obj\debug\timer.o
                0x20013804                timers
 *(COMMON)
 COMMON         0x20013840        0xc obj\debug\libs\display\src\stm32_adafruit_lcd.o
                0x20013840                DrawProp
 COMMON         0x2001384c       0x40 obj\debug\libs\freertos\source\queue.o
                0x2001384c                xQueueRegistry
 COMMON         0x2001388c       0x10 obj\debug\libs\hal\src\em_i2c.o
                0x2001388c                GPIO_InitStructure_i2c1
                0x20013894                GPIO_InitStructure_i2c2
 COMMON         0x2001389c       0x24 obj\debug\libs\nnxt\src\nnxt_motors.o
                0x2001389c                Motor_Info
 COMMON         0x200138c0        0x5 obj\debug\libs\nnxt\src\nnxt_os_glue.o
                0x200138c0                SysTickCounter
                0x200138c4                nnxt_pre_os_flag
 *fill*         0x200138c5      0x13b 
 COMMON         0x20013a00      0x404 obj\debug\libs\nnxt\src\nnxt_startup.o
                0x20013a00                vectorTable_RAM_orig
                0x20013e00                NNXT_Background_Task
                0x20013e04                __bss_end__ = .

.heap           0x20013e08        0x0
                0x20013e08                __end__ = .
                0x20013e08                end = __end__
 *(.heap*)
 .heap          0x20013e08        0x0 obj\debug\libs\stm32 board\src\startup_stm32f4xx.o
                0x20013e08                __HeapLimit = .

.stack_dummy    0x20013e08      0x100
 *(.stack)
 .stack         0x20013e08      0x100 obj\debug\libs\stm32 board\src\startup_stm32f4xx.o
                0x20020000                __StackTop = (ORIGIN (RAM) + LENGTH (RAM))
                0x2001ff00                __StackLimit = (__StackTop - SIZEOF (.stack_dummy))
                0x20020000                PROVIDE (__stack, __StackTop)
                0x00000001                ASSERT ((__StackLimit >= __HeapLimit), region RAM overflowed with stack)
LOAD obj\debug\custommovement.o
LOAD obj\debug\libs\display\src\font12.o
LOAD obj\debug\libs\display\src\font16.o
LOAD obj\debug\libs\display\src\font20.o
LOAD obj\debug\libs\display\src\font24.o
LOAD obj\debug\libs\display\src\font8.o
LOAD obj\debug\libs\display\src\st7735.o
LOAD obj\debug\libs\display\src\stm32_adafruit_lcd.o
LOAD obj\debug\libs\freertos\freertos_glue.o
LOAD obj\debug\libs\freertos\source\croutine.o
LOAD obj\debug\libs\freertos\source\event_groups.o
LOAD obj\debug\libs\freertos\source\heap_1.o
LOAD obj\debug\libs\freertos\source\list.o
LOAD obj\debug\libs\freertos\source\portable\port.o
LOAD obj\debug\libs\freertos\source\queue.o
LOAD obj\debug\libs\freertos\source\tasks.o
LOAD obj\debug\libs\freertos\source\timers.o
LOAD obj\debug\libs\hal\src\em_i2c.o
LOAD obj\debug\libs\hal\src\em_interrupts.o
LOAD obj\debug\libs\nnxt\src\nnxt_display_glue.o
LOAD obj\debug\libs\nnxt\src\nnxt_filter.o
LOAD obj\debug\libs\nnxt\src\nnxt_i2c.o
LOAD obj\debug\libs\nnxt\src\nnxt_misc.o
LOAD obj\debug\libs\nnxt\src\nnxt_motors.o
LOAD obj\debug\libs\nnxt\src\nnxt_onboardperiph.o
LOAD obj\debug\libs\nnxt\src\nnxt_os_glue.o
LOAD obj\debug\libs\nnxt\src\nnxt_pcf8574lb.o
LOAD obj\debug\libs\nnxt\src\nnxt_sdcard_glue.o
LOAD obj\debug\libs\nnxt\src\nnxt_sensors.o
LOAD obj\debug\libs\nnxt\src\nnxt_startup.o
LOAD obj\debug\libs\sdcard\fatfs\src\ff.o
LOAD obj\debug\libs\sdcard\fatfs\src\ffsystem.o
LOAD obj\debug\libs\sdcard\fatfs\src\ffunicode.o
LOAD obj\debug\libs\spi\src\spidevice.o
LOAD obj\debug\libs\stm32 board\spl\src\misc.o
LOAD obj\debug\libs\stm32 board\spl\src\stm32f4xx_adc.o
LOAD obj\debug\libs\stm32 board\spl\src\stm32f4xx_can.o
LOAD obj\debug\libs\stm32 board\spl\src\stm32f4xx_crc.o
LOAD obj\debug\libs\stm32 board\spl\src\stm32f4xx_cryp.o
LOAD obj\debug\libs\stm32 board\spl\src\stm32f4xx_cryp_aes.o
LOAD obj\debug\libs\stm32 board\spl\src\stm32f4xx_cryp_des.o
LOAD obj\debug\libs\stm32 board\spl\src\stm32f4xx_cryp_tdes.o
LOAD obj\debug\libs\stm32 board\spl\src\stm32f4xx_dac.o
LOAD obj\debug\libs\stm32 board\spl\src\stm32f4xx_dbgmcu.o
LOAD obj\debug\libs\stm32 board\spl\src\stm32f4xx_dcmi.o
LOAD obj\debug\libs\stm32 board\spl\src\stm32f4xx_dma.o
LOAD obj\debug\libs\stm32 board\spl\src\stm32f4xx_exti.o
LOAD obj\debug\libs\stm32 board\spl\src\stm32f4xx_flash.o
LOAD obj\debug\libs\stm32 board\spl\src\stm32f4xx_fsmc.o
LOAD obj\debug\libs\stm32 board\spl\src\stm32f4xx_gpio.o
LOAD obj\debug\libs\stm32 board\spl\src\stm32f4xx_hash.o
LOAD obj\debug\libs\stm32 board\spl\src\stm32f4xx_hash_md5.o
LOAD obj\debug\libs\stm32 board\spl\src\stm32f4xx_hash_sha1.o
LOAD obj\debug\libs\stm32 board\spl\src\stm32f4xx_i2c.o
LOAD obj\debug\libs\stm32 board\spl\src\stm32f4xx_iwdg.o
LOAD obj\debug\libs\stm32 board\spl\src\stm32f4xx_pwr.o
LOAD obj\debug\libs\stm32 board\spl\src\stm32f4xx_rcc.o
LOAD obj\debug\libs\stm32 board\spl\src\stm32f4xx_rng.o
LOAD obj\debug\libs\stm32 board\spl\src\stm32f4xx_rtc.o
LOAD obj\debug\libs\stm32 board\spl\src\stm32f4xx_sdio.o
LOAD obj\debug\libs\stm32 board\spl\src\stm32f4xx_spi.o
LOAD obj\debug\libs\stm32 board\spl\src\stm32f4xx_syscfg.o
LOAD obj\debug\libs\stm32 board\spl\src\stm32f4xx_tim.o
LOAD obj\debug\libs\stm32 board\spl\src\stm32f4xx_usart.o
LOAD obj\debug\libs\stm32 board\spl\src\stm32f4xx_wwdg.o
LOAD obj\debug\libs\stm32 board\src\startup_stm32f4xx.o
LOAD obj\debug\libs\stm32 board\src\system_stm32f4xx.o
LOAD obj\debug\main.o
LOAD obj\debug\main_tool.o
LOAD obj\debug\timer.o
START GROUP
LOAD c:/embitz/1.11/share/em_armgcc/bin/../lib/gcc/arm-none-eabi/5.4.1/armv7e-m/fpu\libgcc.a
LOAD c:/embitz/1.11/share/em_armgcc/bin/../lib/gcc/arm-none-eabi/5.4.1/../../../../arm-none-eabi/lib/armv7e-m/fpu\libg_n.a
LOAD c:/embitz/1.11/share/em_armgcc/bin/../lib/gcc/arm-none-eabi/5.4.1/../../../../arm-none-eabi/lib/armv7e-m/fpu\libc_n.a
END GROUP
START GROUP
LOAD c:/embitz/1.11/share/em_armgcc/bin/../lib/gcc/arm-none-eabi/5.4.1/armv7e-m/fpu\libgcc.a
LOAD c:/embitz/1.11/share/em_armgcc/bin/../lib/gcc/arm-none-eabi/5.4.1/../../../../arm-none-eabi/lib/armv7e-m/fpu\libc_n.a
LOAD c:/embitz/1.11/share/em_armgcc/bin/../lib/gcc/arm-none-eabi/5.4.1/../../../../arm-none-eabi/lib/armv7e-m/fpu\libnosys_s.a
END GROUP
LOAD c:/embitz/1.11/share/em_armgcc/bin/../lib/gcc/arm-none-eabi/5.4.1/armv7e-m/fpu/crtend.o
LOAD c:/embitz/1.11/share/em_armgcc/bin/../lib/gcc/arm-none-eabi/5.4.1/armv7e-m/fpu/crtn.o
OUTPUT(bin\Debug\uebung_3.elf elf32-littlearm)

.ARM.attributes
                0x00000000       0x30
 .ARM.attributes
                0x00000000       0x22 c:/embitz/1.11/share/em_armgcc/bin/../lib/gcc/arm-none-eabi/5.4.1/armv7e-m/fpu/crti.o
 .ARM.attributes
                0x00000022       0x34 c:/embitz/1.11/share/em_armgcc/bin/../lib/gcc/arm-none-eabi/5.4.1/armv7e-m/fpu/crtbegin.o
 .ARM.attributes
                0x00000056       0x39 obj\debug\custommovement.o
 .ARM.attributes
                0x0000008f       0x39 obj\debug\libs\display\src\font12.o
 .ARM.attributes
                0x000000c8       0x39 obj\debug\libs\display\src\font24.o
 .ARM.attributes
                0x00000101       0x39 obj\debug\libs\display\src\st7735.o
 .ARM.attributes
                0x0000013a       0x39 obj\debug\libs\display\src\stm32_adafruit_lcd.o
 .ARM.attributes
                0x00000173       0x39 obj\debug\libs\freertos\freertos_glue.o
 .ARM.attributes
                0x000001ac       0x39 obj\debug\libs\freertos\source\heap_1.o
 .ARM.attributes
                0x000001e5       0x39 obj\debug\libs\freertos\source\list.o
 .ARM.attributes
                0x0000021e       0x39 obj\debug\libs\freertos\source\portable\port.o
 .ARM.attributes
                0x00000257       0x39 obj\debug\libs\freertos\source\queue.o
 .ARM.attributes
                0x00000290       0x39 obj\debug\libs\freertos\source\tasks.o
 .ARM.attributes
                0x000002c9       0x39 obj\debug\libs\freertos\source\timers.o
 .ARM.attributes
                0x00000302       0x39 obj\debug\libs\hal\src\em_i2c.o
 .ARM.attributes
                0x0000033b       0x39 obj\debug\libs\hal\src\em_interrupts.o
 .ARM.attributes
                0x00000374       0x39 obj\debug\libs\nnxt\src\nnxt_display_glue.o
 .ARM.attributes
                0x000003ad       0x39 obj\debug\libs\nnxt\src\nnxt_filter.o
 .ARM.attributes
                0x000003e6       0x39 obj\debug\libs\nnxt\src\nnxt_i2c.o
 .ARM.attributes
                0x0000041f       0x39 obj\debug\libs\nnxt\src\nnxt_misc.o
 .ARM.attributes
                0x00000458       0x39 obj\debug\libs\nnxt\src\nnxt_motors.o
 .ARM.attributes
                0x00000491       0x39 obj\debug\libs\nnxt\src\nnxt_onboardperiph.o
 .ARM.attributes
                0x000004ca       0x39 obj\debug\libs\nnxt\src\nnxt_os_glue.o
 .ARM.attributes
                0x00000503       0x39 obj\debug\libs\nnxt\src\nnxt_sdcard_glue.o
 .ARM.attributes
                0x0000053c       0x39 obj\debug\libs\nnxt\src\nnxt_sensors.o
 .ARM.attributes
                0x00000575       0x39 obj\debug\libs\nnxt\src\nnxt_startup.o
 .ARM.attributes
                0x000005ae       0x39 obj\debug\libs\spi\src\spidevice.o
 .ARM.attributes
                0x000005e7       0x39 obj\debug\libs\stm32 board\spl\src\misc.o
 .ARM.attributes
                0x00000620       0x39 obj\debug\libs\stm32 board\spl\src\stm32f4xx_adc.o
 .ARM.attributes
                0x00000659       0x39 obj\debug\libs\stm32 board\spl\src\stm32f4xx_dma.o
 .ARM.attributes
                0x00000692       0x39 obj\debug\libs\stm32 board\spl\src\stm32f4xx_exti.o
 .ARM.attributes
                0x000006cb       0x39 obj\debug\libs\stm32 board\spl\src\stm32f4xx_gpio.o
 .ARM.attributes
                0x00000704       0x39 obj\debug\libs\stm32 board\spl\src\stm32f4xx_i2c.o
 .ARM.attributes
                0x0000073d       0x39 obj\debug\libs\stm32 board\spl\src\stm32f4xx_rcc.o
 .ARM.attributes
                0x00000776       0x39 obj\debug\libs\stm32 board\spl\src\stm32f4xx_spi.o
 .ARM.attributes
                0x000007af       0x39 obj\debug\libs\stm32 board\spl\src\stm32f4xx_syscfg.o
 .ARM.attributes
                0x000007e8       0x39 obj\debug\libs\stm32 board\spl\src\stm32f4xx_tim.o
 .ARM.attributes
                0x00000821       0x1f obj\debug\libs\stm32 board\src\startup_stm32f4xx.o
 .ARM.attributes
                0x00000840       0x39 obj\debug\libs\stm32 board\src\system_stm32f4xx.o
 .ARM.attributes
                0x00000879       0x39 obj\debug\main.o
 .ARM.attributes
                0x000008b2       0x39 obj\debug\timer.o
 .ARM.attributes
                0x000008eb       0x34 c:/embitz/1.11/share/em_armgcc/bin/../lib/gcc/arm-none-eabi/5.4.1/../../../../arm-none-eabi/lib/armv7e-m/fpu\libg_n.a(lib_a-memcpy-stub.o)
 .ARM.attributes
                0x0000091f       0x34 c:/embitz/1.11/share/em_armgcc/bin/../lib/gcc/arm-none-eabi/5.4.1/../../../../arm-none-eabi/lib/armv7e-m/fpu\libg_n.a(lib_a-memset.o)
 .ARM.attributes
                0x00000953       0x34 c:/embitz/1.11/share/em_armgcc/bin/../lib/gcc/arm-none-eabi/5.4.1/armv7e-m/fpu/crtend.o
 .ARM.attributes
                0x00000987       0x22 c:/embitz/1.11/share/em_armgcc/bin/../lib/gcc/arm-none-eabi/5.4.1/armv7e-m/fpu/crtn.o

.comment        0x00000000       0x6e
 .comment       0x00000000       0x6e obj\debug\custommovement.o
                                 0x6f (size before relaxing)
 .comment       0x0000006e       0x6f obj\debug\libs\display\src\font12.o
 .comment       0x0000006e       0x6f obj\debug\libs\display\src\font24.o
 .comment       0x0000006e       0x6f obj\debug\libs\display\src\st7735.o
 .comment       0x0000006e       0x6f obj\debug\libs\display\src\stm32_adafruit_lcd.o
 .comment       0x0000006e       0x6f obj\debug\libs\freertos\freertos_glue.o
 .comment       0x0000006e       0x6f obj\debug\libs\freertos\source\heap_1.o
 .comment       0x0000006e       0x6f obj\debug\libs\freertos\source\list.o
 .comment       0x0000006e       0x6f obj\debug\libs\freertos\source\portable\port.o
 .comment       0x0000006e       0x6f obj\debug\libs\freertos\source\queue.o
 .comment       0x0000006e       0x6f obj\debug\libs\freertos\source\tasks.o
 .comment       0x0000006e       0x6f obj\debug\libs\freertos\source\timers.o
 .comment       0x0000006e       0x6f obj\debug\libs\hal\src\em_i2c.o
 .comment       0x0000006e       0x6f obj\debug\libs\hal\src\em_interrupts.o
 .comment       0x0000006e       0x6f obj\debug\libs\nnxt\src\nnxt_display_glue.o
 .comment       0x0000006e       0x6f obj\debug\libs\nnxt\src\nnxt_filter.o
 .comment       0x0000006e       0x6f obj\debug\libs\nnxt\src\nnxt_i2c.o
 .comment       0x0000006e       0x6f obj\debug\libs\nnxt\src\nnxt_misc.o
 .comment       0x0000006e       0x6f obj\debug\libs\nnxt\src\nnxt_motors.o
 .comment       0x0000006e       0x6f obj\debug\libs\nnxt\src\nnxt_onboardperiph.o
 .comment       0x0000006e       0x6f obj\debug\libs\nnxt\src\nnxt_os_glue.o
 .comment       0x0000006e       0x6f obj\debug\libs\nnxt\src\nnxt_sdcard_glue.o
 .comment       0x0000006e       0x6f obj\debug\libs\nnxt\src\nnxt_sensors.o
 .comment       0x0000006e       0x6f obj\debug\libs\nnxt\src\nnxt_startup.o
 .comment       0x0000006e       0x6f obj\debug\libs\spi\src\spidevice.o
 .comment       0x0000006e       0x6f obj\debug\libs\stm32 board\spl\src\misc.o
 .comment       0x0000006e       0x6f obj\debug\libs\stm32 board\spl\src\stm32f4xx_adc.o
 .comment       0x0000006e       0x6f obj\debug\libs\stm32 board\spl\src\stm32f4xx_dma.o
 .comment       0x0000006e       0x6f obj\debug\libs\stm32 board\spl\src\stm32f4xx_exti.o
 .comment       0x0000006e       0x6f obj\debug\libs\stm32 board\spl\src\stm32f4xx_gpio.o
 .comment       0x0000006e       0x6f obj\debug\libs\stm32 board\spl\src\stm32f4xx_i2c.o
 .comment       0x0000006e       0x6f obj\debug\libs\stm32 board\spl\src\stm32f4xx_rcc.o
 .comment       0x0000006e       0x6f obj\debug\libs\stm32 board\spl\src\stm32f4xx_spi.o
 .comment       0x0000006e       0x6f obj\debug\libs\stm32 board\spl\src\stm32f4xx_syscfg.o
 .comment       0x0000006e       0x6f obj\debug\libs\stm32 board\spl\src\stm32f4xx_tim.o
 .comment       0x0000006e       0x6f obj\debug\libs\stm32 board\src\system_stm32f4xx.o
 .comment       0x0000006e       0x6f obj\debug\main.o
 .comment       0x0000006e       0x6f obj\debug\timer.o

.debug_info     0x00000000    0x15959
 .debug_info    0x00000000      0x304 obj\debug\custommovement.o
 .debug_info    0x00000304      0x11b obj\debug\libs\display\src\font12.o
 .debug_info    0x0000041f      0x11b obj\debug\libs\display\src\font24.o
 .debug_info    0x0000053a      0x5f0 obj\debug\libs\display\src\st7735.o
 .debug_info    0x00000b2a     0x100f obj\debug\libs\display\src\stm32_adafruit_lcd.o
 .debug_info    0x00001b39      0x427 obj\debug\libs\freertos\freertos_glue.o
 .debug_info    0x00001f60      0x1c3 obj\debug\libs\freertos\source\heap_1.o
 .debug_info    0x00002123      0x2a8 obj\debug\libs\freertos\source\list.o
 .debug_info    0x000023cb      0x50e obj\debug\libs\freertos\source\portable\port.o
 .debug_info    0x000028d9     0x140a obj\debug\libs\freertos\source\queue.o
 .debug_info    0x00003ce3     0x1ecd obj\debug\libs\freertos\source\tasks.o
 .debug_info    0x00005bb0      0xb6a obj\debug\libs\freertos\source\timers.o
 .debug_info    0x0000671a      0x724 obj\debug\libs\hal\src\em_i2c.o
 .debug_info    0x00006e3e      0x756 obj\debug\libs\hal\src\em_interrupts.o
 .debug_info    0x00007594      0x5ec obj\debug\libs\nnxt\src\nnxt_display_glue.o
 .debug_info    0x00007b80      0x1e1 obj\debug\libs\nnxt\src\nnxt_filter.o
 .debug_info    0x00007d61      0x763 obj\debug\libs\nnxt\src\nnxt_i2c.o
 .debug_info    0x000084c4      0x665 obj\debug\libs\nnxt\src\nnxt_misc.o
 .debug_info    0x00008b29      0xe27 obj\debug\libs\nnxt\src\nnxt_motors.o
 .debug_info    0x00009950      0xe6d obj\debug\libs\nnxt\src\nnxt_onboardperiph.o
 .debug_info    0x0000a7bd      0x1f3 obj\debug\libs\nnxt\src\nnxt_os_glue.o
 .debug_info    0x0000a9b0      0xdf6 obj\debug\libs\nnxt\src\nnxt_sdcard_glue.o
 .debug_info    0x0000b7a6     0x104e obj\debug\libs\nnxt\src\nnxt_sensors.o
 .debug_info    0x0000c7f4     0x104f obj\debug\libs\nnxt\src\nnxt_startup.o
 .debug_info    0x0000d843      0x915 obj\debug\libs\spi\src\spidevice.o
 .debug_info    0x0000e158      0x55e obj\debug\libs\stm32 board\spl\src\misc.o
 .debug_info    0x0000e6b6      0xc48 obj\debug\libs\stm32 board\spl\src\stm32f4xx_adc.o
 .debug_info    0x0000f2fe      0x749 obj\debug\libs\stm32 board\spl\src\stm32f4xx_dma.o
 .debug_info    0x0000fa47      0x35f obj\debug\libs\stm32 board\spl\src\stm32f4xx_exti.o
 .debug_info    0x0000fda6      0x622 obj\debug\libs\stm32 board\spl\src\stm32f4xx_gpio.o
 .debug_info    0x000103c8      0xb9b obj\debug\libs\stm32 board\spl\src\stm32f4xx_i2c.o
 .debug_info    0x00010f63      0xc9f obj\debug\libs\stm32 board\spl\src\stm32f4xx_rcc.o
 .debug_info    0x00011c02      0xb4b obj\debug\libs\stm32 board\spl\src\stm32f4xx_spi.o
 .debug_info    0x0001274d      0x27c obj\debug\libs\stm32 board\spl\src\stm32f4xx_syscfg.o
 .debug_info    0x000129c9     0x1c71 obj\debug\libs\stm32 board\spl\src\stm32f4xx_tim.o
 .debug_info    0x0001463a       0x6a obj\debug\libs\stm32 board\src\startup_stm32f4xx.o
 .debug_info    0x000146a4      0x60e obj\debug\libs\stm32 board\src\system_stm32f4xx.o
 .debug_info    0x00014cb2      0x844 obj\debug\main.o
 .debug_info    0x000154f6      0x463 obj\debug\timer.o

.debug_abbrev   0x00000000     0x42f3
 .debug_abbrev  0x00000000      0x163 obj\debug\custommovement.o
 .debug_abbrev  0x00000163       0x98 obj\debug\libs\display\src\font12.o
 .debug_abbrev  0x000001fb       0x98 obj\debug\libs\display\src\font24.o
 .debug_abbrev  0x00000293      0x134 obj\debug\libs\display\src\st7735.o
 .debug_abbrev  0x000003c7      0x24e obj\debug\libs\display\src\stm32_adafruit_lcd.o
 .debug_abbrev  0x00000615      0x187 obj\debug\libs\freertos\freertos_glue.o
 .debug_abbrev  0x0000079c      0x130 obj\debug\libs\freertos\source\heap_1.o
 .debug_abbrev  0x000008cc       0xc1 obj\debug\libs\freertos\source\list.o
 .debug_abbrev  0x0000098d      0x1cf obj\debug\libs\freertos\source\portable\port.o
 .debug_abbrev  0x00000b5c      0x227 obj\debug\libs\freertos\source\queue.o
 .debug_abbrev  0x00000d83      0x2c8 obj\debug\libs\freertos\source\tasks.o
 .debug_abbrev  0x0000104b      0x1d9 obj\debug\libs\freertos\source\timers.o
 .debug_abbrev  0x00001224      0x1ff obj\debug\libs\hal\src\em_i2c.o
 .debug_abbrev  0x00001423      0x1ec obj\debug\libs\hal\src\em_interrupts.o
 .debug_abbrev  0x0000160f      0x21b obj\debug\libs\nnxt\src\nnxt_display_glue.o
 .debug_abbrev  0x0000182a       0xdb obj\debug\libs\nnxt\src\nnxt_filter.o
 .debug_abbrev  0x00001905      0x1e3 obj\debug\libs\nnxt\src\nnxt_i2c.o
 .debug_abbrev  0x00001ae8      0x244 obj\debug\libs\nnxt\src\nnxt_misc.o
 .debug_abbrev  0x00001d2c      0x231 obj\debug\libs\nnxt\src\nnxt_motors.o
 .debug_abbrev  0x00001f5d      0x25e obj\debug\libs\nnxt\src\nnxt_onboardperiph.o
 .debug_abbrev  0x000021bb      0x10a obj\debug\libs\nnxt\src\nnxt_os_glue.o
 .debug_abbrev  0x000022c5      0x30d obj\debug\libs\nnxt\src\nnxt_sdcard_glue.o
 .debug_abbrev  0x000025d2      0x2e7 obj\debug\libs\nnxt\src\nnxt_sensors.o
 .debug_abbrev  0x000028b9      0x2a8 obj\debug\libs\nnxt\src\nnxt_startup.o
 .debug_abbrev  0x00002b61      0x290 obj\debug\libs\spi\src\spidevice.o
 .debug_abbrev  0x00002df1      0x14c obj\debug\libs\stm32 board\spl\src\misc.o
 .debug_abbrev  0x00002f3d      0x19d obj\debug\libs\stm32 board\spl\src\stm32f4xx_adc.o
 .debug_abbrev  0x000030da      0x15c obj\debug\libs\stm32 board\spl\src\stm32f4xx_dma.o
 .debug_abbrev  0x00003236      0x1ae obj\debug\libs\stm32 board\spl\src\stm32f4xx_exti.o
 .debug_abbrev  0x000033e4      0x1ac obj\debug\libs\stm32 board\spl\src\stm32f4xx_gpio.o
 .debug_abbrev  0x00003590      0x16b obj\debug\libs\stm32 board\spl\src\stm32f4xx_i2c.o
 .debug_abbrev  0x000036fb      0x1ea obj\debug\libs\stm32 board\spl\src\stm32f4xx_rcc.o
 .debug_abbrev  0x000038e5      0x16e obj\debug\libs\stm32 board\spl\src\stm32f4xx_spi.o
 .debug_abbrev  0x00003a53      0x138 obj\debug\libs\stm32 board\spl\src\stm32f4xx_syscfg.o
 .debug_abbrev  0x00003b8b      0x18e obj\debug\libs\stm32 board\spl\src\stm32f4xx_tim.o
 .debug_abbrev  0x00003d19       0x14 obj\debug\libs\stm32 board\src\startup_stm32f4xx.o
 .debug_abbrev  0x00003d2d      0x13d obj\debug\libs\stm32 board\src\system_stm32f4xx.o
 .debug_abbrev  0x00003e6a      0x262 obj\debug\main.o
 .debug_abbrev  0x000040cc      0x227 obj\debug\timer.o

.debug_aranges  0x00000000     0x1630
 .debug_aranges
                0x00000000       0x28 obj\debug\custommovement.o
 .debug_aranges
                0x00000028       0x18 obj\debug\libs\display\src\font12.o
 .debug_aranges
                0x00000040       0x18 obj\debug\libs\display\src\font24.o
 .debug_aranges
                0x00000058       0x88 obj\debug\libs\display\src\st7735.o
 .debug_aranges
                0x000000e0      0x130 obj\debug\libs\display\src\stm32_adafruit_lcd.o
 .debug_aranges
                0x00000210       0x28 obj\debug\libs\freertos\freertos_glue.o
 .debug_aranges
                0x00000238       0x38 obj\debug\libs\freertos\source\heap_1.o
 .debug_aranges
                0x00000270       0x40 obj\debug\libs\freertos\source\list.o
 .debug_aranges
                0x000002b0       0x80 obj\debug\libs\freertos\source\portable\port.o
 .debug_aranges
                0x00000330      0x118 obj\debug\libs\freertos\source\queue.o
 .debug_aranges
                0x00000448      0x1f0 obj\debug\libs\freertos\source\tasks.o
 .debug_aranges
                0x00000638       0xb8 obj\debug\libs\freertos\source\timers.o
 .debug_aranges
                0x000006f0       0x60 obj\debug\libs\hal\src\em_i2c.o
 .debug_aranges
                0x00000750       0x78 obj\debug\libs\hal\src\em_interrupts.o
 .debug_aranges
                0x000007c8       0x58 obj\debug\libs\nnxt\src\nnxt_display_glue.o
 .debug_aranges
                0x00000820       0x30 obj\debug\libs\nnxt\src\nnxt_filter.o
 .debug_aranges
                0x00000850       0x40 obj\debug\libs\nnxt\src\nnxt_i2c.o
 .debug_aranges
                0x00000890       0x40 obj\debug\libs\nnxt\src\nnxt_misc.o
 .debug_aranges
                0x000008d0       0x48 obj\debug\libs\nnxt\src\nnxt_motors.o
 .debug_aranges
                0x00000918       0x78 obj\debug\libs\nnxt\src\nnxt_onboardperiph.o
 .debug_aranges
                0x00000990       0x20 obj\debug\libs\nnxt\src\nnxt_os_glue.o
 .debug_aranges
                0x000009b0       0xa0 obj\debug\libs\nnxt\src\nnxt_sdcard_glue.o
 .debug_aranges
                0x00000a50       0x60 obj\debug\libs\nnxt\src\nnxt_sensors.o
 .debug_aranges
                0x00000ab0       0x40 obj\debug\libs\nnxt\src\nnxt_startup.o
 .debug_aranges
                0x00000af0       0x78 obj\debug\libs\spi\src\spidevice.o
 .debug_aranges
                0x00000b68       0x40 obj\debug\libs\stm32 board\spl\src\misc.o
 .debug_aranges
                0x00000ba8      0x148 obj\debug\libs\stm32 board\spl\src\stm32f4xx_adc.o
 .debug_aranges
                0x00000cf0       0xb0 obj\debug\libs\stm32 board\spl\src\stm32f4xx_dma.o
 .debug_aranges
                0x00000da0       0x58 obj\debug\libs\stm32 board\spl\src\stm32f4xx_exti.o
 .debug_aranges
                0x00000df8       0x88 obj\debug\libs\stm32 board\spl\src\stm32f4xx_gpio.o
 .debug_aranges
                0x00000e80      0x130 obj\debug\libs\stm32 board\spl\src\stm32f4xx_i2c.o
 .debug_aranges
                0x00000fb0      0x178 obj\debug\libs\stm32 board\spl\src\stm32f4xx_rcc.o
 .debug_aranges
                0x00001128       0xe0 obj\debug\libs\stm32 board\spl\src\stm32f4xx_spi.o
 .debug_aranges
                0x00001208       0x48 obj\debug\libs\stm32 board\spl\src\stm32f4xx_syscfg.o
 .debug_aranges
                0x00001250      0x2f8 obj\debug\libs\stm32 board\spl\src\stm32f4xx_tim.o
 .debug_aranges
                0x00001548       0x20 obj\debug\libs\stm32 board\src\startup_stm32f4xx.o
 .debug_aranges
                0x00001568       0x30 obj\debug\libs\stm32 board\src\system_stm32f4xx.o
 .debug_aranges
                0x00001598       0x48 obj\debug\main.o
 .debug_aranges
                0x000015e0       0x50 obj\debug\timer.o

.debug_ranges   0x00000000     0x13d0
 .debug_ranges  0x00000000       0x18 obj\debug\custommovement.o
 .debug_ranges  0x00000018       0x78 obj\debug\libs\display\src\st7735.o
 .debug_ranges  0x00000090      0x120 obj\debug\libs\display\src\stm32_adafruit_lcd.o
 .debug_ranges  0x000001b0       0x18 obj\debug\libs\freertos\freertos_glue.o
 .debug_ranges  0x000001c8       0x28 obj\debug\libs\freertos\source\heap_1.o
 .debug_ranges  0x000001f0       0x30 obj\debug\libs\freertos\source\list.o
 .debug_ranges  0x00000220       0x70 obj\debug\libs\freertos\source\portable\port.o
 .debug_ranges  0x00000290      0x108 obj\debug\libs\freertos\source\queue.o
 .debug_ranges  0x00000398      0x1e0 obj\debug\libs\freertos\source\tasks.o
 .debug_ranges  0x00000578       0xa8 obj\debug\libs\freertos\source\timers.o
 .debug_ranges  0x00000620       0x50 obj\debug\libs\hal\src\em_i2c.o
 .debug_ranges  0x00000670       0x68 obj\debug\libs\hal\src\em_interrupts.o
 .debug_ranges  0x000006d8       0x60 obj\debug\libs\nnxt\src\nnxt_display_glue.o
 .debug_ranges  0x00000738       0x20 obj\debug\libs\nnxt\src\nnxt_filter.o
 .debug_ranges  0x00000758       0x30 obj\debug\libs\nnxt\src\nnxt_i2c.o
 .debug_ranges  0x00000788       0x30 obj\debug\libs\nnxt\src\nnxt_misc.o
 .debug_ranges  0x000007b8       0x38 obj\debug\libs\nnxt\src\nnxt_motors.o
 .debug_ranges  0x000007f0       0x68 obj\debug\libs\nnxt\src\nnxt_onboardperiph.o
 .debug_ranges  0x00000858       0x10 obj\debug\libs\nnxt\src\nnxt_os_glue.o
 .debug_ranges  0x00000868       0xa8 obj\debug\libs\nnxt\src\nnxt_sdcard_glue.o
 .debug_ranges  0x00000910       0x50 obj\debug\libs\nnxt\src\nnxt_sensors.o
 .debug_ranges  0x00000960       0x30 obj\debug\libs\nnxt\src\nnxt_startup.o
 .debug_ranges  0x00000990       0x68 obj\debug\libs\spi\src\spidevice.o
 .debug_ranges  0x000009f8       0x30 obj\debug\libs\stm32 board\spl\src\misc.o
 .debug_ranges  0x00000a28      0x138 obj\debug\libs\stm32 board\spl\src\stm32f4xx_adc.o
 .debug_ranges  0x00000b60       0xa0 obj\debug\libs\stm32 board\spl\src\stm32f4xx_dma.o
 .debug_ranges  0x00000c00       0x48 obj\debug\libs\stm32 board\spl\src\stm32f4xx_exti.o
 .debug_ranges  0x00000c48       0x78 obj\debug\libs\stm32 board\spl\src\stm32f4xx_gpio.o
 .debug_ranges  0x00000cc0      0x120 obj\debug\libs\stm32 board\spl\src\stm32f4xx_i2c.o
 .debug_ranges  0x00000de0      0x168 obj\debug\libs\stm32 board\spl\src\stm32f4xx_rcc.o
 .debug_ranges  0x00000f48       0xd0 obj\debug\libs\stm32 board\spl\src\stm32f4xx_spi.o
 .debug_ranges  0x00001018       0x38 obj\debug\libs\stm32 board\spl\src\stm32f4xx_syscfg.o
 .debug_ranges  0x00001050      0x2e8 obj\debug\libs\stm32 board\spl\src\stm32f4xx_tim.o
 .debug_ranges  0x00001338       0x20 obj\debug\libs\stm32 board\src\system_stm32f4xx.o
 .debug_ranges  0x00001358       0x38 obj\debug\main.o
 .debug_ranges  0x00001390       0x40 obj\debug\timer.o

.debug_macro    0x00000000    0x18b85
 .debug_macro   0x00000000      0x307 obj\debug\custommovement.o
 .debug_macro   0x00000307      0x8b0 obj\debug\custommovement.o
 .debug_macro   0x00000bb7       0x22 obj\debug\custommovement.o
 .debug_macro   0x00000bd9       0x87 obj\debug\custommovement.o
 .debug_macro   0x00000c60       0x44 obj\debug\custommovement.o
 .debug_macro   0x00000ca4       0xfd obj\debug\custommovement.o
 .debug_macro   0x00000da1       0x5e obj\debug\custommovement.o
 .debug_macro   0x00000dff      0x1df obj\debug\custommovement.o
 .debug_macro   0x00000fde       0x65 obj\debug\custommovement.o
 .debug_macro   0x00001043       0x35 obj\debug\custommovement.o
 .debug_macro   0x00001078       0x18 obj\debug\custommovement.o
 .debug_macro   0x00001090       0x42 obj\debug\custommovement.o
 .debug_macro   0x000010d2      0x8cb obj\debug\custommovement.o
 .debug_macro   0x0000199d     0x9159 obj\debug\custommovement.o
 .debug_macro   0x0000aaf6      0x44e obj\debug\custommovement.o
 .debug_macro   0x0000af44      0x3cf obj\debug\custommovement.o
 .debug_macro   0x0000b313      0x111 obj\debug\custommovement.o
 .debug_macro   0x0000b424      0x182 obj\debug\custommovement.o
 .debug_macro   0x0000b5a6       0xb2 obj\debug\custommovement.o
 .debug_macro   0x0000b658      0x146 obj\debug\custommovement.o
 .debug_macro   0x0000b79e      0x477 obj\debug\custommovement.o
 .debug_macro   0x0000bc15       0xac obj\debug\custommovement.o
 .debug_macro   0x0000bcc1      0x241 obj\debug\custommovement.o
 .debug_macro   0x0000bf02      0x279 obj\debug\custommovement.o
 .debug_macro   0x0000c17b       0xb5 obj\debug\custommovement.o
 .debug_macro   0x0000c230      0x2ba obj\debug\custommovement.o
 .debug_macro   0x0000c4ea       0x64 obj\debug\custommovement.o
 .debug_macro   0x0000c54e       0xa6 obj\debug\custommovement.o
 .debug_macro   0x0000c5f4      0x538 obj\debug\custommovement.o
 .debug_macro   0x0000cb2c       0x40 obj\debug\custommovement.o
 .debug_macro   0x0000cb6c      0x57a obj\debug\custommovement.o
 .debug_macro   0x0000d0e6      0x341 obj\debug\custommovement.o
 .debug_macro   0x0000d427      0x36a obj\debug\custommovement.o
 .debug_macro   0x0000d791       0xdf obj\debug\custommovement.o
 .debug_macro   0x0000d870      0x73b obj\debug\custommovement.o
 .debug_macro   0x0000dfab      0x220 obj\debug\custommovement.o
 .debug_macro   0x0000e1cb       0x34 obj\debug\custommovement.o
 .debug_macro   0x0000e1ff       0x7f obj\debug\custommovement.o
 .debug_macro   0x0000e27e       0x35 obj\debug\custommovement.o
 .debug_macro   0x0000e2b3      0x25f obj\debug\custommovement.o
 .debug_macro   0x0000e512       0x2e obj\debug\custommovement.o
 .debug_macro   0x0000e540       0x10 obj\debug\custommovement.o
 .debug_macro   0x0000e550      0x814 obj\debug\custommovement.o
 .debug_macro   0x0000ed64       0x2e obj\debug\custommovement.o
 .debug_macro   0x0000ed92      0x1bf obj\debug\custommovement.o
 .debug_macro   0x0000ef51       0x10 obj\debug\custommovement.o
 .debug_macro   0x0000ef61       0x65 obj\debug\custommovement.o
 .debug_macro   0x0000efc6       0x35 obj\debug\custommovement.o
 .debug_macro   0x0000effb      0x174 obj\debug\custommovement.o
 .debug_macro   0x0000f16f      0x116 obj\debug\custommovement.o
 .debug_macro   0x0000f285      0x168 obj\debug\custommovement.o
 .debug_macro   0x0000f3ed       0xeb obj\debug\custommovement.o
 .debug_macro   0x0000f4d8       0x10 obj\debug\custommovement.o
 .debug_macro   0x0000f4e8       0x1f obj\debug\custommovement.o
 .debug_macro   0x0000f507      0x3e5 obj\debug\custommovement.o
 .debug_macro   0x0000f8ec       0x94 obj\debug\custommovement.o
 .debug_macro   0x0000f980       0x78 obj\debug\custommovement.o
 .debug_macro   0x0000f9f8       0xc0 obj\debug\custommovement.o
 .debug_macro   0x0000fab8       0x8c obj\debug\custommovement.o
 .debug_macro   0x0000fb44       0x4c obj\debug\custommovement.o
 .debug_macro   0x0000fb90       0x73 obj\debug\libs\display\src\font12.o
 .debug_macro   0x0000fc03       0x73 obj\debug\libs\display\src\font24.o
 .debug_macro   0x0000fc76       0xbb obj\debug\libs\display\src\st7735.o
 .debug_macro   0x0000fd31       0x10 obj\debug\libs\display\src\st7735.o
 .debug_macro   0x0000fd41       0xc2 obj\debug\libs\display\src\stm32_adafruit_lcd.o
 .debug_macro   0x0000fe03      0x34d obj\debug\libs\freertos\freertos_glue.o
 .debug_macro   0x00010150      0x265 obj\debug\libs\freertos\freertos_glue.o
 .debug_macro   0x000103b5      0x735 obj\debug\libs\freertos\freertos_glue.o
 .debug_macro   0x00010aea       0x2f obj\debug\libs\freertos\freertos_glue.o
 .debug_macro   0x00010b19       0x34 obj\debug\libs\freertos\freertos_glue.o
 .debug_macro   0x00010b4d       0x52 obj\debug\libs\freertos\freertos_glue.o
 .debug_macro   0x00010b9f      0x30d obj\debug\libs\freertos\freertos_glue.o
 .debug_macro   0x00010eac       0x25 obj\debug\libs\freertos\freertos_glue.o
 .debug_macro   0x00010ed1      0x118 obj\debug\libs\freertos\freertos_glue.o
 .debug_macro   0x00010fe9      0x1ad obj\debug\libs\freertos\source\heap_1.o
 .debug_macro   0x00011196      0x18c obj\debug\libs\freertos\source\list.o
 .debug_macro   0x00011322      0x1ae obj\debug\libs\freertos\source\portable\port.o
 .debug_macro   0x000114d0      0x1fe obj\debug\libs\freertos\source\queue.o
 .debug_macro   0x000116ce       0x16 obj\debug\libs\freertos\source\queue.o
 .debug_macro   0x000116e4       0x35 obj\debug\libs\freertos\source\queue.o
 .debug_macro   0x00011719      0x261 obj\debug\libs\freertos\source\tasks.o
 .debug_macro   0x0001197a       0x11 obj\debug\libs\freertos\source\tasks.o
 .debug_macro   0x0001198b      0x1c9 obj\debug\libs\freertos\source\timers.o
 .debug_macro   0x00011b54      0x31f obj\debug\libs\hal\src\em_i2c.o
 .debug_macro   0x00011e73      0x2b4 obj\debug\libs\hal\src\em_i2c.o
 .debug_macro   0x00012127       0xf4 obj\debug\libs\hal\src\em_i2c.o
 .debug_macro   0x0001221b       0x16 obj\debug\libs\hal\src\em_i2c.o
 .debug_macro   0x00012231       0x97 obj\debug\libs\hal\src\em_i2c.o
 .debug_macro   0x000122c8       0xfd obj\debug\libs\hal\src\em_i2c.o
 .debug_macro   0x000123c5       0x10 obj\debug\libs\hal\src\em_i2c.o
 .debug_macro   0x000123d5       0x10 obj\debug\libs\hal\src\em_i2c.o
 .debug_macro   0x000123e5       0x1c obj\debug\libs\hal\src\em_i2c.o
 .debug_macro   0x00012401       0x52 obj\debug\libs\hal\src\em_i2c.o
 .debug_macro   0x00012453       0x40 obj\debug\libs\hal\src\em_i2c.o
 .debug_macro   0x00012493       0x10 obj\debug\libs\hal\src\em_i2c.o
 .debug_macro   0x000124a3       0x40 obj\debug\libs\hal\src\em_i2c.o
 .debug_macro   0x000124e3       0xd7 obj\debug\libs\hal\src\em_i2c.o
 .debug_macro   0x000125ba       0x16 obj\debug\libs\hal\src\em_i2c.o
 .debug_macro   0x000125d0      0x189 obj\debug\libs\hal\src\em_i2c.o
 .debug_macro   0x00012759      0x310 obj\debug\libs\hal\src\em_interrupts.o
 .debug_macro   0x00012a69      0x34f obj\debug\libs\nnxt\src\nnxt_display_glue.o
 .debug_macro   0x00012db8       0x10 obj\debug\libs\nnxt\src\nnxt_display_glue.o
 .debug_macro   0x00012dc8       0xad obj\debug\libs\nnxt\src\nnxt_filter.o
 .debug_macro   0x00012e75       0x82 obj\debug\libs\nnxt\src\nnxt_filter.o
 .debug_macro   0x00012ef7      0x45d obj\debug\libs\nnxt\src\nnxt_filter.o
 .debug_macro   0x00013354      0x308 obj\debug\libs\nnxt\src\nnxt_i2c.o
 .debug_macro   0x0001365c       0x22 obj\debug\libs\nnxt\src\nnxt_i2c.o
 .debug_macro   0x0001367e      0x302 obj\debug\libs\nnxt\src\nnxt_misc.o
 .debug_macro   0x00013980      0x1e5 obj\debug\libs\nnxt\src\nnxt_motors.o
 .debug_macro   0x00013b65      0x2c7 obj\debug\libs\nnxt\src\nnxt_onboardperiph.o
 .debug_macro   0x00013e2c      0x80e obj\debug\libs\nnxt\src\nnxt_onboardperiph.o
 .debug_macro   0x0001463a      0x2ac obj\debug\libs\nnxt\src\nnxt_os_glue.o
 .debug_macro   0x000148e6      0x371 obj\debug\libs\nnxt\src\nnxt_sdcard_glue.o
 .debug_macro   0x00014c57       0xf8 obj\debug\libs\nnxt\src\nnxt_sdcard_glue.o
 .debug_macro   0x00014d4f       0xf5 obj\debug\libs\nnxt\src\nnxt_sdcard_glue.o
 .debug_macro   0x00014e44       0xac obj\debug\libs\nnxt\src\nnxt_sdcard_glue.o
 .debug_macro   0x00014ef0      0x3a1 obj\debug\libs\nnxt\src\nnxt_sensors.o
 .debug_macro   0x00015291      0x1e1 obj\debug\libs\nnxt\src\nnxt_sensors.o
 .debug_macro   0x00015472       0x10 obj\debug\libs\nnxt\src\nnxt_sensors.o
 .debug_macro   0x00015482      0x356 obj\debug\libs\nnxt\src\nnxt_startup.o
 .debug_macro   0x000157d8      0x11c obj\debug\libs\nnxt\src\nnxt_startup.o
 .debug_macro   0x000158f4      0x2df obj\debug\libs\spi\src\spidevice.o
 .debug_macro   0x00015bd3      0x364 obj\debug\libs\spi\src\spidevice.o
 .debug_macro   0x00015f37      0x1c6 obj\debug\libs\stm32 board\spl\src\misc.o
 .debug_macro   0x000160fd       0x79 obj\debug\libs\stm32 board\spl\src\misc.o
 .debug_macro   0x00016176      0x247 obj\debug\libs\stm32 board\spl\src\stm32f4xx_adc.o
 .debug_macro   0x000163bd      0x3c9 obj\debug\libs\stm32 board\spl\src\stm32f4xx_adc.o
 .debug_macro   0x00016786      0x214 obj\debug\libs\stm32 board\spl\src\stm32f4xx_dma.o
 .debug_macro   0x0001699a      0x471 obj\debug\libs\stm32 board\spl\src\stm32f4xx_dma.o
 .debug_macro   0x00016e0b      0x1c6 obj\debug\libs\stm32 board\spl\src\stm32f4xx_exti.o
 .debug_macro   0x00016fd1       0xa6 obj\debug\libs\stm32 board\spl\src\stm32f4xx_exti.o
 .debug_macro   0x00017077      0x1c0 obj\debug\libs\stm32 board\spl\src\stm32f4xx_gpio.o
 .debug_macro   0x00017237      0x1d2 obj\debug\libs\stm32 board\spl\src\stm32f4xx_i2c.o
 .debug_macro   0x00017409      0x268 obj\debug\libs\stm32 board\spl\src\stm32f4xx_rcc.o
 .debug_macro   0x00017671      0x532 obj\debug\libs\stm32 board\spl\src\stm32f4xx_rcc.o
 .debug_macro   0x00017ba3      0x1eb obj\debug\libs\stm32 board\spl\src\stm32f4xx_spi.o
 .debug_macro   0x00017d8e      0x1ea obj\debug\libs\stm32 board\spl\src\stm32f4xx_syscfg.o
 .debug_macro   0x00017f78       0xd9 obj\debug\libs\stm32 board\spl\src\stm32f4xx_syscfg.o
 .debug_macro   0x00018051      0x1ea obj\debug\libs\stm32 board\spl\src\stm32f4xx_tim.o
 .debug_macro   0x0001823b      0x1e7 obj\debug\libs\stm32 board\src\system_stm32f4xx.o
 .debug_macro   0x00018422      0x45b obj\debug\main.o
 .debug_macro   0x0001887d      0x308 obj\debug\timer.o

.debug_line     0x00000000    0x10382
 .debug_line    0x00000000      0x6a9 obj\debug\custommovement.o
 .debug_line    0x000006a9      0x1af obj\debug\libs\display\src\font12.o
 .debug_line    0x00000858      0x1af obj\debug\libs\display\src\font24.o
 .debug_line    0x00000a07      0x3d1 obj\debug\libs\display\src\st7735.o
 .debug_line    0x00000dd8      0x656 obj\debug\libs\display\src\stm32_adafruit_lcd.o
 .debug_line    0x0000142e      0x739 obj\debug\libs\freertos\freertos_glue.o
 .debug_line    0x00001b67      0x3a9 obj\debug\libs\freertos\source\heap_1.o
 .debug_line    0x00001f10      0x3b1 obj\debug\libs\freertos\source\list.o
 .debug_line    0x000022c1      0x4b3 obj\debug\libs\freertos\source\portable\port.o
 .debug_line    0x00002774      0xb3f obj\debug\libs\freertos\source\queue.o
 .debug_line    0x000032b3      0xfce obj\debug\libs\freertos\source\tasks.o
 .debug_line    0x00004281      0x6a1 obj\debug\libs\freertos\source\timers.o
 .debug_line    0x00004922      0x6f8 obj\debug\libs\hal\src\em_i2c.o
 .debug_line    0x0000501a      0x7b1 obj\debug\libs\hal\src\em_interrupts.o
 .debug_line    0x000057cb      0x794 obj\debug\libs\nnxt\src\nnxt_display_glue.o
 .debug_line    0x00005f5f      0x24b obj\debug\libs\nnxt\src\nnxt_filter.o
 .debug_line    0x000061aa      0x719 obj\debug\libs\nnxt\src\nnxt_i2c.o
 .debug_line    0x000068c3      0x7b1 obj\debug\libs\nnxt\src\nnxt_misc.o
 .debug_line    0x00007074      0x5aa obj\debug\libs\nnxt\src\nnxt_motors.o
 .debug_line    0x0000761e      0x74b obj\debug\libs\nnxt\src\nnxt_onboardperiph.o
 .debug_line    0x00007d69      0x5f9 obj\debug\libs\nnxt\src\nnxt_os_glue.o
 .debug_line    0x00008362      0x9f1 obj\debug\libs\nnxt\src\nnxt_sdcard_glue.o
 .debug_line    0x00008d53      0x864 obj\debug\libs\nnxt\src\nnxt_sensors.o
 .debug_line    0x000095b7      0x8b2 obj\debug\libs\nnxt\src\nnxt_startup.o
 .debug_line    0x00009e69      0x847 obj\debug\libs\spi\src\spidevice.o
 .debug_line    0x0000a6b0      0x4c8 obj\debug\libs\stm32 board\spl\src\misc.o
 .debug_line    0x0000ab78      0x7de obj\debug\libs\stm32 board\spl\src\stm32f4xx_adc.o
 .debug_line    0x0000b356      0x6ab obj\debug\libs\stm32 board\spl\src\stm32f4xx_dma.o
 .debug_line    0x0000ba01      0x521 obj\debug\libs\stm32 board\spl\src\stm32f4xx_exti.o